[0.070s] DEBUG:colcon:Command line arguments: ['/usr/bin/colcon', 'build', '--packages-select', 'zed_interfaces', 'zed_heading_publisher', '--symlink-install']
[0.071s] DEBUG:colcon:Parsed command line arguments: Namespace(log_base=None, log_level=None, verb_name='build', build_base='build', install_base='install', merge_install=False, symlink_install=True, test_result_base=None, continue_on_error=False, executor='parallel', parallel_workers=16, event_handlers=None, ignore_user_meta=False, metas=['./colcon.meta'], base_paths=['.'], packages_ignore=None, packages_ignore_regex=None, paths=None, packages_up_to=None, packages_up_to_regex=None, packages_above=None, packages_above_and_dependencies=None, packages_above_depth=None, packages_select_by_dep=None, packages_skip_by_dep=None, packages_skip_up_to=None, packages_select_build_failed=False, packages_skip_build_finished=False, packages_select_test_failures=False, packages_skip_test_passed=False, packages_select=['zed_interfaces', 'zed_heading_publisher'], packages_skip=None, packages_select_regex=None, packages_skip_regex=None, packages_start=None, packages_end=None, allow_overriding=[], cmake_args=None, cmake_target=None, cmake_target_skip_unavailable=False, cmake_clean_cache=False, cmake_clean_first=False, cmake_force_configure=False, ament_cmake_args=None, catkin_cmake_args=None, catkin_skip_building_tests=False, mixin_files=None, mixin=None, verb_parser=<colcon_mixin.mixin.mixin_argument.MixinArgumentDecorator object at 0x7fb0da16c860>, verb_extension=<colcon_core.verb.build.BuildVerb object at 0x7fb0dae731d0>, main=<bound method BuildVerb.main of <colcon_core.verb.build.BuildVerb object at 0x7fb0dae731d0>>, mixin_verb=('build',))
[0.098s] Level 1:colcon.colcon_core.package_discovery:discover_packages(colcon_meta) check parameters
[0.098s] Level 1:colcon.colcon_core.package_discovery:discover_packages(recursive) check parameters
[0.098s] Level 1:colcon.colcon_core.package_discovery:discover_packages(ignore) check parameters
[0.098s] Level 1:colcon.colcon_core.package_discovery:discover_packages(path) check parameters
[0.098s] Level 1:colcon.colcon_core.package_discovery:discover_packages(colcon_meta) discover
[0.098s] Level 1:colcon.colcon_core.package_discovery:discover_packages(recursive) discover
[0.098s] INFO:colcon.colcon_core.package_discovery:Crawling recursively for packages in '/home/keisuke-kawanishi/robotics/public/mobile_robot_system'
[0.098s] Level 1:colcon.colcon_core.package_identification:_identify(.) by extensions ['ignore', 'ignore_ament_install']
[0.098s] Level 1:colcon.colcon_core.package_identification:_identify(.) by extension 'ignore'
[0.098s] Level 1:colcon.colcon_core.package_identification:_identify(.) by extension 'ignore_ament_install'
[0.098s] Level 1:colcon.colcon_core.package_identification:_identify(.) by extensions ['colcon_pkg']
[0.099s] Level 1:colcon.colcon_core.package_identification:_identify(.) by extension 'colcon_pkg'
[0.099s] Level 1:colcon.colcon_core.package_identification:_identify(.) by extensions ['colcon_meta']
[0.099s] Level 1:colcon.colcon_core.package_identification:_identify(.) by extension 'colcon_meta'
[0.099s] Level 1:colcon.colcon_core.package_identification:_identify(.) by extensions ['ros']
[0.099s] Level 1:colcon.colcon_core.package_identification:_identify(.) by extension 'ros'
[0.117s] Level 1:colcon.colcon_core.package_identification:_identify(.) by extensions ['cmake', 'python']
[0.117s] Level 1:colcon.colcon_core.package_identification:_identify(.) by extension 'cmake'
[0.117s] Level 1:colcon.colcon_core.package_identification:_identify(.) by extension 'python'
[0.117s] Level 1:colcon.colcon_core.package_identification:_identify(.) by extensions ['python_setup_py']
[0.117s] Level 1:colcon.colcon_core.package_identification:_identify(.) by extension 'python_setup_py'
[0.117s] Level 1:colcon.colcon_core.package_identification:_identify(build) by extensions ['ignore', 'ignore_ament_install']
[0.117s] Level 1:colcon.colcon_core.package_identification:_identify(build) by extension 'ignore'
[0.117s] Level 1:colcon.colcon_core.package_identification:_identify(build) ignored
[0.117s] Level 1:colcon.colcon_core.package_identification:_identify(install) by extensions ['ignore', 'ignore_ament_install']
[0.117s] Level 1:colcon.colcon_core.package_identification:_identify(install) by extension 'ignore'
[0.117s] Level 1:colcon.colcon_core.package_identification:_identify(install) ignored
[0.117s] Level 1:colcon.colcon_core.package_identification:_identify(log) by extensions ['ignore', 'ignore_ament_install']
[0.117s] Level 1:colcon.colcon_core.package_identification:_identify(log) by extension 'ignore'
[0.117s] Level 1:colcon.colcon_core.package_identification:_identify(log) ignored
[0.117s] Level 1:colcon.colcon_core.package_identification:_identify(src) by extensions ['ignore', 'ignore_ament_install']
[0.118s] Level 1:colcon.colcon_core.package_identification:_identify(src) by extension 'ignore'
[0.118s] Level 1:colcon.colcon_core.package_identification:_identify(src) by extension 'ignore_ament_install'
[0.118s] Level 1:colcon.colcon_core.package_identification:_identify(src) by extensions ['colcon_pkg']
[0.118s] Level 1:colcon.colcon_core.package_identification:_identify(src) by extension 'colcon_pkg'
[0.118s] Level 1:colcon.colcon_core.package_identification:_identify(src) by extensions ['colcon_meta']
[0.118s] Level 1:colcon.colcon_core.package_identification:_identify(src) by extension 'colcon_meta'
[0.118s] Level 1:colcon.colcon_core.package_identification:_identify(src) by extensions ['ros']
[0.118s] Level 1:colcon.colcon_core.package_identification:_identify(src) by extension 'ros'
[0.118s] Level 1:colcon.colcon_core.package_identification:_identify(src) by extensions ['cmake', 'python']
[0.118s] Level 1:colcon.colcon_core.package_identification:_identify(src) by extension 'cmake'
[0.118s] Level 1:colcon.colcon_core.package_identification:_identify(src) by extension 'python'
[0.118s] Level 1:colcon.colcon_core.package_identification:_identify(src) by extensions ['python_setup_py']
[0.118s] Level 1:colcon.colcon_core.package_identification:_identify(src) by extension 'python_setup_py'
[0.118s] Level 1:colcon.colcon_core.package_identification:_identify(src/aruco_distance_publisher) by extensions ['ignore', 'ignore_ament_install']
[0.118s] Level 1:colcon.colcon_core.package_identification:_identify(src/aruco_distance_publisher) by extension 'ignore'
[0.118s] Level 1:colcon.colcon_core.package_identification:_identify(src/aruco_distance_publisher) by extension 'ignore_ament_install'
[0.118s] Level 1:colcon.colcon_core.package_identification:_identify(src/aruco_distance_publisher) by extensions ['colcon_pkg']
[0.118s] Level 1:colcon.colcon_core.package_identification:_identify(src/aruco_distance_publisher) by extension 'colcon_pkg'
[0.118s] Level 1:colcon.colcon_core.package_identification:_identify(src/aruco_distance_publisher) by extensions ['colcon_meta']
[0.118s] Level 1:colcon.colcon_core.package_identification:_identify(src/aruco_distance_publisher) by extension 'colcon_meta'
[0.118s] Level 1:colcon.colcon_core.package_identification:_identify(src/aruco_distance_publisher) by extensions ['ros']
[0.118s] Level 1:colcon.colcon_core.package_identification:_identify(src/aruco_distance_publisher) by extension 'ros'
[0.120s] DEBUG:colcon.colcon_core.package_identification:Package 'src/aruco_distance_publisher' with type 'ros.ament_python' and name 'aruco_distance_publisher'
[0.120s] Level 1:colcon.colcon_core.package_identification:_identify(src/aruco_interfaces) by extensions ['ignore', 'ignore_ament_install']
[0.120s] Level 1:colcon.colcon_core.package_identification:_identify(src/aruco_interfaces) by extension 'ignore'
[0.120s] Level 1:colcon.colcon_core.package_identification:_identify(src/aruco_interfaces) by extension 'ignore_ament_install'
[0.120s] Level 1:colcon.colcon_core.package_identification:_identify(src/aruco_interfaces) by extensions ['colcon_pkg']
[0.120s] Level 1:colcon.colcon_core.package_identification:_identify(src/aruco_interfaces) by extension 'colcon_pkg'
[0.120s] Level 1:colcon.colcon_core.package_identification:_identify(src/aruco_interfaces) by extensions ['colcon_meta']
[0.120s] Level 1:colcon.colcon_core.package_identification:_identify(src/aruco_interfaces) by extension 'colcon_meta'
[0.120s] Level 1:colcon.colcon_core.package_identification:_identify(src/aruco_interfaces) by extensions ['ros']
[0.120s] Level 1:colcon.colcon_core.package_identification:_identify(src/aruco_interfaces) by extension 'ros'
[0.120s] DEBUG:colcon.colcon_core.package_identification:Package 'src/aruco_interfaces' with type 'ros.ament_cmake' and name 'aruco_interfaces'
[0.120s] Level 1:colcon.colcon_core.package_identification:_identify(src/locomotion_core) by extensions ['ignore', 'ignore_ament_install']
[0.120s] Level 1:colcon.colcon_core.package_identification:_identify(src/locomotion_core) by extension 'ignore'
[0.120s] Level 1:colcon.colcon_core.package_identification:_identify(src/locomotion_core) by extension 'ignore_ament_install'
[0.121s] Level 1:colcon.colcon_core.package_identification:_identify(src/locomotion_core) by extensions ['colcon_pkg']
[0.121s] Level 1:colcon.colcon_core.package_identification:_identify(src/locomotion_core) by extension 'colcon_pkg'
[0.121s] Level 1:colcon.colcon_core.package_identification:_identify(src/locomotion_core) by extensions ['colcon_meta']
[0.121s] Level 1:colcon.colcon_core.package_identification:_identify(src/locomotion_core) by extension 'colcon_meta'
[0.121s] Level 1:colcon.colcon_core.package_identification:_identify(src/locomotion_core) by extensions ['ros']
[0.121s] Level 1:colcon.colcon_core.package_identification:_identify(src/locomotion_core) by extension 'ros'
[0.121s] DEBUG:colcon.colcon_core.package_identification:Package 'src/locomotion_core' with type 'ros.ament_python' and name 'locomotion_core'
[0.121s] Level 1:colcon.colcon_core.package_identification:_identify(src/uwb_interfaces) by extensions ['ignore', 'ignore_ament_install']
[0.121s] Level 1:colcon.colcon_core.package_identification:_identify(src/uwb_interfaces) by extension 'ignore'
[0.121s] Level 1:colcon.colcon_core.package_identification:_identify(src/uwb_interfaces) by extension 'ignore_ament_install'
[0.121s] Level 1:colcon.colcon_core.package_identification:_identify(src/uwb_interfaces) by extensions ['colcon_pkg']
[0.121s] Level 1:colcon.colcon_core.package_identification:_identify(src/uwb_interfaces) by extension 'colcon_pkg'
[0.121s] Level 1:colcon.colcon_core.package_identification:_identify(src/uwb_interfaces) by extensions ['colcon_meta']
[0.121s] Level 1:colcon.colcon_core.package_identification:_identify(src/uwb_interfaces) by extension 'colcon_meta'
[0.121s] Level 1:colcon.colcon_core.package_identification:_identify(src/uwb_interfaces) by extensions ['ros']
[0.121s] Level 1:colcon.colcon_core.package_identification:_identify(src/uwb_interfaces) by extension 'ros'
[0.121s] DEBUG:colcon.colcon_core.package_identification:Package 'src/uwb_interfaces' with type 'ros.ament_cmake' and name 'uwb_interfaces'
[0.122s] Level 1:colcon.colcon_core.package_identification:_identify(src/uwb_position_publisher) by extensions ['ignore', 'ignore_ament_install']
[0.122s] Level 1:colcon.colcon_core.package_identification:_identify(src/uwb_position_publisher) by extension 'ignore'
[0.122s] Level 1:colcon.colcon_core.package_identification:_identify(src/uwb_position_publisher) by extension 'ignore_ament_install'
[0.122s] Level 1:colcon.colcon_core.package_identification:_identify(src/uwb_position_publisher) by extensions ['colcon_pkg']
[0.122s] Level 1:colcon.colcon_core.package_identification:_identify(src/uwb_position_publisher) by extension 'colcon_pkg'
[0.122s] Level 1:colcon.colcon_core.package_identification:_identify(src/uwb_position_publisher) by extensions ['colcon_meta']
[0.122s] Level 1:colcon.colcon_core.package_identification:_identify(src/uwb_position_publisher) by extension 'colcon_meta'
[0.122s] Level 1:colcon.colcon_core.package_identification:_identify(src/uwb_position_publisher) by extensions ['ros']
[0.122s] Level 1:colcon.colcon_core.package_identification:_identify(src/uwb_position_publisher) by extension 'ros'
[0.122s] DEBUG:colcon.colcon_core.package_identification:Package 'src/uwb_position_publisher' with type 'ros.ament_python' and name 'uwb_position_publisher'
[0.122s] Level 1:colcon.colcon_core.package_identification:_identify(src/uwb_position_zed_pose_ctrl) by extensions ['ignore', 'ignore_ament_install']
[0.122s] Level 1:colcon.colcon_core.package_identification:_identify(src/uwb_position_zed_pose_ctrl) by extension 'ignore'
[0.122s] Level 1:colcon.colcon_core.package_identification:_identify(src/uwb_position_zed_pose_ctrl) by extension 'ignore_ament_install'
[0.122s] Level 1:colcon.colcon_core.package_identification:_identify(src/uwb_position_zed_pose_ctrl) by extensions ['colcon_pkg']
[0.122s] Level 1:colcon.colcon_core.package_identification:_identify(src/uwb_position_zed_pose_ctrl) by extension 'colcon_pkg'
[0.122s] Level 1:colcon.colcon_core.package_identification:_identify(src/uwb_position_zed_pose_ctrl) by extensions ['colcon_meta']
[0.122s] Level 1:colcon.colcon_core.package_identification:_identify(src/uwb_position_zed_pose_ctrl) by extension 'colcon_meta'
[0.122s] Level 1:colcon.colcon_core.package_identification:_identify(src/uwb_position_zed_pose_ctrl) by extensions ['ros']
[0.122s] Level 1:colcon.colcon_core.package_identification:_identify(src/uwb_position_zed_pose_ctrl) by extension 'ros'
[0.123s] DEBUG:colcon.colcon_core.package_identification:Package 'src/uwb_position_zed_pose_ctrl' with type 'ros.ament_python' and name 'uwb_position_zed_pose_ctrl'
[0.123s] Level 1:colcon.colcon_core.package_identification:_identify(src/uwb_zed_docking_bringup) by extensions ['ignore', 'ignore_ament_install']
[0.123s] Level 1:colcon.colcon_core.package_identification:_identify(src/uwb_zed_docking_bringup) by extension 'ignore'
[0.123s] Level 1:colcon.colcon_core.package_identification:_identify(src/uwb_zed_docking_bringup) by extension 'ignore_ament_install'
[0.123s] Level 1:colcon.colcon_core.package_identification:_identify(src/uwb_zed_docking_bringup) by extensions ['colcon_pkg']
[0.123s] Level 1:colcon.colcon_core.package_identification:_identify(src/uwb_zed_docking_bringup) by extension 'colcon_pkg'
[0.123s] Level 1:colcon.colcon_core.package_identification:_identify(src/uwb_zed_docking_bringup) by extensions ['colcon_meta']
[0.123s] Level 1:colcon.colcon_core.package_identification:_identify(src/uwb_zed_docking_bringup) by extension 'colcon_meta'
[0.123s] Level 1:colcon.colcon_core.package_identification:_identify(src/uwb_zed_docking_bringup) by extensions ['ros']
[0.123s] Level 1:colcon.colcon_core.package_identification:_identify(src/uwb_zed_docking_bringup) by extension 'ros'
[0.123s] DEBUG:colcon.colcon_core.package_identification:Package 'src/uwb_zed_docking_bringup' with type 'ros.ament_python' and name 'uwb_zed_docking_bringup'
[0.123s] Level 1:colcon.colcon_core.package_identification:_identify(src/vision_dist_ctrl) by extensions ['ignore', 'ignore_ament_install']
[0.123s] Level 1:colcon.colcon_core.package_identification:_identify(src/vision_dist_ctrl) by extension 'ignore'
[0.123s] Level 1:colcon.colcon_core.package_identification:_identify(src/vision_dist_ctrl) by extension 'ignore_ament_install'
[0.124s] Level 1:colcon.colcon_core.package_identification:_identify(src/vision_dist_ctrl) by extensions ['colcon_pkg']
[0.124s] Level 1:colcon.colcon_core.package_identification:_identify(src/vision_dist_ctrl) by extension 'colcon_pkg'
[0.124s] Level 1:colcon.colcon_core.package_identification:_identify(src/vision_dist_ctrl) by extensions ['colcon_meta']
[0.124s] Level 1:colcon.colcon_core.package_identification:_identify(src/vision_dist_ctrl) by extension 'colcon_meta'
[0.124s] Level 1:colcon.colcon_core.package_identification:_identify(src/vision_dist_ctrl) by extensions ['ros']
[0.124s] Level 1:colcon.colcon_core.package_identification:_identify(src/vision_dist_ctrl) by extension 'ros'
[0.124s] DEBUG:colcon.colcon_core.package_identification:Package 'src/vision_dist_ctrl' with type 'ros.ament_python' and name 'vision_dist_ctrl'
[0.124s] Level 1:colcon.colcon_core.package_identification:_identify(src/vision_docking_bringup) by extensions ['ignore', 'ignore_ament_install']
[0.124s] Level 1:colcon.colcon_core.package_identification:_identify(src/vision_docking_bringup) by extension 'ignore'
[0.124s] Level 1:colcon.colcon_core.package_identification:_identify(src/vision_docking_bringup) by extension 'ignore_ament_install'
[0.124s] Level 1:colcon.colcon_core.package_identification:_identify(src/vision_docking_bringup) by extensions ['colcon_pkg']
[0.124s] Level 1:colcon.colcon_core.package_identification:_identify(src/vision_docking_bringup) by extension 'colcon_pkg'
[0.124s] Level 1:colcon.colcon_core.package_identification:_identify(src/vision_docking_bringup) by extensions ['colcon_meta']
[0.124s] Level 1:colcon.colcon_core.package_identification:_identify(src/vision_docking_bringup) by extension 'colcon_meta'
[0.124s] Level 1:colcon.colcon_core.package_identification:_identify(src/vision_docking_bringup) by extensions ['ros']
[0.124s] Level 1:colcon.colcon_core.package_identification:_identify(src/vision_docking_bringup) by extension 'ros'
[0.125s] DEBUG:colcon.colcon_core.package_identification:Package 'src/vision_docking_bringup' with type 'ros.ament_python' and name 'vision_docking_bringup'
[0.125s] Level 1:colcon.colcon_core.package_identification:_identify(src/zed_heading_publisher) by extensions ['ignore', 'ignore_ament_install']
[0.125s] Level 1:colcon.colcon_core.package_identification:_identify(src/zed_heading_publisher) by extension 'ignore'
[0.125s] Level 1:colcon.colcon_core.package_identification:_identify(src/zed_heading_publisher) by extension 'ignore_ament_install'
[0.125s] Level 1:colcon.colcon_core.package_identification:_identify(src/zed_heading_publisher) by extensions ['colcon_pkg']
[0.125s] Level 1:colcon.colcon_core.package_identification:_identify(src/zed_heading_publisher) by extension 'colcon_pkg'
[0.125s] Level 1:colcon.colcon_core.package_identification:_identify(src/zed_heading_publisher) by extensions ['colcon_meta']
[0.125s] Level 1:colcon.colcon_core.package_identification:_identify(src/zed_heading_publisher) by extension 'colcon_meta'
[0.125s] Level 1:colcon.colcon_core.package_identification:_identify(src/zed_heading_publisher) by extensions ['ros']
[0.125s] Level 1:colcon.colcon_core.package_identification:_identify(src/zed_heading_publisher) by extension 'ros'
[0.125s] DEBUG:colcon.colcon_core.package_identification:Package 'src/zed_heading_publisher' with type 'ros.ament_python' and name 'zed_heading_publisher'
[0.125s] Level 1:colcon.colcon_core.package_identification:_identify(src/zed_interfaces) by extensions ['ignore', 'ignore_ament_install']
[0.125s] Level 1:colcon.colcon_core.package_identification:_identify(src/zed_interfaces) by extension 'ignore'
[0.125s] Level 1:colcon.colcon_core.package_identification:_identify(src/zed_interfaces) by extension 'ignore_ament_install'
[0.126s] Level 1:colcon.colcon_core.package_identification:_identify(src/zed_interfaces) by extensions ['colcon_pkg']
[0.126s] Level 1:colcon.colcon_core.package_identification:_identify(src/zed_interfaces) by extension 'colcon_pkg'
[0.126s] Level 1:colcon.colcon_core.package_identification:_identify(src/zed_interfaces) by extensions ['colcon_meta']
[0.126s] Level 1:colcon.colcon_core.package_identification:_identify(src/zed_interfaces) by extension 'colcon_meta'
[0.126s] Level 1:colcon.colcon_core.package_identification:_identify(src/zed_interfaces) by extensions ['ros']
[0.126s] Level 1:colcon.colcon_core.package_identification:_identify(src/zed_interfaces) by extension 'ros'
[0.126s] DEBUG:colcon.colcon_core.package_identification:Package 'src/zed_interfaces' with type 'ros.ament_cmake' and name 'zed_interfaces'
[0.126s] Level 1:colcon.colcon_core.package_identification:_identify(src/zed_wrapper_data_hub) by extensions ['ignore', 'ignore_ament_install']
[0.126s] Level 1:colcon.colcon_core.package_identification:_identify(src/zed_wrapper_data_hub) by extension 'ignore'
[0.126s] Level 1:colcon.colcon_core.package_identification:_identify(src/zed_wrapper_data_hub) by extension 'ignore_ament_install'
[0.126s] Level 1:colcon.colcon_core.package_identification:_identify(src/zed_wrapper_data_hub) by extensions ['colcon_pkg']
[0.126s] Level 1:colcon.colcon_core.package_identification:_identify(src/zed_wrapper_data_hub) by extension 'colcon_pkg'
[0.126s] Level 1:colcon.colcon_core.package_identification:_identify(src/zed_wrapper_data_hub) by extensions ['colcon_meta']
[0.126s] Level 1:colcon.colcon_core.package_identification:_identify(src/zed_wrapper_data_hub) by extension 'colcon_meta'
[0.126s] Level 1:colcon.colcon_core.package_identification:_identify(src/zed_wrapper_data_hub) by extensions ['ros']
[0.126s] Level 1:colcon.colcon_core.package_identification:_identify(src/zed_wrapper_data_hub) by extension 'ros'
[0.126s] DEBUG:colcon.colcon_core.package_identification:Package 'src/zed_wrapper_data_hub' with type 'ros.ament_python' and name 'zed_wrapper_data_hub'
[0.127s] Level 1:colcon.colcon_core.package_identification:_identify(tools) by extensions ['ignore', 'ignore_ament_install']
[0.127s] Level 1:colcon.colcon_core.package_identification:_identify(tools) by extension 'ignore'
[0.127s] Level 1:colcon.colcon_core.package_identification:_identify(tools) by extension 'ignore_ament_install'
[0.127s] Level 1:colcon.colcon_core.package_identification:_identify(tools) by extensions ['colcon_pkg']
[0.127s] Level 1:colcon.colcon_core.package_identification:_identify(tools) by extension 'colcon_pkg'
[0.127s] Level 1:colcon.colcon_core.package_identification:_identify(tools) by extensions ['colcon_meta']
[0.127s] Level 1:colcon.colcon_core.package_identification:_identify(tools) by extension 'colcon_meta'
[0.127s] Level 1:colcon.colcon_core.package_identification:_identify(tools) by extensions ['ros']
[0.127s] Level 1:colcon.colcon_core.package_identification:_identify(tools) by extension 'ros'
[0.127s] Level 1:colcon.colcon_core.package_identification:_identify(tools) by extensions ['cmake', 'python']
[0.127s] Level 1:colcon.colcon_core.package_identification:_identify(tools) by extension 'cmake'
[0.127s] Level 1:colcon.colcon_core.package_identification:_identify(tools) by extension 'python'
[0.127s] Level 1:colcon.colcon_core.package_identification:_identify(tools) by extensions ['python_setup_py']
[0.127s] Level 1:colcon.colcon_core.package_identification:_identify(tools) by extension 'python_setup_py'
[0.127s] Level 1:colcon.colcon_core.package_identification:_identify(tools/calibration) by extensions ['ignore', 'ignore_ament_install']
[0.127s] Level 1:colcon.colcon_core.package_identification:_identify(tools/calibration) by extension 'ignore'
[0.127s] Level 1:colcon.colcon_core.package_identification:_identify(tools/calibration) by extension 'ignore_ament_install'
[0.127s] Level 1:colcon.colcon_core.package_identification:_identify(tools/calibration) by extensions ['colcon_pkg']
[0.127s] Level 1:colcon.colcon_core.package_identification:_identify(tools/calibration) by extension 'colcon_pkg'
[0.127s] Level 1:colcon.colcon_core.package_identification:_identify(tools/calibration) by extensions ['colcon_meta']
[0.127s] Level 1:colcon.colcon_core.package_identification:_identify(tools/calibration) by extension 'colcon_meta'
[0.127s] Level 1:colcon.colcon_core.package_identification:_identify(tools/calibration) by extensions ['ros']
[0.127s] Level 1:colcon.colcon_core.package_identification:_identify(tools/calibration) by extension 'ros'
[0.127s] Level 1:colcon.colcon_core.package_identification:_identify(tools/calibration) by extensions ['cmake', 'python']
[0.127s] Level 1:colcon.colcon_core.package_identification:_identify(tools/calibration) by extension 'cmake'
[0.127s] Level 1:colcon.colcon_core.package_identification:_identify(tools/calibration) by extension 'python'
[0.127s] Level 1:colcon.colcon_core.package_identification:_identify(tools/calibration) by extensions ['python_setup_py']
[0.127s] Level 1:colcon.colcon_core.package_identification:_identify(tools/calibration) by extension 'python_setup_py'
[0.127s] Level 1:colcon.colcon_core.package_discovery:discover_packages(recursive) using defaults
[0.127s] Level 1:colcon.colcon_core.package_discovery:discover_packages(ignore) discover
[0.127s] Level 1:colcon.colcon_core.package_discovery:discover_packages(ignore) using defaults
[0.127s] Level 1:colcon.colcon_core.package_discovery:discover_packages(path) discover
[0.127s] Level 1:colcon.colcon_core.package_discovery:discover_packages(path) using defaults
[0.141s] INFO:colcon.colcon_core.package_selection:Skipping not selected package 'aruco_interfaces' in 'src/aruco_interfaces'
[0.141s] INFO:colcon.colcon_core.package_selection:Skipping not selected package 'locomotion_core' in 'src/locomotion_core'
[0.141s] INFO:colcon.colcon_core.package_selection:Skipping not selected package 'uwb_interfaces' in 'src/uwb_interfaces'
[0.142s] INFO:colcon.colcon_core.package_selection:Skipping not selected package 'zed_wrapper_data_hub' in 'src/zed_wrapper_data_hub'
[0.142s] INFO:colcon.colcon_core.package_selection:Skipping not selected package 'aruco_distance_publisher' in 'src/aruco_distance_publisher'
[0.142s] INFO:colcon.colcon_core.package_selection:Skipping not selected package 'uwb_position_publisher' in 'src/uwb_position_publisher'
[0.142s] INFO:colcon.colcon_core.package_selection:Skipping not selected package 'uwb_position_zed_pose_ctrl' in 'src/uwb_position_zed_pose_ctrl'
[0.142s] INFO:colcon.colcon_core.package_selection:Skipping not selected package 'vision_dist_ctrl' in 'src/vision_dist_ctrl'
[0.142s] INFO:colcon.colcon_core.package_selection:Skipping not selected package 'uwb_zed_docking_bringup' in 'src/uwb_zed_docking_bringup'
[0.142s] INFO:colcon.colcon_core.package_selection:Skipping not selected package 'vision_docking_bringup' in 'src/vision_docking_bringup'
[0.142s] Level 1:colcon.colcon_core.package_discovery:discover_packages(prefix_path) check parameters
[0.142s] Level 1:colcon.colcon_core.package_discovery:discover_packages(prefix_path) discover
[0.144s] DEBUG:colcon.colcon_installed_package_information.package_discovery:Found 290 installed packages in /opt/ros/jazzy
[0.145s] Level 1:colcon.colcon_core.package_discovery:discover_packages(prefix_path) using defaults
[0.171s] Level 5:colcon.colcon_core.verb:set package 'zed_interfaces' build argument 'cmake_args' from command line to 'None'
[0.171s] Level 5:colcon.colcon_core.verb:set package 'zed_interfaces' build argument 'cmake_target' from command line to 'None'
[0.171s] Level 5:colcon.colcon_core.verb:set package 'zed_interfaces' build argument 'cmake_target_skip_unavailable' from command line to 'False'
[0.171s] Level 5:colcon.colcon_core.verb:set package 'zed_interfaces' build argument 'cmake_clean_cache' from command line to 'False'
[0.171s] Level 5:colcon.colcon_core.verb:set package 'zed_interfaces' build argument 'cmake_clean_first' from command line to 'False'
[0.171s] Level 5:colcon.colcon_core.verb:set package 'zed_interfaces' build argument 'cmake_force_configure' from command line to 'False'
[0.171s] Level 5:colcon.colcon_core.verb:set package 'zed_interfaces' build argument 'ament_cmake_args' from command line to 'None'
[0.171s] Level 5:colcon.colcon_core.verb:set package 'zed_interfaces' build argument 'catkin_cmake_args' from command line to 'None'
[0.172s] Level 5:colcon.colcon_core.verb:set package 'zed_interfaces' build argument 'catkin_skip_building_tests' from command line to 'False'
[0.172s] DEBUG:colcon.colcon_core.verb:Building package 'zed_interfaces' with the following arguments: {'ament_cmake_args': None, 'build_base': '/home/keisuke-kawanishi/robotics/public/mobile_robot_system/build/zed_interfaces', 'catkin_cmake_args': None, 'catkin_skip_building_tests': False, 'cmake_args': None, 'cmake_clean_cache': False, 'cmake_clean_first': False, 'cmake_force_configure': False, 'cmake_target': None, 'cmake_target_skip_unavailable': False, 'install_base': '/home/keisuke-kawanishi/robotics/public/mobile_robot_system/install/zed_interfaces', 'merge_install': False, 'path': '/home/keisuke-kawanishi/robotics/public/mobile_robot_system/src/zed_interfaces', 'symlink_install': True, 'test_result_base': None}
[0.172s] Level 5:colcon.colcon_core.verb:set package 'zed_heading_publisher' build argument 'cmake_args' from command line to 'None'
[0.172s] Level 5:colcon.colcon_core.verb:set package 'zed_heading_publisher' build argument 'cmake_target' from command line to 'None'
[0.172s] Level 5:colcon.colcon_core.verb:set package 'zed_heading_publisher' build argument 'cmake_target_skip_unavailable' from command line to 'False'
[0.172s] Level 5:colcon.colcon_core.verb:set package 'zed_heading_publisher' build argument 'cmake_clean_cache' from command line to 'False'
[0.172s] Level 5:colcon.colcon_core.verb:set package 'zed_heading_publisher' build argument 'cmake_clean_first' from command line to 'False'
[0.172s] Level 5:colcon.colcon_core.verb:set package 'zed_heading_publisher' build argument 'cmake_force_configure' from command line to 'False'
[0.172s] Level 5:colcon.colcon_core.verb:set package 'zed_heading_publisher' build argument 'ament_cmake_args' from command line to 'None'
[0.172s] Level 5:colcon.colcon_core.verb:set package 'zed_heading_publisher' build argument 'catkin_cmake_args' from command line to 'None'
[0.172s] Level 5:colcon.colcon_core.verb:set package 'zed_heading_publisher' build argument 'catkin_skip_building_tests' from command line to 'False'
[0.172s] DEBUG:colcon.colcon_core.verb:Building package 'zed_heading_publisher' with the following arguments: {'ament_cmake_args': None, 'build_base': '/home/keisuke-kawanishi/robotics/public/mobile_robot_system/build/zed_heading_publisher', 'catkin_cmake_args': None, 'catkin_skip_building_tests': False, 'cmake_args': None, 'cmake_clean_cache': False, 'cmake_clean_first': False, 'cmake_force_configure': False, 'cmake_target': None, 'cmake_target_skip_unavailable': False, 'install_base': '/home/keisuke-kawanishi/robotics/public/mobile_robot_system/install/zed_heading_publisher', 'merge_install': False, 'path': '/home/keisuke-kawanishi/robotics/public/mobile_robot_system/src/zed_heading_publisher', 'symlink_install': True, 'test_result_base': None}
[0.172s] INFO:colcon.colcon_core.executor:Executing jobs using 'parallel' executor
[0.173s] DEBUG:colcon.colcon_parallel_executor.executor.parallel:run_until_complete
[0.173s] INFO:colcon.colcon_ros.task.ament_cmake.build:Building ROS package in '/home/keisuke-kawanishi/robotics/public/mobile_robot_system/src/zed_interfaces' with build type 'ament_cmake'
[0.173s] INFO:colcon.colcon_cmake.task.cmake.build:Building CMake package in '/home/keisuke-kawanishi/robotics/public/mobile_robot_system/src/zed_interfaces'
[0.174s] INFO:colcon.colcon_core.plugin_system:Skipping extension 'colcon_core.shell.bat': Not used on non-Windows systems
[0.175s] INFO:colcon.colcon_core.shell:Skip shell extension 'powershell' for command environment: Not usable outside of PowerShell
[0.175s] DEBUG:colcon.colcon_core.shell:Skip shell extension 'dsv' for command environment
[0.180s] DEBUG:colcon.colcon_core.event_handler.log_command:Invoking command in '/home/keisuke-kawanishi/robotics/public/mobile_robot_system/build/zed_interfaces': CMAKE_PREFIX_PATH=${CMAKE_PREFIX_PATH}:/opt/ros/jazzy DEBUGINFOD_URLS=https://debuginfod.ubuntu.com /usr/bin/cmake /home/keisuke-kawanishi/robotics/public/mobile_robot_system/src/zed_interfaces -DAMENT_CMAKE_SYMLINK_INSTALL=1 -DCMAKE_INSTALL_PREFIX=/home/keisuke-kawanishi/robotics/public/mobile_robot_system/install/zed_interfaces
[2.458s] DEBUG:colcon.colcon_core.event_handler.log_command:Invoked command in '/home/keisuke-kawanishi/robotics/public/mobile_robot_system/build/zed_interfaces' returned '0': CMAKE_PREFIX_PATH=${CMAKE_PREFIX_PATH}:/opt/ros/jazzy DEBUGINFOD_URLS=https://debuginfod.ubuntu.com /usr/bin/cmake /home/keisuke-kawanishi/robotics/public/mobile_robot_system/src/zed_interfaces -DAMENT_CMAKE_SYMLINK_INSTALL=1 -DCMAKE_INSTALL_PREFIX=/home/keisuke-kawanishi/robotics/public/mobile_robot_system/install/zed_interfaces
[2.459s] DEBUG:colcon.colcon_core.event_handler.log_command:Invoking command in '/home/keisuke-kawanishi/robotics/public/mobile_robot_system/build/zed_interfaces': CMAKE_PREFIX_PATH=${CMAKE_PREFIX_PATH}:/opt/ros/jazzy DEBUGINFOD_URLS=https://debuginfod.ubuntu.com /usr/bin/cmake --build /home/keisuke-kawanishi/robotics/public/mobile_robot_system/build/zed_interfaces -- -j16 -l16
[3.987s] DEBUG:colcon.colcon_core.event_handler.log_command:Invoked command in '/home/keisuke-kawanishi/robotics/public/mobile_robot_system/build/zed_interfaces' returned '0': CMAKE_PREFIX_PATH=${CMAKE_PREFIX_PATH}:/opt/ros/jazzy DEBUGINFOD_URLS=https://debuginfod.ubuntu.com /usr/bin/cmake --build /home/keisuke-kawanishi/robotics/public/mobile_robot_system/build/zed_interfaces -- -j16 -l16
[3.994s] DEBUG:colcon.colcon_core.event_handler.log_command:Invoking command in '/home/keisuke-kawanishi/robotics/public/mobile_robot_system/build/zed_interfaces': CMAKE_PREFIX_PATH=${CMAKE_PREFIX_PATH}:/opt/ros/jazzy DEBUGINFOD_URLS=https://debuginfod.ubuntu.com /usr/bin/cmake --install /home/keisuke-kawanishi/robotics/public/mobile_robot_system/build/zed_interfaces
[4.438s] Level 1:colcon.colcon_core.environment:create_environment_scripts_only(zed_interfaces)
[4.439s] DEBUG:colcon.colcon_core.event_handler.log_command:Invoked command in '/home/keisuke-kawanishi/robotics/public/mobile_robot_system/build/zed_interfaces' returned '0': CMAKE_PREFIX_PATH=${CMAKE_PREFIX_PATH}:/opt/ros/jazzy DEBUGINFOD_URLS=https://debuginfod.ubuntu.com /usr/bin/cmake --install /home/keisuke-kawanishi/robotics/public/mobile_robot_system/build/zed_interfaces
[4.440s] Level 1:colcon.colcon_core.environment:checking '/home/keisuke-kawanishi/robotics/public/mobile_robot_system/install/zed_interfaces' for CMake module files
[4.440s] Level 1:colcon.colcon_core.environment:checking '/home/keisuke-kawanishi/robotics/public/mobile_robot_system/install/zed_interfaces' for CMake config files
[4.441s] Level 1:colcon.colcon_core.shell:create_environment_hook('zed_interfaces', 'cmake_prefix_path')
[4.441s] INFO:colcon.colcon_core.shell:Creating environment hook '/home/keisuke-kawanishi/robotics/public/mobile_robot_system/install/zed_interfaces/share/zed_interfaces/hook/cmake_prefix_path.ps1'
[4.441s] INFO:colcon.colcon_core.shell:Creating environment descriptor '/home/keisuke-kawanishi/robotics/public/mobile_robot_system/install/zed_interfaces/share/zed_interfaces/hook/cmake_prefix_path.dsv'
[4.442s] INFO:colcon.colcon_core.shell:Creating environment hook '/home/keisuke-kawanishi/robotics/public/mobile_robot_system/install/zed_interfaces/share/zed_interfaces/hook/cmake_prefix_path.sh'
[4.442s] Level 1:colcon.colcon_core.environment:checking '/home/keisuke-kawanishi/robotics/public/mobile_robot_system/install/zed_interfaces/lib'
[4.442s] Level 1:colcon.colcon_core.shell:create_environment_hook('zed_interfaces', 'ld_library_path_lib')
[4.443s] INFO:colcon.colcon_core.shell:Creating environment hook '/home/keisuke-kawanishi/robotics/public/mobile_robot_system/install/zed_interfaces/share/zed_interfaces/hook/ld_library_path_lib.ps1'
[4.443s] INFO:colcon.colcon_core.shell:Creating environment descriptor '/home/keisuke-kawanishi/robotics/public/mobile_robot_system/install/zed_interfaces/share/zed_interfaces/hook/ld_library_path_lib.dsv'
[4.443s] INFO:colcon.colcon_core.shell:Creating environment hook '/home/keisuke-kawanishi/robotics/public/mobile_robot_system/install/zed_interfaces/share/zed_interfaces/hook/ld_library_path_lib.sh'
[4.443s] Level 1:colcon.colcon_core.environment:checking '/home/keisuke-kawanishi/robotics/public/mobile_robot_system/install/zed_interfaces/bin'
[4.443s] Level 1:colcon.colcon_core.environment:checking '/home/keisuke-kawanishi/robotics/public/mobile_robot_system/install/zed_interfaces/lib/pkgconfig/zed_interfaces.pc'
[4.443s] Level 1:colcon.colcon_core.environment:checking '/home/keisuke-kawanishi/robotics/public/mobile_robot_system/install/zed_interfaces/lib/python3.12/site-packages'
[4.443s] Level 1:colcon.colcon_core.shell:create_environment_hook('zed_interfaces', 'pythonpath')
[4.443s] INFO:colcon.colcon_core.shell:Creating environment hook '/home/keisuke-kawanishi/robotics/public/mobile_robot_system/install/zed_interfaces/share/zed_interfaces/hook/pythonpath.ps1'
[4.444s] INFO:colcon.colcon_core.shell:Creating environment descriptor '/home/keisuke-kawanishi/robotics/public/mobile_robot_system/install/zed_interfaces/share/zed_interfaces/hook/pythonpath.dsv'
[4.444s] INFO:colcon.colcon_core.shell:Creating environment hook '/home/keisuke-kawanishi/robotics/public/mobile_robot_system/install/zed_interfaces/share/zed_interfaces/hook/pythonpath.sh'
[4.444s] Level 1:colcon.colcon_core.environment:checking '/home/keisuke-kawanishi/robotics/public/mobile_robot_system/install/zed_interfaces/bin'
[4.444s] INFO:colcon.colcon_core.shell:Creating package script '/home/keisuke-kawanishi/robotics/public/mobile_robot_system/install/zed_interfaces/share/zed_interfaces/package.ps1'
[4.445s] INFO:colcon.colcon_core.shell:Creating package descriptor '/home/keisuke-kawanishi/robotics/public/mobile_robot_system/install/zed_interfaces/share/zed_interfaces/package.dsv'
[4.445s] INFO:colcon.colcon_core.shell:Creating package script '/home/keisuke-kawanishi/robotics/public/mobile_robot_system/install/zed_interfaces/share/zed_interfaces/package.sh'
[4.446s] INFO:colcon.colcon_core.shell:Creating package script '/home/keisuke-kawanishi/robotics/public/mobile_robot_system/install/zed_interfaces/share/zed_interfaces/package.bash'
[4.446s] INFO:colcon.colcon_core.shell:Creating package script '/home/keisuke-kawanishi/robotics/public/mobile_robot_system/install/zed_interfaces/share/zed_interfaces/package.zsh'
[4.446s] Level 1:colcon.colcon_core.environment:create_file_with_runtime_dependencies(/home/keisuke-kawanishi/robotics/public/mobile_robot_system/install/zed_interfaces/share/colcon-core/packages/zed_interfaces)
[4.447s] Level 1:colcon.colcon_core.environment:create_environment_scripts_only(zed_interfaces)
[4.447s] Level 1:colcon.colcon_core.environment:checking '/home/keisuke-kawanishi/robotics/public/mobile_robot_system/install/zed_interfaces' for CMake module files
[4.447s] Level 1:colcon.colcon_core.environment:checking '/home/keisuke-kawanishi/robotics/public/mobile_robot_system/install/zed_interfaces' for CMake config files
[4.447s] Level 1:colcon.colcon_core.shell:create_environment_hook('zed_interfaces', 'cmake_prefix_path')
[4.447s] INFO:colcon.colcon_core.shell:Creating environment hook '/home/keisuke-kawanishi/robotics/public/mobile_robot_system/install/zed_interfaces/share/zed_interfaces/hook/cmake_prefix_path.ps1'
[4.448s] INFO:colcon.colcon_core.shell:Creating environment descriptor '/home/keisuke-kawanishi/robotics/public/mobile_robot_system/install/zed_interfaces/share/zed_interfaces/hook/cmake_prefix_path.dsv'
[4.448s] INFO:colcon.colcon_core.shell:Creating environment hook '/home/keisuke-kawanishi/robotics/public/mobile_robot_system/install/zed_interfaces/share/zed_interfaces/hook/cmake_prefix_path.sh'
[4.448s] Level 1:colcon.colcon_core.environment:checking '/home/keisuke-kawanishi/robotics/public/mobile_robot_system/install/zed_interfaces/lib'
[4.448s] Level 1:colcon.colcon_core.shell:create_environment_hook('zed_interfaces', 'ld_library_path_lib')
[4.448s] INFO:colcon.colcon_core.shell:Creating environment hook '/home/keisuke-kawanishi/robotics/public/mobile_robot_system/install/zed_interfaces/share/zed_interfaces/hook/ld_library_path_lib.ps1'
[4.448s] INFO:colcon.colcon_core.shell:Creating environment descriptor '/home/keisuke-kawanishi/robotics/public/mobile_robot_system/install/zed_interfaces/share/zed_interfaces/hook/ld_library_path_lib.dsv'
[4.448s] INFO:colcon.colcon_core.shell:Creating environment hook '/home/keisuke-kawanishi/robotics/public/mobile_robot_system/install/zed_interfaces/share/zed_interfaces/hook/ld_library_path_lib.sh'
[4.449s] Level 1:colcon.colcon_core.environment:checking '/home/keisuke-kawanishi/robotics/public/mobile_robot_system/install/zed_interfaces/bin'
[4.449s] Level 1:colcon.colcon_core.environment:checking '/home/keisuke-kawanishi/robotics/public/mobile_robot_system/install/zed_interfaces/lib/pkgconfig/zed_interfaces.pc'
[4.449s] Level 1:colcon.colcon_core.environment:checking '/home/keisuke-kawanishi/robotics/public/mobile_robot_system/install/zed_interfaces/lib/python3.12/site-packages'
[4.449s] Level 1:colcon.colcon_core.shell:create_environment_hook('zed_interfaces', 'pythonpath')
[4.449s] INFO:colcon.colcon_core.shell:Creating environment hook '/home/keisuke-kawanishi/robotics/public/mobile_robot_system/install/zed_interfaces/share/zed_interfaces/hook/pythonpath.ps1'
[4.449s] INFO:colcon.colcon_core.shell:Creating environment descriptor '/home/keisuke-kawanishi/robotics/public/mobile_robot_system/install/zed_interfaces/share/zed_interfaces/hook/pythonpath.dsv'
[4.449s] INFO:colcon.colcon_core.shell:Creating environment hook '/home/keisuke-kawanishi/robotics/public/mobile_robot_system/install/zed_interfaces/share/zed_interfaces/hook/pythonpath.sh'
[4.450s] Level 1:colcon.colcon_core.environment:checking '/home/keisuke-kawanishi/robotics/public/mobile_robot_system/install/zed_interfaces/bin'
[4.450s] INFO:colcon.colcon_core.shell:Creating package script '/home/keisuke-kawanishi/robotics/public/mobile_robot_system/install/zed_interfaces/share/zed_interfaces/package.ps1'
[4.450s] INFO:colcon.colcon_core.shell:Creating package descriptor '/home/keisuke-kawanishi/robotics/public/mobile_robot_system/install/zed_interfaces/share/zed_interfaces/package.dsv'
[4.451s] INFO:colcon.colcon_core.shell:Creating package script '/home/keisuke-kawanishi/robotics/public/mobile_robot_system/install/zed_interfaces/share/zed_interfaces/package.sh'
[4.451s] INFO:colcon.colcon_core.shell:Creating package script '/home/keisuke-kawanishi/robotics/public/mobile_robot_system/install/zed_interfaces/share/zed_interfaces/package.bash'
[4.451s] INFO:colcon.colcon_core.shell:Creating package script '/home/keisuke-kawanishi/robotics/public/mobile_robot_system/install/zed_interfaces/share/zed_interfaces/package.zsh'
[4.451s] Level 1:colcon.colcon_core.environment:create_file_with_runtime_dependencies(/home/keisuke-kawanishi/robotics/public/mobile_robot_system/install/zed_interfaces/share/colcon-core/packages/zed_interfaces)
[4.452s] INFO:colcon.colcon_ros.task.ament_python.build:Building ROS package in '/home/keisuke-kawanishi/robotics/public/mobile_robot_system/src/zed_heading_publisher' with build type 'ament_python'
[4.452s] Level 1:colcon.colcon_core.shell:create_environment_hook('zed_heading_publisher', 'ament_prefix_path')
[4.452s] INFO:colcon.colcon_core.shell:Creating environment hook '/home/keisuke-kawanishi/robotics/public/mobile_robot_system/install/zed_heading_publisher/share/zed_heading_publisher/hook/ament_prefix_path.ps1'
[4.453s] INFO:colcon.colcon_core.shell:Creating environment descriptor '/home/keisuke-kawanishi/robotics/public/mobile_robot_system/install/zed_heading_publisher/share/zed_heading_publisher/hook/ament_prefix_path.dsv'
[4.453s] INFO:colcon.colcon_core.shell:Creating environment hook '/home/keisuke-kawanishi/robotics/public/mobile_robot_system/install/zed_heading_publisher/share/zed_heading_publisher/hook/ament_prefix_path.sh'
[4.454s] INFO:colcon.colcon_core.shell:Skip shell extension 'powershell' for command environment: Not usable outside of PowerShell
[4.454s] DEBUG:colcon.colcon_core.shell:Skip shell extension 'dsv' for command environment
[4.602s] INFO:colcon.colcon_core.task.python.build:Building Python package in '/home/keisuke-kawanishi/robotics/public/mobile_robot_system/src/zed_heading_publisher'
[4.602s] INFO:colcon.colcon_core.shell:Skip shell extension 'powershell' for command environment: Not usable outside of PowerShell
[4.602s] DEBUG:colcon.colcon_core.shell:Skip shell extension 'dsv' for command environment
[4.984s] DEBUG:colcon.colcon_core.task.python.build:Available setuptools commands: dist_info, build_scripts, install, install_egg_info, install_headers, alias, update_catalog, install_lib, clean, build_clib, bdist_dumb, upload, rotate, init_catalog, saveopts, build_py, build, test, bdist_rpm, symlink_data, build_ext, compile_catalog, bdist_egg, install_data, register, install_scripts, check, setopt, upload_docs, bdist_wheel, egg_info, bdist, develop, editable_wheel, sdist, easy_install, extract_messages
[5.211s] DEBUG:colcon.colcon_core.task.python.build:Available setuptools 'develop' options: --dry-run, --uninstall, --allow-hosts, --exclude-scripts, --editable, --user, --always-unzip, --verbose, --upgrade, --index-url, --build-directory, --local-snapshots-ok, --version, --help, --always-copy, --quiet, --no-find-links, --egg-path, --install-dir, --force-installation-into-system-dir, --prefix, --zip-ok, --find-links, --no-user-cfg, --multi-version, --optimize, --script-dir, --install-layout, --no-deps, --record, --site-dirs
[5.212s] DEBUG:colcon.colcon_core.event_handler.log_command:Invoking command in '/home/keisuke-kawanishi/robotics/public/mobile_robot_system/build/zed_heading_publisher': AMENT_PREFIX_PATH=/home/keisuke-kawanishi/robotics/public/mobile_robot_system/install/zed_interfaces:${AMENT_PREFIX_PATH} CMAKE_PREFIX_PATH=/home/keisuke-kawanishi/robotics/public/mobile_robot_system/install/zed_interfaces:${CMAKE_PREFIX_PATH} DEBUGINFOD_URLS=https://debuginfod.ubuntu.com LD_LIBRARY_PATH=/home/keisuke-kawanishi/robotics/public/mobile_robot_system/install/zed_interfaces/lib:${LD_LIBRARY_PATH} PYTHONPATH=/home/keisuke-kawanishi/robotics/public/mobile_robot_system/build/zed_heading_publisher/prefix_override:/usr/lib/python3/dist-packages/colcon_core/task/python/colcon_distutils_commands:/home/keisuke-kawanishi/robotics/public/mobile_robot_system/install/zed_heading_publisher/lib/python3.12/site-packages:/home/keisuke-kawanishi/robotics/public/mobile_robot_system/install/zed_interfaces/lib/python3.12/site-packages:${PYTHONPATH} /usr/bin/python3 -W ignore:setup.py install is deprecated -W ignore:easy_install command is deprecated setup.py develop --editable --build-directory /home/keisuke-kawanishi/robotics/public/mobile_robot_system/build/zed_heading_publisher/build --no-deps symlink_data
[5.642s] Level 1:colcon.colcon_core.shell:create_environment_hook('zed_heading_publisher', 'pythonpath_develop')
[5.643s] INFO:colcon.colcon_core.shell:Creating environment hook '/home/keisuke-kawanishi/robotics/public/mobile_robot_system/build/zed_heading_publisher/share/zed_heading_publisher/hook/pythonpath_develop.ps1'
[5.643s] DEBUG:colcon.colcon_core.event_handler.log_command:Invoked command in '/home/keisuke-kawanishi/robotics/public/mobile_robot_system/build/zed_heading_publisher' returned '0': AMENT_PREFIX_PATH=/home/keisuke-kawanishi/robotics/public/mobile_robot_system/install/zed_interfaces:${AMENT_PREFIX_PATH} CMAKE_PREFIX_PATH=/home/keisuke-kawanishi/robotics/public/mobile_robot_system/install/zed_interfaces:${CMAKE_PREFIX_PATH} DEBUGINFOD_URLS=https://debuginfod.ubuntu.com LD_LIBRARY_PATH=/home/keisuke-kawanishi/robotics/public/mobile_robot_system/install/zed_interfaces/lib:${LD_LIBRARY_PATH} PYTHONPATH=/home/keisuke-kawanishi/robotics/public/mobile_robot_system/build/zed_heading_publisher/prefix_override:/usr/lib/python3/dist-packages/colcon_core/task/python/colcon_distutils_commands:/home/keisuke-kawanishi/robotics/public/mobile_robot_system/install/zed_heading_publisher/lib/python3.12/site-packages:/home/keisuke-kawanishi/robotics/public/mobile_robot_system/install/zed_interfaces/lib/python3.12/site-packages:${PYTHONPATH} /usr/bin/python3 -W ignore:setup.py install is deprecated -W ignore:easy_install command is deprecated setup.py develop --editable --build-directory /home/keisuke-kawanishi/robotics/public/mobile_robot_system/build/zed_heading_publisher/build --no-deps symlink_data
[5.644s] INFO:colcon.colcon_core.shell:Creating environment descriptor '/home/keisuke-kawanishi/robotics/public/mobile_robot_system/build/zed_heading_publisher/share/zed_heading_publisher/hook/pythonpath_develop.dsv'
[5.644s] INFO:colcon.colcon_core.shell:Creating environment hook '/home/keisuke-kawanishi/robotics/public/mobile_robot_system/build/zed_heading_publisher/share/zed_heading_publisher/hook/pythonpath_develop.sh'
[5.644s] Level 1:colcon.colcon_core.environment:checking '/home/keisuke-kawanishi/robotics/public/mobile_robot_system/install/zed_heading_publisher' for CMake module files
[5.644s] Level 1:colcon.colcon_core.environment:checking '/home/keisuke-kawanishi/robotics/public/mobile_robot_system/install/zed_heading_publisher' for CMake config files
[5.645s] Level 1:colcon.colcon_core.environment:checking '/home/keisuke-kawanishi/robotics/public/mobile_robot_system/install/zed_heading_publisher/lib'
[5.645s] Level 1:colcon.colcon_core.environment:checking '/home/keisuke-kawanishi/robotics/public/mobile_robot_system/install/zed_heading_publisher/bin'
[5.645s] Level 1:colcon.colcon_core.environment:checking '/home/keisuke-kawanishi/robotics/public/mobile_robot_system/install/zed_heading_publisher/lib/pkgconfig/zed_heading_publisher.pc'
[5.645s] Level 1:colcon.colcon_core.environment:checking '/home/keisuke-kawanishi/robotics/public/mobile_robot_system/install/zed_heading_publisher/lib/python3.12/site-packages'
[5.645s] Level 1:colcon.colcon_core.shell:create_environment_hook('zed_heading_publisher', 'pythonpath')
[5.645s] INFO:colcon.colcon_core.shell:Creating environment hook '/home/keisuke-kawanishi/robotics/public/mobile_robot_system/install/zed_heading_publisher/share/zed_heading_publisher/hook/pythonpath.ps1'
[5.646s] INFO:colcon.colcon_core.shell:Creating environment descriptor '/home/keisuke-kawanishi/robotics/public/mobile_robot_system/install/zed_heading_publisher/share/zed_heading_publisher/hook/pythonpath.dsv'
[5.646s] INFO:colcon.colcon_core.shell:Creating environment hook '/home/keisuke-kawanishi/robotics/public/mobile_robot_system/install/zed_heading_publisher/share/zed_heading_publisher/hook/pythonpath.sh'
[5.646s] Level 1:colcon.colcon_core.environment:checking '/home/keisuke-kawanishi/robotics/public/mobile_robot_system/install/zed_heading_publisher/bin'
[5.646s] Level 1:colcon.colcon_core.environment:create_environment_scripts_only(zed_heading_publisher)
[5.646s] INFO:colcon.colcon_core.shell:Creating package script '/home/keisuke-kawanishi/robotics/public/mobile_robot_system/install/zed_heading_publisher/share/zed_heading_publisher/package.ps1'
[5.647s] INFO:colcon.colcon_core.shell:Creating package descriptor '/home/keisuke-kawanishi/robotics/public/mobile_robot_system/install/zed_heading_publisher/share/zed_heading_publisher/package.dsv'
[5.647s] INFO:colcon.colcon_core.shell:Creating package script '/home/keisuke-kawanishi/robotics/public/mobile_robot_system/install/zed_heading_publisher/share/zed_heading_publisher/package.sh'
[5.647s] INFO:colcon.colcon_core.shell:Creating package script '/home/keisuke-kawanishi/robotics/public/mobile_robot_system/install/zed_heading_publisher/share/zed_heading_publisher/package.bash'
[5.647s] INFO:colcon.colcon_core.shell:Creating package script '/home/keisuke-kawanishi/robotics/public/mobile_robot_system/install/zed_heading_publisher/share/zed_heading_publisher/package.zsh'
[5.647s] Level 1:colcon.colcon_core.environment:create_file_with_runtime_dependencies(/home/keisuke-kawanishi/robotics/public/mobile_robot_system/install/zed_heading_publisher/share/colcon-core/packages/zed_heading_publisher)
[5.648s] DEBUG:colcon.colcon_parallel_executor.executor.parallel:closing loop
[5.648s] DEBUG:colcon.colcon_parallel_executor.executor.parallel:loop closed
[5.648s] DEBUG:colcon.colcon_parallel_executor.executor.parallel:run_until_complete finished with '0'
[5.648s] DEBUG:colcon.colcon_core.event_reactor:joining thread
[5.651s] INFO:colcon.colcon_core.plugin_system:Skipping extension 'colcon_notification.desktop_notification.terminal_notifier': Not used on non-Darwin systems
[5.651s] INFO:colcon.colcon_core.plugin_system:Skipping extension 'colcon_notification.desktop_notification.win32': Not used on non-Windows systems
[5.651s] INFO:colcon.colcon_notification.desktop_notification:Sending desktop notification using 'notify2'
[5.651s] DEBUG:colcon.colcon_notification.desktop_notification.notify2:Failed to initialize notify2: org.freedesktop.DBus.Error.AccessDenied: Failed to connect to socket /run/user/1000/bus: Operation not permitted
[5.651s] DEBUG:colcon.colcon_core.event_reactor:joined thread
[5.651s] INFO:colcon.colcon_core.shell:Creating prefix script '/home/keisuke-kawanishi/robotics/public/mobile_robot_system/install/local_setup.ps1'
[5.652s] INFO:colcon.colcon_core.shell:Creating prefix util module '/home/keisuke-kawanishi/robotics/public/mobile_robot_system/install/_local_setup_util_ps1.py'
[5.652s] INFO:colcon.colcon_core.shell:Creating prefix chain script '/home/keisuke-kawanishi/robotics/public/mobile_robot_system/install/setup.ps1'
[5.653s] INFO:colcon.colcon_core.shell:Creating prefix script '/home/keisuke-kawanishi/robotics/public/mobile_robot_system/install/local_setup.sh'
[5.653s] INFO:colcon.colcon_core.shell:Creating prefix util module '/home/keisuke-kawanishi/robotics/public/mobile_robot_system/install/_local_setup_util_sh.py'
[5.654s] INFO:colcon.colcon_core.shell:Creating prefix chain script '/home/keisuke-kawanishi/robotics/public/mobile_robot_system/install/setup.sh'
[5.654s] INFO:colcon.colcon_core.shell:Creating prefix script '/home/keisuke-kawanishi/robotics/public/mobile_robot_system/install/local_setup.bash'
[5.654s] INFO:colcon.colcon_core.shell:Creating prefix chain script '/home/keisuke-kawanishi/robotics/public/mobile_robot_system/install/setup.bash'
[5.655s] INFO:colcon.colcon_core.shell:Creating prefix script '/home/keisuke-kawanishi/robotics/public/mobile_robot_system/install/local_setup.zsh'
[5.655s] INFO:colcon.colcon_core.shell:Creating prefix chain script '/home/keisuke-kawanishi/robotics/public/mobile_robot_system/install/setup.zsh'
