[  5%] Built target zed_interfaces__rosidl_generator_type_description
[  5%] Built target zed_interfaces__rs
[  5%] Built target ament_cmake_python_symlink_zed_interfaces
[ 22%] Built target zed_interfaces__rosidl_generator_c
[ 14%] Built target zed_interfaces__cpp
[ 57%] Built target zed_interfaces__rosidl_typesupport_c
[ 57%] Built target zed_interfaces__rosidl_typesupport_fastrtps_cpp
[ 57%] Built target zed_interfaces__rosidl_typesupport_cpp
[ 57%] Built target zed_interfaces__rosidl_typesupport_introspection_c
[ 65%] Built target zed_interfaces__rosidl_typesupport_fastrtps_c
[ 74%] Built target zed_interfaces__rosidl_typesupport_introspection_cpp
[ 74%] Built target zed_interfaces
[ 77%] Built target zed_interfaces__py
[ 82%] Built target zed_interfaces__rosidl_generator_py
[100%] Built target zed_interfaces_s__rosidl_typesupport_fastrtps_c
[100%] Built target zed_interfaces_s__rosidl_typesupport_c
[100%] Built target zed_interfaces_s__rosidl_typesupport_introspection_c
running egg_info
writing zed_interfaces.egg-info/PKG-INFO
writing dependency_links to zed_interfaces.egg-info/dependency_links.txt
writing top-level names to zed_interfaces.egg-info/top_level.txt
reading manifest file 'zed_interfaces.egg-info/SOURCES.txt'
writing manifest file 'zed_interfaces.egg-info/SOURCES.txt'
[100%] Built target ament_cmake_python_build_zed_interfaces_egg
-- Install configuration: ""
-- Execute custom install script
-- Up-to-date symlink: /home/keisuke-kawanishi/robotics/public/mobile_robot_system/install/zed_interfaces/share/ament_index/resource_index/rosidl_interfaces/zed_interfaces
-- Up-to-date symlink: /home/keisuke-kawanishi/robotics/public/mobile_robot_system/install/zed_interfaces/share/zed_interfaces/msg/ZedHeading.json
-- Up-to-date symlink: /home/keisuke-kawanishi/robotics/public/mobile_robot_system/install/zed_interfaces/include/zed_interfaces/zed_interfaces/msg/detail/zed_heading__functions.h
-- Up-to-date symlink: /home/keisuke-kawanishi/robotics/public/mobile_robot_system/install/zed_interfaces/include/zed_interfaces/zed_interfaces/msg/detail/zed_heading__struct.h
-- Up-to-date symlink: /home/keisuke-kawanishi/robotics/public/mobile_robot_system/install/zed_interfaces/include/zed_interfaces/zed_interfaces/msg/detail/zed_heading__type_support.h
-- Up-to-date symlink: /home/keisuke-kawanishi/robotics/public/mobile_robot_system/install/zed_interfaces/include/zed_interfaces/zed_interfaces/msg/rosidl_generator_c__visibility_control.h
-- Up-to-date symlink: /home/keisuke-kawanishi/robotics/public/mobile_robot_system/install/zed_interfaces/include/zed_interfaces/zed_interfaces/msg/zed_heading.h
-- Up-to-date symlink: /home/keisuke-kawanishi/robotics/public/mobile_robot_system/install/zed_interfaces/share/zed_interfaces/environment/library_path.sh
-- Up-to-date symlink: /home/keisuke-kawanishi/robotics/public/mobile_robot_system/install/zed_interfaces/share/zed_interfaces/environment/library_path.dsv
-- Up-to-date symlink: /home/keisuke-kawanishi/robotics/public/mobile_robot_system/install/zed_interfaces/include/zed_interfaces/zed_interfaces/msg/detail/zed_heading__rosidl_typesupport_fastrtps_c.h
-- Up-to-date symlink: /home/keisuke-kawanishi/robotics/public/mobile_robot_system/install/zed_interfaces/include/zed_interfaces/zed_interfaces/msg/rosidl_typesupport_fastrtps_c__visibility_control.h
-- Up-to-date symlink: /home/keisuke-kawanishi/robotics/public/mobile_robot_system/install/zed_interfaces/include/zed_interfaces/zed_interfaces/msg/detail/zed_heading__rosidl_typesupport_introspection_c.h
-- Up-to-date symlink: /home/keisuke-kawanishi/robotics/public/mobile_robot_system/install/zed_interfaces/include/zed_interfaces/zed_interfaces/msg/rosidl_typesupport_introspection_c__visibility_control.h
-- Up-to-date symlink: /home/keisuke-kawanishi/robotics/public/mobile_robot_system/install/zed_interfaces/include/zed_interfaces/zed_interfaces/msg/detail/zed_heading__builder.hpp
-- Up-to-date symlink: /home/keisuke-kawanishi/robotics/public/mobile_robot_system/install/zed_interfaces/include/zed_interfaces/zed_interfaces/msg/detail/zed_heading__struct.hpp
-- Up-to-date symlink: /home/keisuke-kawanishi/robotics/public/mobile_robot_system/install/zed_interfaces/include/zed_interfaces/zed_interfaces/msg/detail/zed_heading__traits.hpp
-- Up-to-date symlink: /home/keisuke-kawanishi/robotics/public/mobile_robot_system/install/zed_interfaces/include/zed_interfaces/zed_interfaces/msg/detail/zed_heading__type_support.hpp
-- Up-to-date symlink: /home/keisuke-kawanishi/robotics/public/mobile_robot_system/install/zed_interfaces/include/zed_interfaces/zed_interfaces/msg/rosidl_generator_cpp__visibility_control.hpp
-- Up-to-date symlink: /home/keisuke-kawanishi/robotics/public/mobile_robot_system/install/zed_interfaces/include/zed_interfaces/zed_interfaces/msg/zed_heading.hpp
-- Up-to-date symlink: /home/keisuke-kawanishi/robotics/public/mobile_robot_system/install/zed_interfaces/include/zed_interfaces/zed_interfaces/msg/detail/zed_heading__rosidl_typesupport_fastrtps_cpp.hpp
-- Up-to-date symlink: /home/keisuke-kawanishi/robotics/public/mobile_robot_system/install/zed_interfaces/include/zed_interfaces/zed_interfaces/msg/rosidl_typesupport_fastrtps_cpp__visibility_control.h
-- Up-to-date symlink: /home/keisuke-kawanishi/robotics/public/mobile_robot_system/install/zed_interfaces/include/zed_interfaces/zed_interfaces/msg/detail/zed_heading__rosidl_typesupport_introspection_cpp.hpp
-- Up-to-date symlink: /home/keisuke-kawanishi/robotics/public/mobile_robot_system/install/zed_interfaces/share/zed_interfaces/environment/pythonpath.sh
-- Up-to-date symlink: /home/keisuke-kawanishi/robotics/public/mobile_robot_system/install/zed_interfaces/share/zed_interfaces/environment/pythonpath.dsv
-- Up-to-date symlink: /home/keisuke-kawanishi/robotics/public/mobile_robot_system/install/zed_interfaces/lib/python3.12/site-packages/zed_interfaces-0.0.0-py3.12.egg-info/PKG-INFO
-- Up-to-date symlink: /home/keisuke-kawanishi/robotics/public/mobile_robot_system/install/zed_interfaces/lib/python3.12/site-packages/zed_interfaces-0.0.0-py3.12.egg-info/SOURCES.txt
-- Up-to-date symlink: /home/keisuke-kawanishi/robotics/public/mobile_robot_system/install/zed_interfaces/lib/python3.12/site-packages/zed_interfaces-0.0.0-py3.12.egg-info/dependency_links.txt
-- Up-to-date symlink: /home/keisuke-kawanishi/robotics/public/mobile_robot_system/install/zed_interfaces/lib/python3.12/site-packages/zed_interfaces-0.0.0-py3.12.egg-info/top_level.txt
-- Up-to-date symlink: /home/keisuke-kawanishi/robotics/public/mobile_robot_system/install/zed_interfaces/lib/python3.12/site-packages/zed_interfaces/__init__.py
-- Up-to-date symlink: /home/keisuke-kawanishi/robotics/public/mobile_robot_system/install/zed_interfaces/lib/python3.12/site-packages/zed_interfaces/_zed_interfaces_s.ep.rosidl_typesupport_c.c
-- Up-to-date symlink: /home/keisuke-kawanishi/robotics/public/mobile_robot_system/install/zed_interfaces/lib/python3.12/site-packages/zed_interfaces/_zed_interfaces_s.ep.rosidl_typesupport_fastrtps_c.c
-- Up-to-date symlink: /home/keisuke-kawanishi/robotics/public/mobile_robot_system/install/zed_interfaces/lib/python3.12/site-packages/zed_interfaces/_zed_interfaces_s.ep.rosidl_typesupport_introspection_c.c
-- Up-to-date symlink: /home/keisuke-kawanishi/robotics/public/mobile_robot_system/install/zed_interfaces/lib/python3.12/site-packages/zed_interfaces/msg/__init__.py
-- Up-to-date symlink: /home/keisuke-kawanishi/robotics/public/mobile_robot_system/install/zed_interfaces/lib/python3.12/site-packages/zed_interfaces/msg/_zed_heading.py
-- Up-to-date symlink: /home/keisuke-kawanishi/robotics/public/mobile_robot_system/install/zed_interfaces/lib/python3.12/site-packages/zed_interfaces/msg/_zed_heading_s.c
-- Up-to-date symlink: /home/keisuke-kawanishi/robotics/public/mobile_robot_system/install/zed_interfaces/lib/python3.12/site-packages/zed_interfaces/zed_interfaces_s__rosidl_typesupport_c.so
-- Up-to-date symlink: /home/keisuke-kawanishi/robotics/public/mobile_robot_system/install/zed_interfaces/lib/python3.12/site-packages/zed_interfaces/zed_interfaces_s__rosidl_typesupport_fastrtps_c.so
-- Up-to-date symlink: /home/keisuke-kawanishi/robotics/public/mobile_robot_system/install/zed_interfaces/lib/python3.12/site-packages/zed_interfaces/zed_interfaces_s__rosidl_typesupport_introspection_c.so
-- Up-to-date symlink: /home/keisuke-kawanishi/robotics/public/mobile_robot_system/install/zed_interfaces/lib/python3.12/site-packages/zed_interfaces/zed_interfaces_s__rosidl_typesupport_fastrtps_c.so
-- Up-to-date symlink: /home/keisuke-kawanishi/robotics/public/mobile_robot_system/install/zed_interfaces/lib/python3.12/site-packages/zed_interfaces/zed_interfaces_s__rosidl_typesupport_introspection_c.so
-- Up-to-date symlink: /home/keisuke-kawanishi/robotics/public/mobile_robot_system/install/zed_interfaces/lib/python3.12/site-packages/zed_interfaces/zed_interfaces_s__rosidl_typesupport_c.so
-- Up-to-date symlink: /home/keisuke-kawanishi/robotics/public/mobile_robot_system/install/zed_interfaces/share/ament_index/resource_index/rust_packages/zed_interfaces
-- Up-to-date symlink: /home/keisuke-kawanishi/robotics/public/mobile_robot_system/install/zed_interfaces/share/zed_interfaces/rust/Cargo.toml
-- Up-to-date symlink: /home/keisuke-kawanishi/robotics/public/mobile_robot_system/install/zed_interfaces/share/zed_interfaces/rust/build.rs
-- Up-to-date symlink: /home/keisuke-kawanishi/robotics/public/mobile_robot_system/install/zed_interfaces/share/zed_interfaces/rust/src/lib.rs
-- Up-to-date symlink: /home/keisuke-kawanishi/robotics/public/mobile_robot_system/install/zed_interfaces/share/zed_interfaces/rust/src/msg.rs
-- Up-to-date symlink: /home/keisuke-kawanishi/robotics/public/mobile_robot_system/install/zed_interfaces/share/zed_interfaces/rust/src/msg/rmw.rs
-- Up-to-date symlink: /home/keisuke-kawanishi/robotics/public/mobile_robot_system/install/zed_interfaces/share/zed_interfaces/msg/ZedHeading.idl
-- Up-to-date symlink: /home/keisuke-kawanishi/robotics/public/mobile_robot_system/install/zed_interfaces/share/zed_interfaces/msg/ZedHeading.msg
-- Up-to-date symlink: /home/keisuke-kawanishi/robotics/public/mobile_robot_system/install/zed_interfaces/share/ament_index/resource_index/package_run_dependencies/zed_interfaces
-- Up-to-date symlink: /home/keisuke-kawanishi/robotics/public/mobile_robot_system/install/zed_interfaces/share/ament_index/resource_index/parent_prefix_path/zed_interfaces
-- Up-to-date symlink: /home/keisuke-kawanishi/robotics/public/mobile_robot_system/install/zed_interfaces/share/zed_interfaces/environment/ament_prefix_path.sh
-- Up-to-date symlink: /home/keisuke-kawanishi/robotics/public/mobile_robot_system/install/zed_interfaces/share/zed_interfaces/environment/ament_prefix_path.dsv
-- Up-to-date symlink: /home/keisuke-kawanishi/robotics/public/mobile_robot_system/install/zed_interfaces/share/zed_interfaces/environment/path.sh
-- Up-to-date symlink: /home/keisuke-kawanishi/robotics/public/mobile_robot_system/install/zed_interfaces/share/zed_interfaces/environment/path.dsv
-- Up-to-date symlink: /home/keisuke-kawanishi/robotics/public/mobile_robot_system/install/zed_interfaces/share/zed_interfaces/local_setup.bash
-- Up-to-date symlink: /home/keisuke-kawanishi/robotics/public/mobile_robot_system/install/zed_interfaces/share/zed_interfaces/local_setup.sh
-- Up-to-date symlink: /home/keisuke-kawanishi/robotics/public/mobile_robot_system/install/zed_interfaces/share/zed_interfaces/local_setup.zsh
-- Up-to-date symlink: /home/keisuke-kawanishi/robotics/public/mobile_robot_system/install/zed_interfaces/share/zed_interfaces/local_setup.dsv
-- Symlinking: /home/keisuke-kawanishi/robotics/public/mobile_robot_system/install/zed_interfaces/share/zed_interfaces/package.dsv
-- Up-to-date symlink: /home/keisuke-kawanishi/robotics/public/mobile_robot_system/install/zed_interfaces/share/ament_index/resource_index/packages/zed_interfaces
-- Up-to-date symlink: /home/keisuke-kawanishi/robotics/public/mobile_robot_system/install/zed_interfaces/share/zed_interfaces/cmake/rosidl_cmake-extras.cmake
-- Up-to-date symlink: /home/keisuke-kawanishi/robotics/public/mobile_robot_system/install/zed_interfaces/share/zed_interfaces/cmake/ament_cmake_export_dependencies-extras.cmake
-- Up-to-date symlink: /home/keisuke-kawanishi/robotics/public/mobile_robot_system/install/zed_interfaces/share/zed_interfaces/cmake/ament_cmake_export_include_directories-extras.cmake
-- Up-to-date symlink: /home/keisuke-kawanishi/robotics/public/mobile_robot_system/install/zed_interfaces/share/zed_interfaces/cmake/ament_cmake_export_libraries-extras.cmake
-- Up-to-date symlink: /home/keisuke-kawanishi/robotics/public/mobile_robot_system/install/zed_interfaces/share/zed_interfaces/cmake/ament_cmake_export_targets-extras.cmake
-- Up-to-date symlink: /home/keisuke-kawanishi/robotics/public/mobile_robot_system/install/zed_interfaces/share/zed_interfaces/cmake/rosidl_cmake_export_typesupport_targets-extras.cmake
-- Up-to-date symlink: /home/keisuke-kawanishi/robotics/public/mobile_robot_system/install/zed_interfaces/share/zed_interfaces/cmake/rosidl_cmake_export_typesupport_libraries-extras.cmake
-- Up-to-date symlink: /home/keisuke-kawanishi/robotics/public/mobile_robot_system/install/zed_interfaces/share/zed_interfaces/cmake/rosidl_cmake_aggregate_target-extras.cmake
-- Up-to-date symlink: /home/keisuke-kawanishi/robotics/public/mobile_robot_system/install/zed_interfaces/share/zed_interfaces/cmake/zed_interfacesConfig.cmake
-- Up-to-date symlink: /home/keisuke-kawanishi/robotics/public/mobile_robot_system/install/zed_interfaces/share/zed_interfaces/cmake/zed_interfacesConfig-version.cmake
-- Up-to-date symlink: /home/keisuke-kawanishi/robotics/public/mobile_robot_system/install/zed_interfaces/share/zed_interfaces/package.xml
-- Up-to-date: /home/keisuke-kawanishi/robotics/public/mobile_robot_system/install/zed_interfaces/lib/libzed_interfaces__rosidl_generator_c.so
-- Up-to-date: /home/keisuke-kawanishi/robotics/public/mobile_robot_system/install/zed_interfaces/lib/libzed_interfaces__rosidl_typesupport_fastrtps_c.so
-- Up-to-date: /home/keisuke-kawanishi/robotics/public/mobile_robot_system/install/zed_interfaces/lib/libzed_interfaces__rosidl_typesupport_introspection_c.so
-- Up-to-date: /home/keisuke-kawanishi/robotics/public/mobile_robot_system/install/zed_interfaces/lib/libzed_interfaces__rosidl_typesupport_c.so
-- Up-to-date: /home/keisuke-kawanishi/robotics/public/mobile_robot_system/install/zed_interfaces/lib/libzed_interfaces__rosidl_typesupport_fastrtps_cpp.so
-- Up-to-date: /home/keisuke-kawanishi/robotics/public/mobile_robot_system/install/zed_interfaces/lib/libzed_interfaces__rosidl_typesupport_introspection_cpp.so
-- Up-to-date: /home/keisuke-kawanishi/robotics/public/mobile_robot_system/install/zed_interfaces/lib/libzed_interfaces__rosidl_typesupport_cpp.so
Listing '/home/keisuke-kawanishi/robotics/public/mobile_robot_system/install/zed_interfaces/lib/python3.12/site-packages/zed_interfaces'...
Listing '/home/keisuke-kawanishi/robotics/public/mobile_robot_system/install/zed_interfaces/lib/python3.12/site-packages/zed_interfaces/msg'...
-- Up-to-date: /home/keisuke-kawanishi/robotics/public/mobile_robot_system/install/zed_interfaces/lib/libzed_interfaces__rosidl_generator_py.so
-- Up-to-date: /home/keisuke-kawanishi/robotics/public/mobile_robot_system/install/zed_interfaces/share/zed_interfaces/cmake/export_zed_interfaces__rosidl_generator_cExport.cmake
-- Up-to-date: /home/keisuke-kawanishi/robotics/public/mobile_robot_system/install/zed_interfaces/share/zed_interfaces/cmake/export_zed_interfaces__rosidl_generator_cExport-noconfig.cmake
-- Up-to-date: /home/keisuke-kawanishi/robotics/public/mobile_robot_system/install/zed_interfaces/share/zed_interfaces/cmake/export_zed_interfaces__rosidl_typesupport_fastrtps_cExport.cmake
-- Up-to-date: /home/keisuke-kawanishi/robotics/public/mobile_robot_system/install/zed_interfaces/share/zed_interfaces/cmake/export_zed_interfaces__rosidl_typesupport_fastrtps_cExport-noconfig.cmake
-- Up-to-date: /home/keisuke-kawanishi/robotics/public/mobile_robot_system/install/zed_interfaces/share/zed_interfaces/cmake/zed_interfaces__rosidl_typesupport_introspection_cExport.cmake
-- Up-to-date: /home/keisuke-kawanishi/robotics/public/mobile_robot_system/install/zed_interfaces/share/zed_interfaces/cmake/zed_interfaces__rosidl_typesupport_introspection_cExport-noconfig.cmake
-- Up-to-date: /home/keisuke-kawanishi/robotics/public/mobile_robot_system/install/zed_interfaces/share/zed_interfaces/cmake/zed_interfaces__rosidl_typesupport_cExport.cmake
-- Up-to-date: /home/keisuke-kawanishi/robotics/public/mobile_robot_system/install/zed_interfaces/share/zed_interfaces/cmake/zed_interfaces__rosidl_typesupport_cExport-noconfig.cmake
-- Up-to-date: /home/keisuke-kawanishi/robotics/public/mobile_robot_system/install/zed_interfaces/share/zed_interfaces/cmake/export_zed_interfaces__rosidl_generator_cppExport.cmake
-- Up-to-date: /home/keisuke-kawanishi/robotics/public/mobile_robot_system/install/zed_interfaces/share/zed_interfaces/cmake/export_zed_interfaces__rosidl_typesupport_fastrtps_cppExport.cmake
-- Up-to-date: /home/keisuke-kawanishi/robotics/public/mobile_robot_system/install/zed_interfaces/share/zed_interfaces/cmake/export_zed_interfaces__rosidl_typesupport_fastrtps_cppExport-noconfig.cmake
-- Up-to-date: /home/keisuke-kawanishi/robotics/public/mobile_robot_system/install/zed_interfaces/share/zed_interfaces/cmake/zed_interfaces__rosidl_typesupport_introspection_cppExport.cmake
-- Up-to-date: /home/keisuke-kawanishi/robotics/public/mobile_robot_system/install/zed_interfaces/share/zed_interfaces/cmake/zed_interfaces__rosidl_typesupport_introspection_cppExport-noconfig.cmake
-- Up-to-date: /home/keisuke-kawanishi/robotics/public/mobile_robot_system/install/zed_interfaces/share/zed_interfaces/cmake/zed_interfaces__rosidl_typesupport_cppExport.cmake
-- Up-to-date: /home/keisuke-kawanishi/robotics/public/mobile_robot_system/install/zed_interfaces/share/zed_interfaces/cmake/zed_interfaces__rosidl_typesupport_cppExport-noconfig.cmake
-- Up-to-date: /home/keisuke-kawanishi/robotics/public/mobile_robot_system/install/zed_interfaces/share/zed_interfaces/cmake/export_zed_interfaces__rosidl_generator_pyExport.cmake
-- Up-to-date: /home/keisuke-kawanishi/robotics/public/mobile_robot_system/install/zed_interfaces/share/zed_interfaces/cmake/export_zed_interfaces__rosidl_generator_pyExport-noconfig.cmake
