running develop
running egg_info
creating zed_heading_publisher.egg-info
writing zed_heading_publisher.egg-info/PKG-INFO
writing dependency_links to zed_heading_publisher.egg-info/dependency_links.txt
writing entry points to zed_heading_publisher.egg-info/entry_points.txt
writing requirements to zed_heading_publisher.egg-info/requires.txt
writing top-level names to zed_heading_publisher.egg-info/top_level.txt
writing manifest file 'zed_heading_publisher.egg-info/SOURCES.txt'
reading manifest file 'zed_heading_publisher.egg-info/SOURCES.txt'
writing manifest file 'zed_heading_publisher.egg-info/SOURCES.txt'
running build_ext
Creating /home/keisuke-kawanishi/robotics/public/mobile_robot_system/install/zed_heading_publisher/lib/python3.12/site-packages/zed-heading-publisher.egg-link (link to .)
Installing calibrate_zed_heading script to /home/keisuke-kawanishi/robotics/public/mobile_robot_system/install/zed_heading_publisher/lib/zed_heading_publisher
Installing compare_vio_heading script to /home/keisuke-kawanishi/robotics/public/mobile_robot_system/install/zed_heading_publisher/lib/zed_heading_publisher
Installing zed_heading_publisher script to /home/keisuke-kawanishi/robotics/public/mobile_robot_system/install/zed_heading_publisher/lib/zed_heading_publisher

Installed /home/keisuke-kawanishi/robotics/public/mobile_robot_system/build/zed_heading_publisher
running symlink_data
creating /home/keisuke-kawanishi/robotics/public/mobile_robot_system/install/zed_heading_publisher/share/ament_index
creating /home/keisuke-kawanishi/robotics/public/mobile_robot_system/install/zed_heading_publisher/share/ament_index/resource_index
creating /home/keisuke-kawanishi/robotics/public/mobile_robot_system/install/zed_heading_publisher/share/ament_index/resource_index/packages
symbolically linking /home/keisuke-kawanishi/robotics/public/mobile_robot_system/build/zed_heading_publisher/resource/zed_heading_publisher -> /home/keisuke-kawanishi/robotics/public/mobile_robot_system/install/zed_heading_publisher/share/ament_index/resource_index/packages
symbolically linking /home/keisuke-kawanishi/robotics/public/mobile_robot_system/build/zed_heading_publisher/package.xml -> /home/keisuke-kawanishi/robotics/public/mobile_robot_system/install/zed_heading_publisher/share/zed_heading_publisher
creating /home/keisuke-kawanishi/robotics/public/mobile_robot_system/install/zed_heading_publisher/share/zed_heading_publisher/launch
symbolically linking /home/keisuke-kawanishi/robotics/public/mobile_robot_system/build/zed_heading_publisher/launch/zed_heading_publisher.launch.py -> /home/keisuke-kawanishi/robotics/public/mobile_robot_system/install/zed_heading_publisher/share/zed_heading_publisher/launch
creating /home/keisuke-kawanishi/robotics/public/mobile_robot_system/install/zed_heading_publisher/share/zed_heading_publisher/config
symbolically linking /home/keisuke-kawanishi/robotics/public/mobile_robot_system/build/zed_heading_publisher/config/zed_heading_publisher.yaml -> /home/keisuke-kawanishi/robotics/public/mobile_robot_system/install/zed_heading_publisher/share/zed_heading_publisher/config
creating /home/keisuke-kawanishi/robotics/public/mobile_robot_system/install/zed_heading_publisher/share/zed_heading_publisher/docs
symbolically linking /home/keisuke-kawanishi/robotics/public/mobile_robot_system/build/zed_heading_publisher/docs/zed_heading_publisher_spec_ja.md -> /home/keisuke-kawanishi/robotics/public/mobile_robot_system/install/zed_heading_publisher/share/zed_heading_publisher/docs
