[0.759s] Invoking command in '/home/keisuke-kawanishi/robotics/public/mobile_robot_system/build/zed_heading_publisher': AMENT_PREFIX_PATH=/home/keisuke-kawanishi/robotics/public/mobile_robot_system/install/zed_interfaces:${AMENT_PREFIX_PATH} CMAKE_PREFIX_PATH=/home/keisuke-kawanishi/robotics/public/mobile_robot_system/install/zed_interfaces:${CMAKE_PREFIX_PATH} DEBUGINFOD_URLS=https://debuginfod.ubuntu.com LD_LIBRARY_PATH=/home/keisuke-kawanishi/robotics/public/mobile_robot_system/install/zed_interfaces/lib:${LD_LIBRARY_PATH} PYTHONPATH=/home/keisuke-kawanishi/robotics/public/mobile_robot_system/build/zed_heading_publisher/prefix_override:/usr/lib/python3/dist-packages/colcon_core/task/python/colcon_distutils_commands:/home/keisuke-kawanishi/robotics/public/mobile_robot_system/install/zed_heading_publisher/lib/python3.12/site-packages:/home/keisuke-kawanishi/robotics/public/mobile_robot_system/install/zed_interfaces/lib/python3.12/site-packages:${PYTHONPATH} /usr/bin/python3 -W ignore:setup.py install is deprecated -W ignore:easy_install command is deprecated setup.py develop --editable --build-directory /home/keisuke-kawanishi/robotics/public/mobile_robot_system/build/zed_heading_publisher/build --no-deps symlink_data
[0.971s] running develop
[1.101s] running egg_info
[1.102s] creating zed_heading_publisher.egg-info
[1.115s] writing zed_heading_publisher.egg-info/PKG-INFO
[1.115s] writing dependency_links to zed_heading_publisher.egg-info/dependency_links.txt
[1.115s] writing entry points to zed_heading_publisher.egg-info/entry_points.txt
[1.115s] writing requirements to zed_heading_publisher.egg-info/requires.txt
[1.116s] writing top-level names to zed_heading_publisher.egg-info/top_level.txt
[1.116s] writing manifest file 'zed_heading_publisher.egg-info/SOURCES.txt'
[1.143s] reading manifest file 'zed_heading_publisher.egg-info/SOURCES.txt'
[1.144s] writing manifest file 'zed_heading_publisher.egg-info/SOURCES.txt'
[1.159s] running build_ext
[1.159s] Creating /home/keisuke-kawanishi/robotics/public/mobile_robot_system/install/zed_heading_publisher/lib/python3.12/site-packages/zed-heading-publisher.egg-link (link to .)
[1.159s] Installing calibrate_zed_heading script to /home/keisuke-kawanishi/robotics/public/mobile_robot_system/install/zed_heading_publisher/lib/zed_heading_publisher
[1.159s] Installing compare_vio_heading script to /home/keisuke-kawanishi/robotics/public/mobile_robot_system/install/zed_heading_publisher/lib/zed_heading_publisher
[1.159s] Installing zed_heading_publisher script to /home/keisuke-kawanishi/robotics/public/mobile_robot_system/install/zed_heading_publisher/lib/zed_heading_publisher
[1.160s] 
[1.160s] Installed /home/keisuke-kawanishi/robotics/public/mobile_robot_system/build/zed_heading_publisher
[1.160s] running symlink_data
[1.160s] creating /home/keisuke-kawanishi/robotics/public/mobile_robot_system/install/zed_heading_publisher/share/ament_index
[1.160s] creating /home/keisuke-kawanishi/robotics/public/mobile_robot_system/install/zed_heading_publisher/share/ament_index/resource_index
[1.160s] creating /home/keisuke-kawanishi/robotics/public/mobile_robot_system/install/zed_heading_publisher/share/ament_index/resource_index/packages
[1.160s] symbolically linking /home/keisuke-kawanishi/robotics/public/mobile_robot_system/build/zed_heading_publisher/resource/zed_heading_publisher -> /home/keisuke-kawanishi/robotics/public/mobile_robot_system/install/zed_heading_publisher/share/ament_index/resource_index/packages
[1.160s] symbolically linking /home/keisuke-kawanishi/robotics/public/mobile_robot_system/build/zed_heading_publisher/package.xml -> /home/keisuke-kawanishi/robotics/public/mobile_robot_system/install/zed_heading_publisher/share/zed_heading_publisher
[1.160s] creating /home/keisuke-kawanishi/robotics/public/mobile_robot_system/install/zed_heading_publisher/share/zed_heading_publisher/launch
[1.160s] symbolically linking /home/keisuke-kawanishi/robotics/public/mobile_robot_system/build/zed_heading_publisher/launch/zed_heading_publisher.launch.py -> /home/keisuke-kawanishi/robotics/public/mobile_robot_system/install/zed_heading_publisher/share/zed_heading_publisher/launch
[1.160s] creating /home/keisuke-kawanishi/robotics/public/mobile_robot_system/install/zed_heading_publisher/share/zed_heading_publisher/config
[1.160s] symbolically linking /home/keisuke-kawanishi/robotics/public/mobile_robot_system/build/zed_heading_publisher/config/zed_heading_publisher.yaml -> /home/keisuke-kawanishi/robotics/public/mobile_robot_system/install/zed_heading_publisher/share/zed_heading_publisher/config
[1.160s] creating /home/keisuke-kawanishi/robotics/public/mobile_robot_system/install/zed_heading_publisher/share/zed_heading_publisher/docs
[1.160s] symbolically linking /home/keisuke-kawanishi/robotics/public/mobile_robot_system/build/zed_heading_publisher/docs/zed_heading_publisher_spec_ja.md -> /home/keisuke-kawanishi/robotics/public/mobile_robot_system/install/zed_heading_publisher/share/zed_heading_publisher/docs
[1.190s] Invoked command in '/home/keisuke-kawanishi/robotics/public/mobile_robot_system/build/zed_heading_publisher' returned '0': AMENT_PREFIX_PATH=/home/keisuke-kawanishi/robotics/public/mobile_robot_system/install/zed_interfaces:${AMENT_PREFIX_PATH} CMAKE_PREFIX_PATH=/home/keisuke-kawanishi/robotics/public/mobile_robot_system/install/zed_interfaces:${CMAKE_PREFIX_PATH} DEBUGINFOD_URLS=https://debuginfod.ubuntu.com LD_LIBRARY_PATH=/home/keisuke-kawanishi/robotics/public/mobile_robot_system/install/zed_interfaces/lib:${LD_LIBRARY_PATH} PYTHONPATH=/home/keisuke-kawanishi/robotics/public/mobile_robot_system/build/zed_heading_publisher/prefix_override:/usr/lib/python3/dist-packages/colcon_core/task/python/colcon_distutils_commands:/home/keisuke-kawanishi/robotics/public/mobile_robot_system/install/zed_heading_publisher/lib/python3.12/site-packages:/home/keisuke-kawanishi/robotics/public/mobile_robot_system/install/zed_interfaces/lib/python3.12/site-packages:${PYTHONPATH} /usr/bin/python3 -W ignore:setup.py install is deprecated -W ignore:easy_install command is deprecated setup.py develop --editable --build-directory /home/keisuke-kawanishi/robotics/public/mobile_robot_system/build/zed_heading_publisher/build --no-deps symlink_data
