[0.079s] DEBUG:colcon:Command line arguments: ['/usr/bin/colcon', 'build', '--packages-select', 'zed_interfaces', 'zed_heading_publisher', '--symlink-install']
[0.079s] DEBUG:colcon:Parsed command line arguments: Namespace(log_base=None, log_level=None, verb_name='build', build_base='build', install_base='install', merge_install=False, symlink_install=True, test_result_base=None, continue_on_error=False, executor='parallel', parallel_workers=16, event_handlers=None, ignore_user_meta=False, metas=['./colcon.meta'], base_paths=['.'], packages_ignore=None, packages_ignore_regex=None, paths=None, packages_up_to=None, packages_up_to_regex=None, packages_above=None, packages_above_and_dependencies=None, packages_above_depth=None, packages_select_by_dep=None, packages_skip_by_dep=None, packages_skip_up_to=None, packages_select_build_failed=False, packages_skip_build_finished=False, packages_select_test_failures=False, packages_skip_test_passed=False, packages_select=['zed_interfaces', 'zed_heading_publisher'], packages_skip=None, packages_select_regex=None, packages_skip_regex=None, packages_start=None, packages_end=None, allow_overriding=[], cmake_args=None, cmake_target=None, cmake_target_skip_unavailable=False, cmake_clean_cache=False, cmake_clean_first=False, cmake_force_configure=False, ament_cmake_args=None, catkin_cmake_args=None, catkin_skip_building_tests=False, mixin_files=None, mixin=None, verb_parser=<colcon_mixin.mixin.mixin_argument.MixinArgumentDecorator object at 0x7ce7e439caa0>, verb_extension=<colcon_core.verb.build.BuildVerb object at 0x7ce7e44c8fe0>, main=<bound method BuildVerb.main of <colcon_core.verb.build.BuildVerb object at 0x7ce7e44c8fe0>>, mixin_verb=('build',))
[0.107s] Level 1:colcon.colcon_core.package_discovery:discover_packages(colcon_meta) check parameters
[0.108s] Level 1:colcon.colcon_core.package_discovery:discover_packages(recursive) check parameters
[0.108s] Level 1:colcon.colcon_core.package_discovery:discover_packages(ignore) check parameters
[0.108s] Level 1:colcon.colcon_core.package_discovery:discover_packages(path) check parameters
[0.108s] Level 1:colcon.colcon_core.package_discovery:discover_packages(colcon_meta) discover
[0.108s] Level 1:colcon.colcon_core.package_discovery:discover_packages(recursive) discover
[0.108s] INFO:colcon.colcon_core.package_discovery:Crawling recursively for packages in '/home/keisuke-kawanishi/robotics/public/mobile_robot_system'
[0.108s] Level 1:colcon.colcon_core.package_identification:_identify(.) by extensions ['ignore', 'ignore_ament_install']
[0.108s] Level 1:colcon.colcon_core.package_identification:_identify(.) by extension 'ignore'
[0.108s] Level 1:colcon.colcon_core.package_identification:_identify(.) by extension 'ignore_ament_install'
[0.108s] Level 1:colcon.colcon_core.package_identification:_identify(.) by extensions ['colcon_pkg']
[0.108s] Level 1:colcon.colcon_core.package_identification:_identify(.) by extension 'colcon_pkg'
[0.108s] Level 1:colcon.colcon_core.package_identification:_identify(.) by extensions ['colcon_meta']
[0.108s] Level 1:colcon.colcon_core.package_identification:_identify(.) by extension 'colcon_meta'
[0.108s] Level 1:colcon.colcon_core.package_identification:_identify(.) by extensions ['ros']
[0.108s] Level 1:colcon.colcon_core.package_identification:_identify(.) by extension 'ros'
[0.128s] Level 1:colcon.colcon_core.package_identification:_identify(.) by extensions ['cmake', 'python']
[0.128s] Level 1:colcon.colcon_core.package_identification:_identify(.) by extension 'cmake'
[0.128s] Level 1:colcon.colcon_core.package_identification:_identify(.) by extension 'python'
[0.129s] Level 1:colcon.colcon_core.package_identification:_identify(.) by extensions ['python_setup_py']
[0.129s] Level 1:colcon.colcon_core.package_identification:_identify(.) by extension 'python_setup_py'
[0.129s] Level 1:colcon.colcon_core.package_identification:_identify(build) by extensions ['ignore', 'ignore_ament_install']
[0.129s] Level 1:colcon.colcon_core.package_identification:_identify(build) by extension 'ignore'
[0.129s] Level 1:colcon.colcon_core.package_identification:_identify(build) ignored
[0.129s] Level 1:colcon.colcon_core.package_identification:_identify(install) by extensions ['ignore', 'ignore_ament_install']
[0.129s] Level 1:colcon.colcon_core.package_identification:_identify(install) by extension 'ignore'
[0.129s] Level 1:colcon.colcon_core.package_identification:_identify(install) ignored
[0.129s] Level 1:colcon.colcon_core.package_identification:_identify(log) by extensions ['ignore', 'ignore_ament_install']
[0.129s] Level 1:colcon.colcon_core.package_identification:_identify(log) by extension 'ignore'
[0.129s] Level 1:colcon.colcon_core.package_identification:_identify(log) ignored
[0.129s] Level 1:colcon.colcon_core.package_identification:_identify(src) by extensions ['ignore', 'ignore_ament_install']
[0.129s] Level 1:colcon.colcon_core.package_identification:_identify(src) by extension 'ignore'
[0.129s] Level 1:colcon.colcon_core.package_identification:_identify(src) by extension 'ignore_ament_install'
[0.129s] Level 1:colcon.colcon_core.package_identification:_identify(src) by extensions ['colcon_pkg']
[0.129s] Level 1:colcon.colcon_core.package_identification:_identify(src) by extension 'colcon_pkg'
[0.129s] Level 1:colcon.colcon_core.package_identification:_identify(src) by extensions ['colcon_meta']
[0.129s] Level 1:colcon.colcon_core.package_identification:_identify(src) by extension 'colcon_meta'
[0.129s] Level 1:colcon.colcon_core.package_identification:_identify(src) by extensions ['ros']
[0.129s] Level 1:colcon.colcon_core.package_identification:_identify(src) by extension 'ros'
[0.129s] Level 1:colcon.colcon_core.package_identification:_identify(src) by extensions ['cmake', 'python']
[0.129s] Level 1:colcon.colcon_core.package_identification:_identify(src) by extension 'cmake'
[0.129s] Level 1:colcon.colcon_core.package_identification:_identify(src) by extension 'python'
[0.129s] Level 1:colcon.colcon_core.package_identification:_identify(src) by extensions ['python_setup_py']
[0.129s] Level 1:colcon.colcon_core.package_identification:_identify(src) by extension 'python_setup_py'
[0.130s] Level 1:colcon.colcon_core.package_identification:_identify(src/aruco_distance_publisher) by extensions ['ignore', 'ignore_ament_install']
[0.130s] Level 1:colcon.colcon_core.package_identification:_identify(src/aruco_distance_publisher) by extension 'ignore'
[0.130s] Level 1:colcon.colcon_core.package_identification:_identify(src/aruco_distance_publisher) by extension 'ignore_ament_install'
[0.130s] Level 1:colcon.colcon_core.package_identification:_identify(src/aruco_distance_publisher) by extensions ['colcon_pkg']
[0.130s] Level 1:colcon.colcon_core.package_identification:_identify(src/aruco_distance_publisher) by extension 'colcon_pkg'
[0.130s] Level 1:colcon.colcon_core.package_identification:_identify(src/aruco_distance_publisher) by extensions ['colcon_meta']
[0.130s] Level 1:colcon.colcon_core.package_identification:_identify(src/aruco_distance_publisher) by extension 'colcon_meta'
[0.130s] Level 1:colcon.colcon_core.package_identification:_identify(src/aruco_distance_publisher) by extensions ['ros']
[0.130s] Level 1:colcon.colcon_core.package_identification:_identify(src/aruco_distance_publisher) by extension 'ros'
[0.132s] DEBUG:colcon.colcon_core.package_identification:Package 'src/aruco_distance_publisher' with type 'ros.ament_python' and name 'aruco_distance_publisher'
[0.132s] Level 1:colcon.colcon_core.package_identification:_identify(src/aruco_interfaces) by extensions ['ignore', 'ignore_ament_install']
[0.132s] Level 1:colcon.colcon_core.package_identification:_identify(src/aruco_interfaces) by extension 'ignore'
[0.132s] Level 1:colcon.colcon_core.package_identification:_identify(src/aruco_interfaces) by extension 'ignore_ament_install'
[0.132s] Level 1:colcon.colcon_core.package_identification:_identify(src/aruco_interfaces) by extensions ['colcon_pkg']
[0.132s] Level 1:colcon.colcon_core.package_identification:_identify(src/aruco_interfaces) by extension 'colcon_pkg'
[0.132s] Level 1:colcon.colcon_core.package_identification:_identify(src/aruco_interfaces) by extensions ['colcon_meta']
[0.132s] Level 1:colcon.colcon_core.package_identification:_identify(src/aruco_interfaces) by extension 'colcon_meta'
[0.132s] Level 1:colcon.colcon_core.package_identification:_identify(src/aruco_interfaces) by extensions ['ros']
[0.132s] Level 1:colcon.colcon_core.package_identification:_identify(src/aruco_interfaces) by extension 'ros'
[0.132s] DEBUG:colcon.colcon_core.package_identification:Package 'src/aruco_interfaces' with type 'ros.ament_cmake' and name 'aruco_interfaces'
[0.132s] Level 1:colcon.colcon_core.package_identification:_identify(src/locomotion_core) by extensions ['ignore', 'ignore_ament_install']
[0.132s] Level 1:colcon.colcon_core.package_identification:_identify(src/locomotion_core) by extension 'ignore'
[0.132s] Level 1:colcon.colcon_core.package_identification:_identify(src/locomotion_core) by extension 'ignore_ament_install'
[0.132s] Level 1:colcon.colcon_core.package_identification:_identify(src/locomotion_core) by extensions ['colcon_pkg']
[0.132s] Level 1:colcon.colcon_core.package_identification:_identify(src/locomotion_core) by extension 'colcon_pkg'
[0.133s] Level 1:colcon.colcon_core.package_identification:_identify(src/locomotion_core) by extensions ['colcon_meta']
[0.133s] Level 1:colcon.colcon_core.package_identification:_identify(src/locomotion_core) by extension 'colcon_meta'
[0.133s] Level 1:colcon.colcon_core.package_identification:_identify(src/locomotion_core) by extensions ['ros']
[0.133s] Level 1:colcon.colcon_core.package_identification:_identify(src/locomotion_core) by extension 'ros'
[0.133s] DEBUG:colcon.colcon_core.package_identification:Package 'src/locomotion_core' with type 'ros.ament_python' and name 'locomotion_core'
[0.133s] Level 1:colcon.colcon_core.package_identification:_identify(src/uwb_interfaces) by extensions ['ignore', 'ignore_ament_install']
[0.133s] Level 1:colcon.colcon_core.package_identification:_identify(src/uwb_interfaces) by extension 'ignore'
[0.133s] Level 1:colcon.colcon_core.package_identification:_identify(src/uwb_interfaces) by extension 'ignore_ament_install'
[0.133s] Level 1:colcon.colcon_core.package_identification:_identify(src/uwb_interfaces) by extensions ['colcon_pkg']
[0.133s] Level 1:colcon.colcon_core.package_identification:_identify(src/uwb_interfaces) by extension 'colcon_pkg'
[0.133s] Level 1:colcon.colcon_core.package_identification:_identify(src/uwb_interfaces) by extensions ['colcon_meta']
[0.133s] Level 1:colcon.colcon_core.package_identification:_identify(src/uwb_interfaces) by extension 'colcon_meta'
[0.133s] Level 1:colcon.colcon_core.package_identification:_identify(src/uwb_interfaces) by extensions ['ros']
[0.133s] Level 1:colcon.colcon_core.package_identification:_identify(src/uwb_interfaces) by extension 'ros'
[0.134s] DEBUG:colcon.colcon_core.package_identification:Package 'src/uwb_interfaces' with type 'ros.ament_cmake' and name 'uwb_interfaces'
[0.134s] Level 1:colcon.colcon_core.package_identification:_identify(src/uwb_position_publisher) by extensions ['ignore', 'ignore_ament_install']
[0.134s] Level 1:colcon.colcon_core.package_identification:_identify(src/uwb_position_publisher) by extension 'ignore'
[0.134s] Level 1:colcon.colcon_core.package_identification:_identify(src/uwb_position_publisher) by extension 'ignore_ament_install'
[0.134s] Level 1:colcon.colcon_core.package_identification:_identify(src/uwb_position_publisher) by extensions ['colcon_pkg']
[0.134s] Level 1:colcon.colcon_core.package_identification:_identify(src/uwb_position_publisher) by extension 'colcon_pkg'
[0.134s] Level 1:colcon.colcon_core.package_identification:_identify(src/uwb_position_publisher) by extensions ['colcon_meta']
[0.134s] Level 1:colcon.colcon_core.package_identification:_identify(src/uwb_position_publisher) by extension 'colcon_meta'
[0.134s] Level 1:colcon.colcon_core.package_identification:_identify(src/uwb_position_publisher) by extensions ['ros']
[0.134s] Level 1:colcon.colcon_core.package_identification:_identify(src/uwb_position_publisher) by extension 'ros'
[0.134s] DEBUG:colcon.colcon_core.package_identification:Package 'src/uwb_position_publisher' with type 'ros.ament_python' and name 'uwb_position_publisher'
[0.134s] Level 1:colcon.colcon_core.package_identification:_identify(src/uwb_position_zed_pose_ctrl) by extensions ['ignore', 'ignore_ament_install']
[0.134s] Level 1:colcon.colcon_core.package_identification:_identify(src/uwb_position_zed_pose_ctrl) by extension 'ignore'
[0.134s] Level 1:colcon.colcon_core.package_identification:_identify(src/uwb_position_zed_pose_ctrl) by extension 'ignore_ament_install'
[0.134s] Level 1:colcon.colcon_core.package_identification:_identify(src/uwb_position_zed_pose_ctrl) by extensions ['colcon_pkg']
[0.135s] Level 1:colcon.colcon_core.package_identification:_identify(src/uwb_position_zed_pose_ctrl) by extension 'colcon_pkg'
[0.135s] Level 1:colcon.colcon_core.package_identification:_identify(src/uwb_position_zed_pose_ctrl) by extensions ['colcon_meta']
[0.135s] Level 1:colcon.colcon_core.package_identification:_identify(src/uwb_position_zed_pose_ctrl) by extension 'colcon_meta'
[0.135s] Level 1:colcon.colcon_core.package_identification:_identify(src/uwb_position_zed_pose_ctrl) by extensions ['ros']
[0.135s] Level 1:colcon.colcon_core.package_identification:_identify(src/uwb_position_zed_pose_ctrl) by extension 'ros'
[0.135s] DEBUG:colcon.colcon_core.package_identification:Package 'src/uwb_position_zed_pose_ctrl' with type 'ros.ament_python' and name 'uwb_position_zed_pose_ctrl'
[0.135s] Level 1:colcon.colcon_core.package_identification:_identify(src/uwb_zed_docking_bringup) by extensions ['ignore', 'ignore_ament_install']
[0.135s] Level 1:colcon.colcon_core.package_identification:_identify(src/uwb_zed_docking_bringup) by extension 'ignore'
[0.135s] Level 1:colcon.colcon_core.package_identification:_identify(src/uwb_zed_docking_bringup) by extension 'ignore_ament_install'
[0.135s] Level 1:colcon.colcon_core.package_identification:_identify(src/uwb_zed_docking_bringup) by extensions ['colcon_pkg']
[0.135s] Level 1:colcon.colcon_core.package_identification:_identify(src/uwb_zed_docking_bringup) by extension 'colcon_pkg'
[0.135s] Level 1:colcon.colcon_core.package_identification:_identify(src/uwb_zed_docking_bringup) by extensions ['colcon_meta']
[0.135s] Level 1:colcon.colcon_core.package_identification:_identify(src/uwb_zed_docking_bringup) by extension 'colcon_meta'
[0.135s] Level 1:colcon.colcon_core.package_identification:_identify(src/uwb_zed_docking_bringup) by extensions ['ros']
[0.135s] Level 1:colcon.colcon_core.package_identification:_identify(src/uwb_zed_docking_bringup) by extension 'ros'
[0.136s] DEBUG:colcon.colcon_core.package_identification:Package 'src/uwb_zed_docking_bringup' with type 'ros.ament_python' and name 'uwb_zed_docking_bringup'
[0.136s] Level 1:colcon.colcon_core.package_identification:_identify(src/vision_dist_ctrl) by extensions ['ignore', 'ignore_ament_install']
[0.136s] Level 1:colcon.colcon_core.package_identification:_identify(src/vision_dist_ctrl) by extension 'ignore'
[0.136s] Level 1:colcon.colcon_core.package_identification:_identify(src/vision_dist_ctrl) by extension 'ignore_ament_install'
[0.136s] Level 1:colcon.colcon_core.package_identification:_identify(src/vision_dist_ctrl) by extensions ['colcon_pkg']
[0.136s] Level 1:colcon.colcon_core.package_identification:_identify(src/vision_dist_ctrl) by extension 'colcon_pkg'
[0.136s] Level 1:colcon.colcon_core.package_identification:_identify(src/vision_dist_ctrl) by extensions ['colcon_meta']
[0.136s] Level 1:colcon.colcon_core.package_identification:_identify(src/vision_dist_ctrl) by extension 'colcon_meta'
[0.136s] Level 1:colcon.colcon_core.package_identification:_identify(src/vision_dist_ctrl) by extensions ['ros']
[0.136s] Level 1:colcon.colcon_core.package_identification:_identify(src/vision_dist_ctrl) by extension 'ros'
[0.136s] DEBUG:colcon.colcon_core.package_identification:Package 'src/vision_dist_ctrl' with type 'ros.ament_python' and name 'vision_dist_ctrl'
[0.137s] Level 1:colcon.colcon_core.package_identification:_identify(src/vision_docking_bringup) by extensions ['ignore', 'ignore_ament_install']
[0.137s] Level 1:colcon.colcon_core.package_identification:_identify(src/vision_docking_bringup) by extension 'ignore'
[0.137s] Level 1:colcon.colcon_core.package_identification:_identify(src/vision_docking_bringup) by extension 'ignore_ament_install'
[0.137s] Level 1:colcon.colcon_core.package_identification:_identify(src/vision_docking_bringup) by extensions ['colcon_pkg']
[0.137s] Level 1:colcon.colcon_core.package_identification:_identify(src/vision_docking_bringup) by extension 'colcon_pkg'
[0.137s] Level 1:colcon.colcon_core.package_identification:_identify(src/vision_docking_bringup) by extensions ['colcon_meta']
[0.137s] Level 1:colcon.colcon_core.package_identification:_identify(src/vision_docking_bringup) by extension 'colcon_meta'
[0.137s] Level 1:colcon.colcon_core.package_identification:_identify(src/vision_docking_bringup) by extensions ['ros']
[0.137s] Level 1:colcon.colcon_core.package_identification:_identify(src/vision_docking_bringup) by extension 'ros'
[0.137s] DEBUG:colcon.colcon_core.package_identification:Package 'src/vision_docking_bringup' with type 'ros.ament_python' and name 'vision_docking_bringup'
[0.137s] Level 1:colcon.colcon_core.package_identification:_identify(src/zed_heading_publisher) by extensions ['ignore', 'ignore_ament_install']
[0.137s] Level 1:colcon.colcon_core.package_identification:_identify(src/zed_heading_publisher) by extension 'ignore'
[0.138s] Level 1:colcon.colcon_core.package_identification:_identify(src/zed_heading_publisher) by extension 'ignore_ament_install'
[0.138s] Level 1:colcon.colcon_core.package_identification:_identify(src/zed_heading_publisher) by extensions ['colcon_pkg']
[0.138s] Level 1:colcon.colcon_core.package_identification:_identify(src/zed_heading_publisher) by extension 'colcon_pkg'
[0.138s] Level 1:colcon.colcon_core.package_identification:_identify(src/zed_heading_publisher) by extensions ['colcon_meta']
[0.138s] Level 1:colcon.colcon_core.package_identification:_identify(src/zed_heading_publisher) by extension 'colcon_meta'
[0.138s] Level 1:colcon.colcon_core.package_identification:_identify(src/zed_heading_publisher) by extensions ['ros']
[0.138s] Level 1:colcon.colcon_core.package_identification:_identify(src/zed_heading_publisher) by extension 'ros'
[0.138s] DEBUG:colcon.colcon_core.package_identification:Package 'src/zed_heading_publisher' with type 'ros.ament_python' and name 'zed_heading_publisher'
[0.138s] Level 1:colcon.colcon_core.package_identification:_identify(src/zed_interfaces) by extensions ['ignore', 'ignore_ament_install']
[0.138s] Level 1:colcon.colcon_core.package_identification:_identify(src/zed_interfaces) by extension 'ignore'
[0.138s] Level 1:colcon.colcon_core.package_identification:_identify(src/zed_interfaces) by extension 'ignore_ament_install'
[0.138s] Level 1:colcon.colcon_core.package_identification:_identify(src/zed_interfaces) by extensions ['colcon_pkg']
[0.138s] Level 1:colcon.colcon_core.package_identification:_identify(src/zed_interfaces) by extension 'colcon_pkg'
[0.139s] Level 1:colcon.colcon_core.package_identification:_identify(src/zed_interfaces) by extensions ['colcon_meta']
[0.139s] Level 1:colcon.colcon_core.package_identification:_identify(src/zed_interfaces) by extension 'colcon_meta'
[0.139s] Level 1:colcon.colcon_core.package_identification:_identify(src/zed_interfaces) by extensions ['ros']
[0.139s] Level 1:colcon.colcon_core.package_identification:_identify(src/zed_interfaces) by extension 'ros'
[0.139s] DEBUG:colcon.colcon_core.package_identification:Package 'src/zed_interfaces' with type 'ros.ament_cmake' and name 'zed_interfaces'
[0.139s] Level 1:colcon.colcon_core.package_identification:_identify(src/zed_wrapper_data_hub) by extensions ['ignore', 'ignore_ament_install']
[0.139s] Level 1:colcon.colcon_core.package_identification:_identify(src/zed_wrapper_data_hub) by extension 'ignore'
[0.139s] Level 1:colcon.colcon_core.package_identification:_identify(src/zed_wrapper_data_hub) by extension 'ignore_ament_install'
[0.139s] Level 1:colcon.colcon_core.package_identification:_identify(src/zed_wrapper_data_hub) by extensions ['colcon_pkg']
[0.139s] Level 1:colcon.colcon_core.package_identification:_identify(src/zed_wrapper_data_hub) by extension 'colcon_pkg'
[0.139s] Level 1:colcon.colcon_core.package_identification:_identify(src/zed_wrapper_data_hub) by extensions ['colcon_meta']
[0.139s] Level 1:colcon.colcon_core.package_identification:_identify(src/zed_wrapper_data_hub) by extension 'colcon_meta'
[0.139s] Level 1:colcon.colcon_core.package_identification:_identify(src/zed_wrapper_data_hub) by extensions ['ros']
[0.139s] Level 1:colcon.colcon_core.package_identification:_identify(src/zed_wrapper_data_hub) by extension 'ros'
[0.140s] DEBUG:colcon.colcon_core.package_identification:Package 'src/zed_wrapper_data_hub' with type 'ros.ament_python' and name 'zed_wrapper_data_hub'
[0.140s] Level 1:colcon.colcon_core.package_identification:_identify(tools) by extensions ['ignore', 'ignore_ament_install']
[0.140s] Level 1:colcon.colcon_core.package_identification:_identify(tools) by extension 'ignore'
[0.140s] Level 1:colcon.colcon_core.package_identification:_identify(tools) by extension 'ignore_ament_install'
[0.140s] Level 1:colcon.colcon_core.package_identification:_identify(tools) by extensions ['colcon_pkg']
[0.140s] Level 1:colcon.colcon_core.package_identification:_identify(tools) by extension 'colcon_pkg'
[0.140s] Level 1:colcon.colcon_core.package_identification:_identify(tools) by extensions ['colcon_meta']
[0.140s] Level 1:colcon.colcon_core.package_identification:_identify(tools) by extension 'colcon_meta'
[0.140s] Level 1:colcon.colcon_core.package_identification:_identify(tools) by extensions ['ros']
[0.140s] Level 1:colcon.colcon_core.package_identification:_identify(tools) by extension 'ros'
[0.140s] Level 1:colcon.colcon_core.package_identification:_identify(tools) by extensions ['cmake', 'python']
[0.140s] Level 1:colcon.colcon_core.package_identification:_identify(tools) by extension 'cmake'
[0.140s] Level 1:colcon.colcon_core.package_identification:_identify(tools) by extension 'python'
[0.140s] Level 1:colcon.colcon_core.package_identification:_identify(tools) by extensions ['python_setup_py']
[0.140s] Level 1:colcon.colcon_core.package_identification:_identify(tools) by extension 'python_setup_py'
[0.140s] Level 1:colcon.colcon_core.package_identification:_identify(tools/calibration) by extensions ['ignore', 'ignore_ament_install']
[0.140s] Level 1:colcon.colcon_core.package_identification:_identify(tools/calibration) by extension 'ignore'
[0.140s] Level 1:colcon.colcon_core.package_identification:_identify(tools/calibration) by extension 'ignore_ament_install'
[0.140s] Level 1:colcon.colcon_core.package_identification:_identify(tools/calibration) by extensions ['colcon_pkg']
[0.140s] Level 1:colcon.colcon_core.package_identification:_identify(tools/calibration) by extension 'colcon_pkg'
[0.140s] Level 1:colcon.colcon_core.package_identification:_identify(tools/calibration) by extensions ['colcon_meta']
[0.140s] Level 1:colcon.colcon_core.package_identification:_identify(tools/calibration) by extension 'colcon_meta'
[0.140s] Level 1:colcon.colcon_core.package_identification:_identify(tools/calibration) by extensions ['ros']
[0.140s] Level 1:colcon.colcon_core.package_identification:_identify(tools/calibration) by extension 'ros'
[0.140s] Level 1:colcon.colcon_core.package_identification:_identify(tools/calibration) by extensions ['cmake', 'python']
[0.140s] Level 1:colcon.colcon_core.package_identification:_identify(tools/calibration) by extension 'cmake'
[0.140s] Level 1:colcon.colcon_core.package_identification:_identify(tools/calibration) by extension 'python'
[0.140s] Level 1:colcon.colcon_core.package_identification:_identify(tools/calibration) by extensions ['python_setup_py']
[0.140s] Level 1:colcon.colcon_core.package_identification:_identify(tools/calibration) by extension 'python_setup_py'
[0.140s] Level 1:colcon.colcon_core.package_discovery:discover_packages(recursive) using defaults
[0.141s] Level 1:colcon.colcon_core.package_discovery:discover_packages(ignore) discover
[0.141s] Level 1:colcon.colcon_core.package_discovery:discover_packages(ignore) using defaults
[0.141s] Level 1:colcon.colcon_core.package_discovery:discover_packages(path) discover
[0.141s] Level 1:colcon.colcon_core.package_discovery:discover_packages(path) using defaults
[0.158s] INFO:colcon.colcon_core.package_selection:Skipping not selected package 'aruco_interfaces' in 'src/aruco_interfaces'
[0.158s] INFO:colcon.colcon_core.package_selection:Skipping not selected package 'locomotion_core' in 'src/locomotion_core'
[0.158s] INFO:colcon.colcon_core.package_selection:Skipping not selected package 'uwb_interfaces' in 'src/uwb_interfaces'
[0.158s] INFO:colcon.colcon_core.package_selection:Skipping not selected package 'zed_wrapper_data_hub' in 'src/zed_wrapper_data_hub'
[0.158s] INFO:colcon.colcon_core.package_selection:Skipping not selected package 'aruco_distance_publisher' in 'src/aruco_distance_publisher'
[0.158s] INFO:colcon.colcon_core.package_selection:Skipping not selected package 'uwb_position_publisher' in 'src/uwb_position_publisher'
[0.158s] INFO:colcon.colcon_core.package_selection:Skipping not selected package 'uwb_position_zed_pose_ctrl' in 'src/uwb_position_zed_pose_ctrl'
[0.158s] INFO:colcon.colcon_core.package_selection:Skipping not selected package 'vision_dist_ctrl' in 'src/vision_dist_ctrl'
[0.158s] INFO:colcon.colcon_core.package_selection:Skipping not selected package 'uwb_zed_docking_bringup' in 'src/uwb_zed_docking_bringup'
[0.158s] INFO:colcon.colcon_core.package_selection:Skipping not selected package 'vision_docking_bringup' in 'src/vision_docking_bringup'
[0.158s] Level 1:colcon.colcon_core.package_discovery:discover_packages(prefix_path) check parameters
[0.158s] Level 1:colcon.colcon_core.package_discovery:discover_packages(prefix_path) discover
[0.160s] DEBUG:colcon.colcon_installed_package_information.package_discovery:Found 290 installed packages in /opt/ros/jazzy
[0.161s] Level 1:colcon.colcon_core.package_discovery:discover_packages(prefix_path) using defaults
[0.192s] Level 5:colcon.colcon_core.verb:set package 'zed_interfaces' build argument 'cmake_args' from command line to 'None'
[0.192s] Level 5:colcon.colcon_core.verb:set package 'zed_interfaces' build argument 'cmake_target' from command line to 'None'
[0.192s] Level 5:colcon.colcon_core.verb:set package 'zed_interfaces' build argument 'cmake_target_skip_unavailable' from command line to 'False'
[0.192s] Level 5:colcon.colcon_core.verb:set package 'zed_interfaces' build argument 'cmake_clean_cache' from command line to 'False'
[0.192s] Level 5:colcon.colcon_core.verb:set package 'zed_interfaces' build argument 'cmake_clean_first' from command line to 'False'
[0.192s] Level 5:colcon.colcon_core.verb:set package 'zed_interfaces' build argument 'cmake_force_configure' from command line to 'False'
[0.192s] Level 5:colcon.colcon_core.verb:set package 'zed_interfaces' build argument 'ament_cmake_args' from command line to 'None'
[0.192s] Level 5:colcon.colcon_core.verb:set package 'zed_interfaces' build argument 'catkin_cmake_args' from command line to 'None'
[0.192s] Level 5:colcon.colcon_core.verb:set package 'zed_interfaces' build argument 'catkin_skip_building_tests' from command line to 'False'
[0.192s] DEBUG:colcon.colcon_core.verb:Building package 'zed_interfaces' with the following arguments: {'ament_cmake_args': None, 'build_base': '/home/keisuke-kawanishi/robotics/public/mobile_robot_system/build/zed_interfaces', 'catkin_cmake_args': None, 'catkin_skip_building_tests': False, 'cmake_args': None, 'cmake_clean_cache': False, 'cmake_clean_first': False, 'cmake_force_configure': False, 'cmake_target': None, 'cmake_target_skip_unavailable': False, 'install_base': '/home/keisuke-kawanishi/robotics/public/mobile_robot_system/install/zed_interfaces', 'merge_install': False, 'path': '/home/keisuke-kawanishi/robotics/public/mobile_robot_system/src/zed_interfaces', 'symlink_install': True, 'test_result_base': None}
[0.193s] Level 5:colcon.colcon_core.verb:set package 'zed_heading_publisher' build argument 'cmake_args' from command line to 'None'
[0.193s] Level 5:colcon.colcon_core.verb:set package 'zed_heading_publisher' build argument 'cmake_target' from command line to 'None'
[0.193s] Level 5:colcon.colcon_core.verb:set package 'zed_heading_publisher' build argument 'cmake_target_skip_unavailable' from command line to 'False'
[0.193s] Level 5:colcon.colcon_core.verb:set package 'zed_heading_publisher' build argument 'cmake_clean_cache' from command line to 'False'
[0.193s] Level 5:colcon.colcon_core.verb:set package 'zed_heading_publisher' build argument 'cmake_clean_first' from command line to 'False'
[0.193s] Level 5:colcon.colcon_core.verb:set package 'zed_heading_publisher' build argument 'cmake_force_configure' from command line to 'False'
[0.193s] Level 5:colcon.colcon_core.verb:set package 'zed_heading_publisher' build argument 'ament_cmake_args' from command line to 'None'
[0.193s] Level 5:colcon.colcon_core.verb:set package 'zed_heading_publisher' build argument 'catkin_cmake_args' from command line to 'None'
[0.193s] Level 5:colcon.colcon_core.verb:set package 'zed_heading_publisher' build argument 'catkin_skip_building_tests' from command line to 'False'
[0.193s] DEBUG:colcon.colcon_core.verb:Building package 'zed_heading_publisher' with the following arguments: {'ament_cmake_args': None, 'build_base': '/home/keisuke-kawanishi/robotics/public/mobile_robot_system/build/zed_heading_publisher', 'catkin_cmake_args': None, 'catkin_skip_building_tests': False, 'cmake_args': None, 'cmake_clean_cache': False, 'cmake_clean_first': False, 'cmake_force_configure': False, 'cmake_target': None, 'cmake_target_skip_unavailable': False, 'install_base': '/home/keisuke-kawanishi/robotics/public/mobile_robot_system/install/zed_heading_publisher', 'merge_install': False, 'path': '/home/keisuke-kawanishi/robotics/public/mobile_robot_system/src/zed_heading_publisher', 'symlink_install': True, 'test_result_base': None}
[0.193s] INFO:colcon.colcon_core.executor:Executing jobs using 'parallel' executor
[0.194s] DEBUG:colcon.colcon_parallel_executor.executor.parallel:run_until_complete
[0.194s] INFO:colcon.colcon_ros.task.ament_cmake.build:Building ROS package in '/home/keisuke-kawanishi/robotics/public/mobile_robot_system/src/zed_interfaces' with build type 'ament_cmake'
[0.194s] INFO:colcon.colcon_cmake.task.cmake.build:Building CMake package in '/home/keisuke-kawanishi/robotics/public/mobile_robot_system/src/zed_interfaces'
[0.196s] INFO:colcon.colcon_core.plugin_system:Skipping extension 'colcon_core.shell.bat': Not used on non-Windows systems
[0.196s] INFO:colcon.colcon_core.shell:Skip shell extension 'powershell' for command environment: Not usable outside of PowerShell
[0.196s] DEBUG:colcon.colcon_core.shell:Skip shell extension 'dsv' for command environment
[0.200s] DEBUG:colcon.colcon_core.event_handler.log_command:Invoking command in '/home/keisuke-kawanishi/robotics/public/mobile_robot_system/build/zed_interfaces': CMAKE_PREFIX_PATH=${CMAKE_PREFIX_PATH}:/opt/ros/jazzy DEBUGINFOD_URLS=https://debuginfod.ubuntu.com /usr/bin/cmake --build /home/keisuke-kawanishi/robotics/public/mobile_robot_system/build/zed_interfaces -- -j16 -l16
[0.490s] DEBUG:colcon.colcon_core.event_handler.log_command:Invoked command in '/home/keisuke-kawanishi/robotics/public/mobile_robot_system/build/zed_interfaces' returned '0': CMAKE_PREFIX_PATH=${CMAKE_PREFIX_PATH}:/opt/ros/jazzy DEBUGINFOD_URLS=https://debuginfod.ubuntu.com /usr/bin/cmake --build /home/keisuke-kawanishi/robotics/public/mobile_robot_system/build/zed_interfaces -- -j16 -l16
[0.496s] DEBUG:colcon.colcon_core.event_handler.log_command:Invoking command in '/home/keisuke-kawanishi/robotics/public/mobile_robot_system/build/zed_interfaces': CMAKE_PREFIX_PATH=${CMAKE_PREFIX_PATH}:/opt/ros/jazzy DEBUGINFOD_URLS=https://debuginfod.ubuntu.com /usr/bin/cmake --install /home/keisuke-kawanishi/robotics/public/mobile_robot_system/build/zed_interfaces
[0.550s] Level 1:colcon.colcon_core.environment:create_environment_scripts_only(zed_interfaces)
[0.551s] DEBUG:colcon.colcon_core.event_handler.log_command:Invoked command in '/home/keisuke-kawanishi/robotics/public/mobile_robot_system/build/zed_interfaces' returned '0': CMAKE_PREFIX_PATH=${CMAKE_PREFIX_PATH}:/opt/ros/jazzy DEBUGINFOD_URLS=https://debuginfod.ubuntu.com /usr/bin/cmake --install /home/keisuke-kawanishi/robotics/public/mobile_robot_system/build/zed_interfaces
[0.552s] Level 1:colcon.colcon_core.environment:checking '/home/keisuke-kawanishi/robotics/public/mobile_robot_system/install/zed_interfaces' for CMake module files
[0.552s] Level 1:colcon.colcon_core.environment:checking '/home/keisuke-kawanishi/robotics/public/mobile_robot_system/install/zed_interfaces' for CMake config files
[0.553s] Level 1:colcon.colcon_core.shell:create_environment_hook('zed_interfaces', 'cmake_prefix_path')
[0.553s] INFO:colcon.colcon_core.shell:Creating environment hook '/home/keisuke-kawanishi/robotics/public/mobile_robot_system/install/zed_interfaces/share/zed_interfaces/hook/cmake_prefix_path.ps1'
[0.554s] INFO:colcon.colcon_core.shell:Creating environment descriptor '/home/keisuke-kawanishi/robotics/public/mobile_robot_system/install/zed_interfaces/share/zed_interfaces/hook/cmake_prefix_path.dsv'
[0.554s] INFO:colcon.colcon_core.shell:Creating environment hook '/home/keisuke-kawanishi/robotics/public/mobile_robot_system/install/zed_interfaces/share/zed_interfaces/hook/cmake_prefix_path.sh'
[0.555s] Level 1:colcon.colcon_core.environment:checking '/home/keisuke-kawanishi/robotics/public/mobile_robot_system/install/zed_interfaces/lib'
[0.556s] Level 1:colcon.colcon_core.shell:create_environment_hook('zed_interfaces', 'ld_library_path_lib')
[0.556s] INFO:colcon.colcon_core.shell:Creating environment hook '/home/keisuke-kawanishi/robotics/public/mobile_robot_system/install/zed_interfaces/share/zed_interfaces/hook/ld_library_path_lib.ps1'
[0.556s] INFO:colcon.colcon_core.shell:Creating environment descriptor '/home/keisuke-kawanishi/robotics/public/mobile_robot_system/install/zed_interfaces/share/zed_interfaces/hook/ld_library_path_lib.dsv'
[0.556s] INFO:colcon.colcon_core.shell:Creating environment hook '/home/keisuke-kawanishi/robotics/public/mobile_robot_system/install/zed_interfaces/share/zed_interfaces/hook/ld_library_path_lib.sh'
[0.557s] Level 1:colcon.colcon_core.environment:checking '/home/keisuke-kawanishi/robotics/public/mobile_robot_system/install/zed_interfaces/bin'
[0.557s] Level 1:colcon.colcon_core.environment:checking '/home/keisuke-kawanishi/robotics/public/mobile_robot_system/install/zed_interfaces/lib/pkgconfig/zed_interfaces.pc'
[0.557s] Level 1:colcon.colcon_core.environment:checking '/home/keisuke-kawanishi/robotics/public/mobile_robot_system/install/zed_interfaces/lib/python3.12/site-packages'
[0.557s] Level 1:colcon.colcon_core.shell:create_environment_hook('zed_interfaces', 'pythonpath')
[0.557s] INFO:colcon.colcon_core.shell:Creating environment hook '/home/keisuke-kawanishi/robotics/public/mobile_robot_system/install/zed_interfaces/share/zed_interfaces/hook/pythonpath.ps1'
[0.557s] INFO:colcon.colcon_core.shell:Creating environment descriptor '/home/keisuke-kawanishi/robotics/public/mobile_robot_system/install/zed_interfaces/share/zed_interfaces/hook/pythonpath.dsv'
[0.558s] INFO:colcon.colcon_core.shell:Creating environment hook '/home/keisuke-kawanishi/robotics/public/mobile_robot_system/install/zed_interfaces/share/zed_interfaces/hook/pythonpath.sh'
[0.558s] Level 1:colcon.colcon_core.environment:checking '/home/keisuke-kawanishi/robotics/public/mobile_robot_system/install/zed_interfaces/bin'
[0.558s] INFO:colcon.colcon_core.shell:Creating package script '/home/keisuke-kawanishi/robotics/public/mobile_robot_system/install/zed_interfaces/share/zed_interfaces/package.ps1'
[0.559s] INFO:colcon.colcon_core.shell:Creating package descriptor '/home/keisuke-kawanishi/robotics/public/mobile_robot_system/install/zed_interfaces/share/zed_interfaces/package.dsv'
[0.559s] INFO:colcon.colcon_core.shell:Creating package script '/home/keisuke-kawanishi/robotics/public/mobile_robot_system/install/zed_interfaces/share/zed_interfaces/package.sh'
[0.560s] INFO:colcon.colcon_core.shell:Creating package script '/home/keisuke-kawanishi/robotics/public/mobile_robot_system/install/zed_interfaces/share/zed_interfaces/package.bash'
[0.560s] INFO:colcon.colcon_core.shell:Creating package script '/home/keisuke-kawanishi/robotics/public/mobile_robot_system/install/zed_interfaces/share/zed_interfaces/package.zsh'
[0.560s] Level 1:colcon.colcon_core.environment:create_file_with_runtime_dependencies(/home/keisuke-kawanishi/robotics/public/mobile_robot_system/install/zed_interfaces/share/colcon-core/packages/zed_interfaces)
[0.561s] Level 1:colcon.colcon_core.environment:create_environment_scripts_only(zed_interfaces)
[0.561s] Level 1:colcon.colcon_core.environment:checking '/home/keisuke-kawanishi/robotics/public/mobile_robot_system/install/zed_interfaces' for CMake module files
[0.562s] Level 1:colcon.colcon_core.environment:checking '/home/keisuke-kawanishi/robotics/public/mobile_robot_system/install/zed_interfaces' for CMake config files
[0.562s] Level 1:colcon.colcon_core.shell:create_environment_hook('zed_interfaces', 'cmake_prefix_path')
[0.562s] INFO:colcon.colcon_core.shell:Creating environment hook '/home/keisuke-kawanishi/robotics/public/mobile_robot_system/install/zed_interfaces/share/zed_interfaces/hook/cmake_prefix_path.ps1'
[0.562s] INFO:colcon.colcon_core.shell:Creating environment descriptor '/home/keisuke-kawanishi/robotics/public/mobile_robot_system/install/zed_interfaces/share/zed_interfaces/hook/cmake_prefix_path.dsv'
[0.563s] INFO:colcon.colcon_core.shell:Creating environment hook '/home/keisuke-kawanishi/robotics/public/mobile_robot_system/install/zed_interfaces/share/zed_interfaces/hook/cmake_prefix_path.sh'
[0.563s] Level 1:colcon.colcon_core.environment:checking '/home/keisuke-kawanishi/robotics/public/mobile_robot_system/install/zed_interfaces/lib'
[0.563s] Level 1:colcon.colcon_core.shell:create_environment_hook('zed_interfaces', 'ld_library_path_lib')
[0.563s] INFO:colcon.colcon_core.shell:Creating environment hook '/home/keisuke-kawanishi/robotics/public/mobile_robot_system/install/zed_interfaces/share/zed_interfaces/hook/ld_library_path_lib.ps1'
[0.563s] INFO:colcon.colcon_core.shell:Creating environment descriptor '/home/keisuke-kawanishi/robotics/public/mobile_robot_system/install/zed_interfaces/share/zed_interfaces/hook/ld_library_path_lib.dsv'
[0.564s] INFO:colcon.colcon_core.shell:Creating environment hook '/home/keisuke-kawanishi/robotics/public/mobile_robot_system/install/zed_interfaces/share/zed_interfaces/hook/ld_library_path_lib.sh'
[0.564s] Level 1:colcon.colcon_core.environment:checking '/home/keisuke-kawanishi/robotics/public/mobile_robot_system/install/zed_interfaces/bin'
[0.564s] Level 1:colcon.colcon_core.environment:checking '/home/keisuke-kawanishi/robotics/public/mobile_robot_system/install/zed_interfaces/lib/pkgconfig/zed_interfaces.pc'
[0.564s] Level 1:colcon.colcon_core.environment:checking '/home/keisuke-kawanishi/robotics/public/mobile_robot_system/install/zed_interfaces/lib/python3.12/site-packages'
[0.564s] Level 1:colcon.colcon_core.shell:create_environment_hook('zed_interfaces', 'pythonpath')
[0.564s] INFO:colcon.colcon_core.shell:Creating environment hook '/home/keisuke-kawanishi/robotics/public/mobile_robot_system/install/zed_interfaces/share/zed_interfaces/hook/pythonpath.ps1'
[0.564s] INFO:colcon.colcon_core.shell:Creating environment descriptor '/home/keisuke-kawanishi/robotics/public/mobile_robot_system/install/zed_interfaces/share/zed_interfaces/hook/pythonpath.dsv'
[0.565s] INFO:colcon.colcon_core.shell:Creating environment hook '/home/keisuke-kawanishi/robotics/public/mobile_robot_system/install/zed_interfaces/share/zed_interfaces/hook/pythonpath.sh'
[0.565s] Level 1:colcon.colcon_core.environment:checking '/home/keisuke-kawanishi/robotics/public/mobile_robot_system/install/zed_interfaces/bin'
[0.565s] INFO:colcon.colcon_core.shell:Creating package script '/home/keisuke-kawanishi/robotics/public/mobile_robot_system/install/zed_interfaces/share/zed_interfaces/package.ps1'
[0.566s] INFO:colcon.colcon_core.shell:Creating package descriptor '/home/keisuke-kawanishi/robotics/public/mobile_robot_system/install/zed_interfaces/share/zed_interfaces/package.dsv'
[0.566s] INFO:colcon.colcon_core.shell:Creating package script '/home/keisuke-kawanishi/robotics/public/mobile_robot_system/install/zed_interfaces/share/zed_interfaces/package.sh'
[0.566s] INFO:colcon.colcon_core.shell:Creating package script '/home/keisuke-kawanishi/robotics/public/mobile_robot_system/install/zed_interfaces/share/zed_interfaces/package.bash'
[0.566s] INFO:colcon.colcon_core.shell:Creating package script '/home/keisuke-kawanishi/robotics/public/mobile_robot_system/install/zed_interfaces/share/zed_interfaces/package.zsh'
[0.567s] Level 1:colcon.colcon_core.environment:create_file_with_runtime_dependencies(/home/keisuke-kawanishi/robotics/public/mobile_robot_system/install/zed_interfaces/share/colcon-core/packages/zed_interfaces)
[0.567s] INFO:colcon.colcon_ros.task.ament_python.build:Building ROS package in '/home/keisuke-kawanishi/robotics/public/mobile_robot_system/src/zed_heading_publisher' with build type 'ament_python'
[0.567s] Level 1:colcon.colcon_core.shell:create_environment_hook('zed_heading_publisher', 'ament_prefix_path')
[0.567s] INFO:colcon.colcon_core.shell:Creating environment hook '/home/keisuke-kawanishi/robotics/public/mobile_robot_system/install/zed_heading_publisher/share/zed_heading_publisher/hook/ament_prefix_path.ps1'
[0.567s] INFO:colcon.colcon_core.shell:Creating environment descriptor '/home/keisuke-kawanishi/robotics/public/mobile_robot_system/install/zed_heading_publisher/share/zed_heading_publisher/hook/ament_prefix_path.dsv'
[0.568s] INFO:colcon.colcon_core.shell:Creating environment hook '/home/keisuke-kawanishi/robotics/public/mobile_robot_system/install/zed_heading_publisher/share/zed_heading_publisher/hook/ament_prefix_path.sh'
[0.568s] INFO:colcon.colcon_core.shell:Skip shell extension 'powershell' for command environment: Not usable outside of PowerShell
[0.568s] DEBUG:colcon.colcon_core.shell:Skip shell extension 'dsv' for command environment
[0.758s] INFO:colcon.colcon_core.task.python.build:Building Python package in '/home/keisuke-kawanishi/robotics/public/mobile_robot_system/src/zed_heading_publisher'
[0.758s] INFO:colcon.colcon_core.shell:Skip shell extension 'powershell' for command environment: Not usable outside of PowerShell
[0.758s] DEBUG:colcon.colcon_core.shell:Skip shell extension 'dsv' for command environment
[1.155s] DEBUG:colcon.colcon_core.task.python.build:Available setuptools commands: bdist_egg, bdist_rpm, install_lib, extract_messages, egg_info, rotate, setopt, dist_info, install_headers, test, compile_catalog, check, easy_install, bdist_wheel, register, bdist, install_data, symlink_data, editable_wheel, bdist_dumb, build_clib, clean, install_egg_info, develop, build_ext, upload, upload_docs, install_scripts, build_scripts, build, build_py, install, saveopts, alias, init_catalog, sdist, update_catalog
[1.386s] DEBUG:colcon.colcon_core.task.python.build:Available setuptools 'develop' options: --force-installation-into-system-dir, --upgrade, --no-deps, --help, --zip-ok, --user, --always-copy, --install-layout, --site-dirs, --uninstall, --egg-path, --quiet, --local-snapshots-ok, --optimize, --dry-run, --always-unzip, --prefix, --no-find-links, --build-directory, --script-dir, --multi-version, --install-dir, --index-url, --record, --exclude-scripts, --verbose, --editable, --allow-hosts, --version, --find-links, --no-user-cfg
[1.388s] DEBUG:colcon.colcon_core.event_handler.log_command:Invoking command in '/home/keisuke-kawanishi/robotics/public/mobile_robot_system/build/zed_heading_publisher': AMENT_PREFIX_PATH=/home/keisuke-kawanishi/robotics/public/mobile_robot_system/install/zed_interfaces:${AMENT_PREFIX_PATH} CMAKE_PREFIX_PATH=/home/keisuke-kawanishi/robotics/public/mobile_robot_system/install/zed_interfaces:${CMAKE_PREFIX_PATH} DEBUGINFOD_URLS=https://debuginfod.ubuntu.com LD_LIBRARY_PATH=/home/keisuke-kawanishi/robotics/public/mobile_robot_system/install/zed_interfaces/lib:${LD_LIBRARY_PATH} PYTHONPATH=/home/keisuke-kawanishi/robotics/public/mobile_robot_system/build/zed_heading_publisher/prefix_override:/usr/lib/python3/dist-packages/colcon_core/task/python/colcon_distutils_commands:/home/keisuke-kawanishi/robotics/public/mobile_robot_system/install/zed_heading_publisher/lib/python3.12/site-packages:/home/keisuke-kawanishi/robotics/public/mobile_robot_system/install/zed_interfaces/lib/python3.12/site-packages:${PYTHONPATH} /usr/bin/python3 -W ignore:setup.py install is deprecated -W ignore:easy_install command is deprecated setup.py develop --editable --build-directory /home/keisuke-kawanishi/robotics/public/mobile_robot_system/build/zed_heading_publisher/build --no-deps symlink_data
[1.816s] Level 1:colcon.colcon_core.shell:create_environment_hook('zed_heading_publisher', 'pythonpath_develop')
[1.816s] INFO:colcon.colcon_core.shell:Creating environment hook '/home/keisuke-kawanishi/robotics/public/mobile_robot_system/build/zed_heading_publisher/share/zed_heading_publisher/hook/pythonpath_develop.ps1'
[1.816s] DEBUG:colcon.colcon_core.event_handler.log_command:Invoked command in '/home/keisuke-kawanishi/robotics/public/mobile_robot_system/build/zed_heading_publisher' returned '0': AMENT_PREFIX_PATH=/home/keisuke-kawanishi/robotics/public/mobile_robot_system/install/zed_interfaces:${AMENT_PREFIX_PATH} CMAKE_PREFIX_PATH=/home/keisuke-kawanishi/robotics/public/mobile_robot_system/install/zed_interfaces:${CMAKE_PREFIX_PATH} DEBUGINFOD_URLS=https://debuginfod.ubuntu.com LD_LIBRARY_PATH=/home/keisuke-kawanishi/robotics/public/mobile_robot_system/install/zed_interfaces/lib:${LD_LIBRARY_PATH} PYTHONPATH=/home/keisuke-kawanishi/robotics/public/mobile_robot_system/build/zed_heading_publisher/prefix_override:/usr/lib/python3/dist-packages/colcon_core/task/python/colcon_distutils_commands:/home/keisuke-kawanishi/robotics/public/mobile_robot_system/install/zed_heading_publisher/lib/python3.12/site-packages:/home/keisuke-kawanishi/robotics/public/mobile_robot_system/install/zed_interfaces/lib/python3.12/site-packages:${PYTHONPATH} /usr/bin/python3 -W ignore:setup.py install is deprecated -W ignore:easy_install command is deprecated setup.py develop --editable --build-directory /home/keisuke-kawanishi/robotics/public/mobile_robot_system/build/zed_heading_publisher/build --no-deps symlink_data
[1.816s] INFO:colcon.colcon_core.shell:Creating environment descriptor '/home/keisuke-kawanishi/robotics/public/mobile_robot_system/build/zed_heading_publisher/share/zed_heading_publisher/hook/pythonpath_develop.dsv'
[1.817s] INFO:colcon.colcon_core.shell:Creating environment hook '/home/keisuke-kawanishi/robotics/public/mobile_robot_system/build/zed_heading_publisher/share/zed_heading_publisher/hook/pythonpath_develop.sh'
[1.817s] Level 1:colcon.colcon_core.environment:checking '/home/keisuke-kawanishi/robotics/public/mobile_robot_system/install/zed_heading_publisher' for CMake module files
[1.817s] Level 1:colcon.colcon_core.environment:checking '/home/keisuke-kawanishi/robotics/public/mobile_robot_system/install/zed_heading_publisher' for CMake config files
[1.818s] Level 1:colcon.colcon_core.environment:checking '/home/keisuke-kawanishi/robotics/public/mobile_robot_system/install/zed_heading_publisher/lib'
[1.818s] Level 1:colcon.colcon_core.environment:checking '/home/keisuke-kawanishi/robotics/public/mobile_robot_system/install/zed_heading_publisher/bin'
[1.818s] Level 1:colcon.colcon_core.environment:checking '/home/keisuke-kawanishi/robotics/public/mobile_robot_system/install/zed_heading_publisher/lib/pkgconfig/zed_heading_publisher.pc'
[1.818s] Level 1:colcon.colcon_core.environment:checking '/home/keisuke-kawanishi/robotics/public/mobile_robot_system/install/zed_heading_publisher/lib/python3.12/site-packages'
[1.818s] Level 1:colcon.colcon_core.shell:create_environment_hook('zed_heading_publisher', 'pythonpath')
[1.818s] INFO:colcon.colcon_core.shell:Creating environment hook '/home/keisuke-kawanishi/robotics/public/mobile_robot_system/install/zed_heading_publisher/share/zed_heading_publisher/hook/pythonpath.ps1'
[1.818s] INFO:colcon.colcon_core.shell:Creating environment descriptor '/home/keisuke-kawanishi/robotics/public/mobile_robot_system/install/zed_heading_publisher/share/zed_heading_publisher/hook/pythonpath.dsv'
[1.818s] INFO:colcon.colcon_core.shell:Creating environment hook '/home/keisuke-kawanishi/robotics/public/mobile_robot_system/install/zed_heading_publisher/share/zed_heading_publisher/hook/pythonpath.sh'
[1.819s] Level 1:colcon.colcon_core.environment:checking '/home/keisuke-kawanishi/robotics/public/mobile_robot_system/install/zed_heading_publisher/bin'
[1.819s] Level 1:colcon.colcon_core.environment:create_environment_scripts_only(zed_heading_publisher)
[1.819s] INFO:colcon.colcon_core.shell:Creating package script '/home/keisuke-kawanishi/robotics/public/mobile_robot_system/install/zed_heading_publisher/share/zed_heading_publisher/package.ps1'
[1.819s] INFO:colcon.colcon_core.shell:Creating package descriptor '/home/keisuke-kawanishi/robotics/public/mobile_robot_system/install/zed_heading_publisher/share/zed_heading_publisher/package.dsv'
[1.820s] INFO:colcon.colcon_core.shell:Creating package script '/home/keisuke-kawanishi/robotics/public/mobile_robot_system/install/zed_heading_publisher/share/zed_heading_publisher/package.sh'
[1.820s] INFO:colcon.colcon_core.shell:Creating package script '/home/keisuke-kawanishi/robotics/public/mobile_robot_system/install/zed_heading_publisher/share/zed_heading_publisher/package.bash'
[1.820s] INFO:colcon.colcon_core.shell:Creating package script '/home/keisuke-kawanishi/robotics/public/mobile_robot_system/install/zed_heading_publisher/share/zed_heading_publisher/package.zsh'
[1.820s] Level 1:colcon.colcon_core.environment:create_file_with_runtime_dependencies(/home/keisuke-kawanishi/robotics/public/mobile_robot_system/install/zed_heading_publisher/share/colcon-core/packages/zed_heading_publisher)
[1.820s] DEBUG:colcon.colcon_parallel_executor.executor.parallel:closing loop
[1.821s] DEBUG:colcon.colcon_parallel_executor.executor.parallel:loop closed
[1.821s] DEBUG:colcon.colcon_parallel_executor.executor.parallel:run_until_complete finished with '0'
[1.821s] DEBUG:colcon.colcon_core.event_reactor:joining thread
[1.825s] INFO:colcon.colcon_core.plugin_system:Skipping extension 'colcon_notification.desktop_notification.terminal_notifier': Not used on non-Darwin systems
[1.825s] INFO:colcon.colcon_core.plugin_system:Skipping extension 'colcon_notification.desktop_notification.win32': Not used on non-Windows systems
[1.825s] INFO:colcon.colcon_notification.desktop_notification:Sending desktop notification using 'notify2'
[1.826s] DEBUG:colcon.colcon_notification.desktop_notification.notify2:Failed to initialize notify2: org.freedesktop.DBus.Error.AccessDenied: Failed to connect to socket /run/user/1000/bus: Operation not permitted
[1.826s] DEBUG:colcon.colcon_core.event_reactor:joined thread
[1.826s] INFO:colcon.colcon_core.shell:Creating prefix script '/home/keisuke-kawanishi/robotics/public/mobile_robot_system/install/local_setup.ps1'
[1.827s] INFO:colcon.colcon_core.shell:Creating prefix util module '/home/keisuke-kawanishi/robotics/public/mobile_robot_system/install/_local_setup_util_ps1.py'
[1.828s] INFO:colcon.colcon_core.shell:Creating prefix chain script '/home/keisuke-kawanishi/robotics/public/mobile_robot_system/install/setup.ps1'
[1.828s] INFO:colcon.colcon_core.shell:Creating prefix script '/home/keisuke-kawanishi/robotics/public/mobile_robot_system/install/local_setup.sh'
[1.829s] INFO:colcon.colcon_core.shell:Creating prefix util module '/home/keisuke-kawanishi/robotics/public/mobile_robot_system/install/_local_setup_util_sh.py'
[1.829s] INFO:colcon.colcon_core.shell:Creating prefix chain script '/home/keisuke-kawanishi/robotics/public/mobile_robot_system/install/setup.sh'
[1.829s] INFO:colcon.colcon_core.shell:Creating prefix script '/home/keisuke-kawanishi/robotics/public/mobile_robot_system/install/local_setup.bash'
[1.830s] INFO:colcon.colcon_core.shell:Creating prefix chain script '/home/keisuke-kawanishi/robotics/public/mobile_robot_system/install/setup.bash'
[1.830s] INFO:colcon.colcon_core.shell:Creating prefix script '/home/keisuke-kawanishi/robotics/public/mobile_robot_system/install/local_setup.zsh'
[1.831s] INFO:colcon.colcon_core.shell:Creating prefix chain script '/home/keisuke-kawanishi/robotics/public/mobile_robot_system/install/setup.zsh'
