[0.006s] Invoking command in '/home/keisuke-kawanishi/robotics/public/mobile_robot_system/build/zed_interfaces': CMAKE_PREFIX_PATH=${CMAKE_PREFIX_PATH}:/opt/ros/jazzy DEBUGINFOD_URLS=https://debuginfod.ubuntu.com /usr/bin/cmake --build /home/keisuke-kawanishi/robotics/public/mobile_robot_system/build/zed_interfaces -- -j16 -l16
[0.047s] [  5%] Built target zed_interfaces__rs
[0.047s] [  5%] Built target zed_interfaces__rosidl_generator_type_description
[0.053s] [  5%] Built target ament_cmake_python_symlink_zed_interfaces
[0.062s] [ 20%] Built target zed_interfaces__cpp
[0.063s] [ 22%] Built target zed_interfaces__rosidl_generator_c
[0.081s] [ 51%] Built target zed_interfaces__rosidl_typesupport_fastrtps_cpp
[0.081s] [ 57%] Built target zed_interfaces__rosidl_typesupport_cpp
[0.081s] [ 60%] Built target zed_interfaces__rosidl_typesupport_fastrtps_c
[0.081s] [ 71%] Built target zed_interfaces__rosidl_typesupport_c
[0.082s] [ 74%] Built target zed_interfaces__rosidl_typesupport_introspection_c
[0.082s] [ 74%] Built target zed_interfaces__rosidl_typesupport_introspection_cpp
[0.096s] [ 74%] Built target zed_interfaces
[0.111s] [ 77%] Built target zed_interfaces__py
[0.128s] [ 82%] Built target zed_interfaces__rosidl_generator_py
[0.145s] [ 97%] Built target zed_interfaces_s__rosidl_typesupport_fastrtps_c
[0.145s] [ 97%] Built target zed_interfaces_s__rosidl_typesupport_c
[0.146s] [100%] Built target zed_interfaces_s__rosidl_typesupport_introspection_c
[0.220s] running egg_info
[0.234s] writing zed_interfaces.egg-info/PKG-INFO
[0.234s] writing dependency_links to zed_interfaces.egg-info/dependency_links.txt
[0.234s] writing top-level names to zed_interfaces.egg-info/top_level.txt
[0.274s] reading manifest file 'zed_interfaces.egg-info/SOURCES.txt'
[0.274s] writing manifest file 'zed_interfaces.egg-info/SOURCES.txt'
[0.298s] [100%] Built target ament_cmake_python_build_zed_interfaces_egg
[0.305s] Invoked command in '/home/keisuke-kawanishi/robotics/public/mobile_robot_system/build/zed_interfaces' returned '0': CMAKE_PREFIX_PATH=${CMAKE_PREFIX_PATH}:/opt/ros/jazzy DEBUGINFOD_URLS=https://debuginfod.ubuntu.com /usr/bin/cmake --build /home/keisuke-kawanishi/robotics/public/mobile_robot_system/build/zed_interfaces -- -j16 -l16
[0.314s] Invoking command in '/home/keisuke-kawanishi/robotics/public/mobile_robot_system/build/zed_interfaces': CMAKE_PREFIX_PATH=${CMAKE_PREFIX_PATH}:/opt/ros/jazzy DEBUGINFOD_URLS=https://debuginfod.ubuntu.com /usr/bin/cmake --install /home/keisuke-kawanishi/robotics/public/mobile_robot_system/build/zed_interfaces
[0.319s] -- Install configuration: ""
[0.320s] -- Execute custom install script
[0.320s] -- Up-to-date symlink: /home/keisuke-kawanishi/robotics/public/mobile_robot_system/install/zed_interfaces/share/ament_index/resource_index/rosidl_interfaces/zed_interfaces
[0.320s] -- Up-to-date symlink: /home/keisuke-kawanishi/robotics/public/mobile_robot_system/install/zed_interfaces/share/zed_interfaces/msg/ZedHeading.json
[0.320s] -- Up-to-date symlink: /home/keisuke-kawanishi/robotics/public/mobile_robot_system/install/zed_interfaces/include/zed_interfaces/zed_interfaces/msg/detail/zed_heading__functions.h
[0.320s] -- Up-to-date symlink: /home/keisuke-kawanishi/robotics/public/mobile_robot_system/install/zed_interfaces/include/zed_interfaces/zed_interfaces/msg/detail/zed_heading__struct.h
[0.320s] -- Up-to-date symlink: /home/keisuke-kawanishi/robotics/public/mobile_robot_system/install/zed_interfaces/include/zed_interfaces/zed_interfaces/msg/detail/zed_heading__type_support.h
[0.320s] -- Up-to-date symlink: /home/keisuke-kawanishi/robotics/public/mobile_robot_system/install/zed_interfaces/include/zed_interfaces/zed_interfaces/msg/rosidl_generator_c__visibility_control.h
[0.321s] -- Up-to-date symlink: /home/keisuke-kawanishi/robotics/public/mobile_robot_system/install/zed_interfaces/include/zed_interfaces/zed_interfaces/msg/zed_heading.h
[0.321s] -- Up-to-date symlink: /home/keisuke-kawanishi/robotics/public/mobile_robot_system/install/zed_interfaces/share/zed_interfaces/environment/library_path.sh
[0.321s] -- Up-to-date symlink: /home/keisuke-kawanishi/robotics/public/mobile_robot_system/install/zed_interfaces/share/zed_interfaces/environment/library_path.dsv
[0.321s] -- Up-to-date symlink: /home/keisuke-kawanishi/robotics/public/mobile_robot_system/install/zed_interfaces/include/zed_interfaces/zed_interfaces/msg/detail/zed_heading__rosidl_typesupport_fastrtps_c.h
[0.321s] -- Up-to-date symlink: /home/keisuke-kawanishi/robotics/public/mobile_robot_system/install/zed_interfaces/include/zed_interfaces/zed_interfaces/msg/rosidl_typesupport_fastrtps_c__visibility_control.h
[0.321s] -- Up-to-date symlink: /home/keisuke-kawanishi/robotics/public/mobile_robot_system/install/zed_interfaces/include/zed_interfaces/zed_interfaces/msg/detail/zed_heading__rosidl_typesupport_introspection_c.h
[0.321s] -- Up-to-date symlink: /home/keisuke-kawanishi/robotics/public/mobile_robot_system/install/zed_interfaces/include/zed_interfaces/zed_interfaces/msg/rosidl_typesupport_introspection_c__visibility_control.h
[0.321s] -- Up-to-date symlink: /home/keisuke-kawanishi/robotics/public/mobile_robot_system/install/zed_interfaces/include/zed_interfaces/zed_interfaces/msg/detail/zed_heading__builder.hpp
[0.322s] -- Up-to-date symlink: /home/keisuke-kawanishi/robotics/public/mobile_robot_system/install/zed_interfaces/include/zed_interfaces/zed_interfaces/msg/detail/zed_heading__struct.hpp
[0.322s] -- Up-to-date symlink: /home/keisuke-kawanishi/robotics/public/mobile_robot_system/install/zed_interfaces/include/zed_interfaces/zed_interfaces/msg/detail/zed_heading__traits.hpp
[0.322s] -- Up-to-date symlink: /home/keisuke-kawanishi/robotics/public/mobile_robot_system/install/zed_interfaces/include/zed_interfaces/zed_interfaces/msg/detail/zed_heading__type_support.hpp
[0.322s] -- Up-to-date symlink: /home/keisuke-kawanishi/robotics/public/mobile_robot_system/install/zed_interfaces/include/zed_interfaces/zed_interfaces/msg/rosidl_generator_cpp__visibility_control.hpp
[0.322s] -- Up-to-date symlink: /home/keisuke-kawanishi/robotics/public/mobile_robot_system/install/zed_interfaces/include/zed_interfaces/zed_interfaces/msg/zed_heading.hpp
[0.322s] -- Up-to-date symlink: /home/keisuke-kawanishi/robotics/public/mobile_robot_system/install/zed_interfaces/include/zed_interfaces/zed_interfaces/msg/detail/zed_heading__rosidl_typesupport_fastrtps_cpp.hpp
[0.322s] -- Up-to-date symlink: /home/keisuke-kawanishi/robotics/public/mobile_robot_system/install/zed_interfaces/include/zed_interfaces/zed_interfaces/msg/rosidl_typesupport_fastrtps_cpp__visibility_control.h
[0.322s] -- Up-to-date symlink: /home/keisuke-kawanishi/robotics/public/mobile_robot_system/install/zed_interfaces/include/zed_interfaces/zed_interfaces/msg/detail/zed_heading__rosidl_typesupport_introspection_cpp.hpp
[0.322s] -- Up-to-date symlink: /home/keisuke-kawanishi/robotics/public/mobile_robot_system/install/zed_interfaces/share/zed_interfaces/environment/pythonpath.sh
[0.323s] -- Up-to-date symlink: /home/keisuke-kawanishi/robotics/public/mobile_robot_system/install/zed_interfaces/share/zed_interfaces/environment/pythonpath.dsv
[0.323s] -- Up-to-date symlink: /home/keisuke-kawanishi/robotics/public/mobile_robot_system/install/zed_interfaces/lib/python3.12/site-packages/zed_interfaces-0.0.0-py3.12.egg-info/PKG-INFO
[0.323s] -- Up-to-date symlink: /home/keisuke-kawanishi/robotics/public/mobile_robot_system/install/zed_interfaces/lib/python3.12/site-packages/zed_interfaces-0.0.0-py3.12.egg-info/SOURCES.txt
[0.323s] -- Up-to-date symlink: /home/keisuke-kawanishi/robotics/public/mobile_robot_system/install/zed_interfaces/lib/python3.12/site-packages/zed_interfaces-0.0.0-py3.12.egg-info/dependency_links.txt
[0.323s] -- Up-to-date symlink: /home/keisuke-kawanishi/robotics/public/mobile_robot_system/install/zed_interfaces/lib/python3.12/site-packages/zed_interfaces-0.0.0-py3.12.egg-info/top_level.txt
[0.323s] -- Up-to-date symlink: /home/keisuke-kawanishi/robotics/public/mobile_robot_system/install/zed_interfaces/lib/python3.12/site-packages/zed_interfaces/__init__.py
[0.324s] -- Up-to-date symlink: /home/keisuke-kawanishi/robotics/public/mobile_robot_system/install/zed_interfaces/lib/python3.12/site-packages/zed_interfaces/_zed_interfaces_s.ep.rosidl_typesupport_c.c
[0.324s] -- Up-to-date symlink: /home/keisuke-kawanishi/robotics/public/mobile_robot_system/install/zed_interfaces/lib/python3.12/site-packages/zed_interfaces/_zed_interfaces_s.ep.rosidl_typesupport_fastrtps_c.c
[0.324s] -- Up-to-date symlink: /home/keisuke-kawanishi/robotics/public/mobile_robot_system/install/zed_interfaces/lib/python3.12/site-packages/zed_interfaces/_zed_interfaces_s.ep.rosidl_typesupport_introspection_c.c
[0.324s] -- Up-to-date symlink: /home/keisuke-kawanishi/robotics/public/mobile_robot_system/install/zed_interfaces/lib/python3.12/site-packages/zed_interfaces/msg/__init__.py
[0.324s] -- Up-to-date symlink: /home/keisuke-kawanishi/robotics/public/mobile_robot_system/install/zed_interfaces/lib/python3.12/site-packages/zed_interfaces/msg/_zed_heading.py
[0.324s] -- Up-to-date symlink: /home/keisuke-kawanishi/robotics/public/mobile_robot_system/install/zed_interfaces/lib/python3.12/site-packages/zed_interfaces/msg/_zed_heading_s.c
[0.324s] -- Up-to-date symlink: /home/keisuke-kawanishi/robotics/public/mobile_robot_system/install/zed_interfaces/lib/python3.12/site-packages/zed_interfaces/zed_interfaces_s__rosidl_typesupport_c.so
[0.324s] -- Up-to-date symlink: /home/keisuke-kawanishi/robotics/public/mobile_robot_system/install/zed_interfaces/lib/python3.12/site-packages/zed_interfaces/zed_interfaces_s__rosidl_typesupport_fastrtps_c.so
[0.324s] -- Up-to-date symlink: /home/keisuke-kawanishi/robotics/public/mobile_robot_system/install/zed_interfaces/lib/python3.12/site-packages/zed_interfaces/zed_interfaces_s__rosidl_typesupport_introspection_c.so
[0.324s] -- Up-to-date symlink: /home/keisuke-kawanishi/robotics/public/mobile_robot_system/install/zed_interfaces/lib/python3.12/site-packages/zed_interfaces/zed_interfaces_s__rosidl_typesupport_fastrtps_c.so
[0.325s] -- Up-to-date symlink: /home/keisuke-kawanishi/robotics/public/mobile_robot_system/install/zed_interfaces/lib/python3.12/site-packages/zed_interfaces/zed_interfaces_s__rosidl_typesupport_introspection_c.so
[0.325s] -- Up-to-date symlink: /home/keisuke-kawanishi/robotics/public/mobile_robot_system/install/zed_interfaces/lib/python3.12/site-packages/zed_interfaces/zed_interfaces_s__rosidl_typesupport_c.so
[0.325s] -- Up-to-date symlink: /home/keisuke-kawanishi/robotics/public/mobile_robot_system/install/zed_interfaces/share/ament_index/resource_index/rust_packages/zed_interfaces
[0.325s] -- Up-to-date symlink: /home/keisuke-kawanishi/robotics/public/mobile_robot_system/install/zed_interfaces/share/zed_interfaces/rust/Cargo.toml
[0.325s] -- Up-to-date symlink: /home/keisuke-kawanishi/robotics/public/mobile_robot_system/install/zed_interfaces/share/zed_interfaces/rust/build.rs
[0.325s] -- Up-to-date symlink: /home/keisuke-kawanishi/robotics/public/mobile_robot_system/install/zed_interfaces/share/zed_interfaces/rust/src/lib.rs
[0.326s] -- Up-to-date symlink: /home/keisuke-kawanishi/robotics/public/mobile_robot_system/install/zed_interfaces/share/zed_interfaces/rust/src/msg.rs
[0.326s] -- Up-to-date symlink: /home/keisuke-kawanishi/robotics/public/mobile_robot_system/install/zed_interfaces/share/zed_interfaces/rust/src/msg/rmw.rs
[0.326s] -- Up-to-date symlink: /home/keisuke-kawanishi/robotics/public/mobile_robot_system/install/zed_interfaces/share/zed_interfaces/msg/ZedHeading.idl
[0.326s] -- Up-to-date symlink: /home/keisuke-kawanishi/robotics/public/mobile_robot_system/install/zed_interfaces/share/zed_interfaces/msg/ZedHeading.msg
[0.326s] -- Up-to-date symlink: /home/keisuke-kawanishi/robotics/public/mobile_robot_system/install/zed_interfaces/share/ament_index/resource_index/package_run_dependencies/zed_interfaces
[0.326s] -- Up-to-date symlink: /home/keisuke-kawanishi/robotics/public/mobile_robot_system/install/zed_interfaces/share/ament_index/resource_index/parent_prefix_path/zed_interfaces
[0.326s] -- Up-to-date symlink: /home/keisuke-kawanishi/robotics/public/mobile_robot_system/install/zed_interfaces/share/zed_interfaces/environment/ament_prefix_path.sh
[0.326s] -- Up-to-date symlink: /home/keisuke-kawanishi/robotics/public/mobile_robot_system/install/zed_interfaces/share/zed_interfaces/environment/ament_prefix_path.dsv
[0.326s] -- Up-to-date symlink: /home/keisuke-kawanishi/robotics/public/mobile_robot_system/install/zed_interfaces/share/zed_interfaces/environment/path.sh
[0.326s] -- Up-to-date symlink: /home/keisuke-kawanishi/robotics/public/mobile_robot_system/install/zed_interfaces/share/zed_interfaces/environment/path.dsv
[0.326s] -- Up-to-date symlink: /home/keisuke-kawanishi/robotics/public/mobile_robot_system/install/zed_interfaces/share/zed_interfaces/local_setup.bash
[0.326s] -- Up-to-date symlink: /home/keisuke-kawanishi/robotics/public/mobile_robot_system/install/zed_interfaces/share/zed_interfaces/local_setup.sh
[0.326s] -- Up-to-date symlink: /home/keisuke-kawanishi/robotics/public/mobile_robot_system/install/zed_interfaces/share/zed_interfaces/local_setup.zsh
[0.327s] -- Up-to-date symlink: /home/keisuke-kawanishi/robotics/public/mobile_robot_system/install/zed_interfaces/share/zed_interfaces/local_setup.dsv
[0.327s] -- Symlinking: /home/keisuke-kawanishi/robotics/public/mobile_robot_system/install/zed_interfaces/share/zed_interfaces/package.dsv
[0.335s] -- Up-to-date symlink: /home/keisuke-kawanishi/robotics/public/mobile_robot_system/install/zed_interfaces/share/ament_index/resource_index/packages/zed_interfaces
[0.335s] -- Up-to-date symlink: /home/keisuke-kawanishi/robotics/public/mobile_robot_system/install/zed_interfaces/share/zed_interfaces/cmake/rosidl_cmake-extras.cmake
[0.335s] -- Up-to-date symlink: /home/keisuke-kawanishi/robotics/public/mobile_robot_system/install/zed_interfaces/share/zed_interfaces/cmake/ament_cmake_export_dependencies-extras.cmake
[0.335s] -- Up-to-date symlink: /home/keisuke-kawanishi/robotics/public/mobile_robot_system/install/zed_interfaces/share/zed_interfaces/cmake/ament_cmake_export_include_directories-extras.cmake
[0.335s] -- Up-to-date symlink: /home/keisuke-kawanishi/robotics/public/mobile_robot_system/install/zed_interfaces/share/zed_interfaces/cmake/ament_cmake_export_libraries-extras.cmake
[0.335s] -- Up-to-date symlink: /home/keisuke-kawanishi/robotics/public/mobile_robot_system/install/zed_interfaces/share/zed_interfaces/cmake/ament_cmake_export_targets-extras.cmake
[0.335s] -- Up-to-date symlink: /home/keisuke-kawanishi/robotics/public/mobile_robot_system/install/zed_interfaces/share/zed_interfaces/cmake/rosidl_cmake_export_typesupport_targets-extras.cmake
[0.335s] -- Up-to-date symlink: /home/keisuke-kawanishi/robotics/public/mobile_robot_system/install/zed_interfaces/share/zed_interfaces/cmake/rosidl_cmake_export_typesupport_libraries-extras.cmake
[0.335s] -- Up-to-date symlink: /home/keisuke-kawanishi/robotics/public/mobile_robot_system/install/zed_interfaces/share/zed_interfaces/cmake/rosidl_cmake_aggregate_target-extras.cmake
[0.335s] -- Up-to-date symlink: /home/keisuke-kawanishi/robotics/public/mobile_robot_system/install/zed_interfaces/share/zed_interfaces/cmake/zed_interfacesConfig.cmake
[0.335s] -- Up-to-date symlink: /home/keisuke-kawanishi/robotics/public/mobile_robot_system/install/zed_interfaces/share/zed_interfaces/cmake/zed_interfacesConfig-version.cmake
[0.335s] -- Up-to-date symlink: /home/keisuke-kawanishi/robotics/public/mobile_robot_system/install/zed_interfaces/share/zed_interfaces/package.xml
[0.336s] -- Up-to-date: /home/keisuke-kawanishi/robotics/public/mobile_robot_system/install/zed_interfaces/lib/libzed_interfaces__rosidl_generator_c.so
[0.336s] -- Up-to-date: /home/keisuke-kawanishi/robotics/public/mobile_robot_system/install/zed_interfaces/lib/libzed_interfaces__rosidl_typesupport_fastrtps_c.so
[0.336s] -- Up-to-date: /home/keisuke-kawanishi/robotics/public/mobile_robot_system/install/zed_interfaces/lib/libzed_interfaces__rosidl_typesupport_introspection_c.so
[0.336s] -- Up-to-date: /home/keisuke-kawanishi/robotics/public/mobile_robot_system/install/zed_interfaces/lib/libzed_interfaces__rosidl_typesupport_c.so
[0.336s] -- Up-to-date: /home/keisuke-kawanishi/robotics/public/mobile_robot_system/install/zed_interfaces/lib/libzed_interfaces__rosidl_typesupport_fastrtps_cpp.so
[0.336s] -- Up-to-date: /home/keisuke-kawanishi/robotics/public/mobile_robot_system/install/zed_interfaces/lib/libzed_interfaces__rosidl_typesupport_introspection_cpp.so
[0.336s] -- Up-to-date: /home/keisuke-kawanishi/robotics/public/mobile_robot_system/install/zed_interfaces/lib/libzed_interfaces__rosidl_typesupport_cpp.so
[0.363s] Listing '/home/keisuke-kawanishi/robotics/public/mobile_robot_system/install/zed_interfaces/lib/python3.12/site-packages/zed_interfaces'...
[0.363s] Listing '/home/keisuke-kawanishi/robotics/public/mobile_robot_system/install/zed_interfaces/lib/python3.12/site-packages/zed_interfaces/msg'...
[0.368s] -- Up-to-date: /home/keisuke-kawanishi/robotics/public/mobile_robot_system/install/zed_interfaces/lib/libzed_interfaces__rosidl_generator_py.so
[0.368s] -- Up-to-date: /home/keisuke-kawanishi/robotics/public/mobile_robot_system/install/zed_interfaces/share/zed_interfaces/cmake/export_zed_interfaces__rosidl_generator_cExport.cmake
[0.368s] -- Up-to-date: /home/keisuke-kawanishi/robotics/public/mobile_robot_system/install/zed_interfaces/share/zed_interfaces/cmake/export_zed_interfaces__rosidl_generator_cExport-noconfig.cmake
[0.368s] -- Up-to-date: /home/keisuke-kawanishi/robotics/public/mobile_robot_system/install/zed_interfaces/share/zed_interfaces/cmake/export_zed_interfaces__rosidl_typesupport_fastrtps_cExport.cmake
[0.368s] -- Up-to-date: /home/keisuke-kawanishi/robotics/public/mobile_robot_system/install/zed_interfaces/share/zed_interfaces/cmake/export_zed_interfaces__rosidl_typesupport_fastrtps_cExport-noconfig.cmake
[0.368s] -- Up-to-date: /home/keisuke-kawanishi/robotics/public/mobile_robot_system/install/zed_interfaces/share/zed_interfaces/cmake/zed_interfaces__rosidl_typesupport_introspection_cExport.cmake
[0.368s] -- Up-to-date: /home/keisuke-kawanishi/robotics/public/mobile_robot_system/install/zed_interfaces/share/zed_interfaces/cmake/zed_interfaces__rosidl_typesupport_introspection_cExport-noconfig.cmake
[0.368s] -- Up-to-date: /home/keisuke-kawanishi/robotics/public/mobile_robot_system/install/zed_interfaces/share/zed_interfaces/cmake/zed_interfaces__rosidl_typesupport_cExport.cmake
[0.368s] -- Up-to-date: /home/keisuke-kawanishi/robotics/public/mobile_robot_system/install/zed_interfaces/share/zed_interfaces/cmake/zed_interfaces__rosidl_typesupport_cExport-noconfig.cmake
[0.368s] -- Up-to-date: /home/keisuke-kawanishi/robotics/public/mobile_robot_system/install/zed_interfaces/share/zed_interfaces/cmake/export_zed_interfaces__rosidl_generator_cppExport.cmake
[0.368s] -- Up-to-date: /home/keisuke-kawanishi/robotics/public/mobile_robot_system/install/zed_interfaces/share/zed_interfaces/cmake/export_zed_interfaces__rosidl_typesupport_fastrtps_cppExport.cmake
[0.369s] -- Up-to-date: /home/keisuke-kawanishi/robotics/public/mobile_robot_system/install/zed_interfaces/share/zed_interfaces/cmake/export_zed_interfaces__rosidl_typesupport_fastrtps_cppExport-noconfig.cmake
[0.369s] -- Up-to-date: /home/keisuke-kawanishi/robotics/public/mobile_robot_system/install/zed_interfaces/share/zed_interfaces/cmake/zed_interfaces__rosidl_typesupport_introspection_cppExport.cmake
[0.369s] -- Up-to-date: /home/keisuke-kawanishi/robotics/public/mobile_robot_system/install/zed_interfaces/share/zed_interfaces/cmake/zed_interfaces__rosidl_typesupport_introspection_cppExport-noconfig.cmake
[0.369s] -- Up-to-date: /home/keisuke-kawanishi/robotics/public/mobile_robot_system/install/zed_interfaces/share/zed_interfaces/cmake/zed_interfaces__rosidl_typesupport_cppExport.cmake
[0.369s] -- Up-to-date: /home/keisuke-kawanishi/robotics/public/mobile_robot_system/install/zed_interfaces/share/zed_interfaces/cmake/zed_interfaces__rosidl_typesupport_cppExport-noconfig.cmake
[0.369s] -- Up-to-date: /home/keisuke-kawanishi/robotics/public/mobile_robot_system/install/zed_interfaces/share/zed_interfaces/cmake/export_zed_interfaces__rosidl_generator_pyExport.cmake
[0.369s] -- Up-to-date: /home/keisuke-kawanishi/robotics/public/mobile_robot_system/install/zed_interfaces/share/zed_interfaces/cmake/export_zed_interfaces__rosidl_generator_pyExport-noconfig.cmake
[0.370s] Invoked command in '/home/keisuke-kawanishi/robotics/public/mobile_robot_system/build/zed_interfaces' returned '0': CMAKE_PREFIX_PATH=${CMAKE_PREFIX_PATH}:/opt/ros/jazzy DEBUGINFOD_URLS=https://debuginfod.ubuntu.com /usr/bin/cmake --install /home/keisuke-kawanishi/robotics/public/mobile_robot_system/build/zed_interfaces
