-- The C compiler identification is GNU 13.3.0
-- The CXX compiler identification is GNU 13.3.0
-- Detecting C compiler ABI info
-- Detecting C compiler ABI info - done
-- Check for working C compiler: /usr/bin/cc - skipped
-- Detecting C compile features
-- Detecting C compile features - done
-- Detecting CXX compiler ABI info
-- Detecting CXX compiler ABI info - done
-- Check for working CXX compiler: /usr/bin/c++ - skipped
-- Detecting CXX compile features
-- Detecting CXX compile features - done
-- Found ament_cmake: 2.5.6 (/opt/ros/jazzy/share/ament_cmake/cmake)
-- Found Python3: /usr/bin/python3 (found version "3.12.3") found components: Interpreter 
-- Override CMake install command with custom implementation using symlinks instead of copying resources
-- Found rosidl_default_generators: 1.6.1 (/opt/ros/jazzy/share/rosidl_default_generators/cmake)
-- Using all available rosidl_typesupport_c: rosidl_typesupport_fastrtps_c;rosidl_typesupport_introspection_c
-- Using all available rosidl_typesupport_cpp: rosidl_typesupport_fastrtps_cpp;rosidl_typesupport_introspection_cpp
-- Found rosidl_adapter: 4.6.9 (/opt/ros/jazzy/share/rosidl_adapter/cmake)
-- Found std_msgs: 5.3.8 (/opt/ros/jazzy/share/std_msgs/cmake)
-- Found ament_cmake_ros: 0.12.1 (/opt/ros/jazzy/share/ament_cmake_ros/cmake)
-- Using all available rosidl_typesupport_c: rosidl_typesupport_fastrtps_c;rosidl_typesupport_introspection_c
-- Using all available rosidl_typesupport_cpp: rosidl_typesupport_fastrtps_cpp;rosidl_typesupport_introspection_cpp
-- Found python_cmake_module: 0.11.1 (/opt/ros/jazzy/share/python_cmake_module/cmake)
-- Found PythonExtra: /usr/bin/python3  
-- Found Python3: /usr/bin/python3 (found version "3.12.3") found components: Interpreter Development NumPy Development.Module Development.Embed 
-- Found Python3: /usr/bin/python3 (found version "3.12.3") found components: Interpreter 
-- Configuring done (2.2s)
-- Generating done (0.0s)
-- Build files have been written to: /home/keisuke-kawanishi/robotics/public/mobile_robot_system/build/zed_interfaces
[  2%] Generating type hashes for ROS interfaces
[  5%] Generating Rust code for ROS interfaces
[  5%] Built target ament_cmake_python_symlink_zed_interfaces
[  5%] Built target zed_interfaces__rosidl_generator_type_description
[  8%] Generating C code for ROS interfaces
[ 11%] Generating C++ code for ROS interfaces
running egg_info
[ 11%] Built target zed_interfaces__rs
creating zed_interfaces.egg-info
writing zed_interfaces.egg-info/PKG-INFO
writing dependency_links to zed_interfaces.egg-info/dependency_links.txt
writing top-level names to zed_interfaces.egg-info/top_level.txt
writing manifest file 'zed_interfaces.egg-info/SOURCES.txt'
reading manifest file 'zed_interfaces.egg-info/SOURCES.txt'
writing manifest file 'zed_interfaces.egg-info/SOURCES.txt'
[ 11%] Built target ament_cmake_python_build_zed_interfaces_egg
[ 11%] Built target zed_interfaces__cpp
[ 20%] Building C object CMakeFiles/zed_interfaces__rosidl_generator_c.dir/rosidl_generator_c/zed_interfaces/msg/detail/zed_heading__description.c.o
[ 20%] Building C object CMakeFiles/zed_interfaces__rosidl_generator_c.dir/rosidl_generator_c/zed_interfaces/msg/detail/zed_heading__type_support.c.o
[ 20%] Building C object CMakeFiles/zed_interfaces__rosidl_generator_c.dir/rosidl_generator_c/zed_interfaces/msg/detail/zed_heading__functions.c.o
[ 22%] Linking C shared library libzed_interfaces__rosidl_generator_c.so
[ 22%] Built target zed_interfaces__rosidl_generator_c
[ 40%] Generating C type support for eProsima Fast-RTPS
[ 40%] Generating C introspection for ROS interfaces
[ 40%] Generating C++ introspection for ROS interfaces
[ 40%] Generating C++ type support for eProsima Fast-RTPS
[ 40%] Generating C type support dispatch for ROS interfaces
[ 40%] Generating C++ type support dispatch for ROS interfaces
[ 42%] Building CXX object CMakeFiles/zed_interfaces__rosidl_typesupport_c.dir/rosidl_typesupport_c/zed_interfaces/msg/zed_heading__type_support.cpp.o
[ 51%] Building C object CMakeFiles/zed_interfaces__rosidl_typesupport_introspection_c.dir/rosidl_typesupport_introspection_c/zed_interfaces/msg/detail/zed_heading__type_support.c.o
[ 51%] Building CXX object CMakeFiles/zed_interfaces__rosidl_typesupport_cpp.dir/rosidl_typesupport_cpp/zed_interfaces/msg/zed_heading__type_support.cpp.o
[ 51%] Building CXX object CMakeFiles/zed_interfaces__rosidl_typesupport_introspection_cpp.dir/rosidl_typesupport_introspection_cpp/zed_interfaces/msg/detail/zed_heading__type_support.cpp.o
[ 54%] Building CXX object CMakeFiles/zed_interfaces__rosidl_typesupport_fastrtps_c.dir/rosidl_typesupport_fastrtps_c/zed_interfaces/msg/detail/zed_heading__type_support_c.cpp.o
[ 60%] Building CXX object CMakeFiles/zed_interfaces__rosidl_typesupport_fastrtps_cpp.dir/rosidl_typesupport_fastrtps_cpp/zed_interfaces/msg/detail/dds_fastrtps/zed_heading__type_support.cpp.o
[ 60%] Linking CXX shared library libzed_interfaces__rosidl_typesupport_c.so
[ 62%] Linking C shared library libzed_interfaces__rosidl_typesupport_introspection_c.so
[ 62%] Built target zed_interfaces__rosidl_typesupport_introspection_c
[ 62%] Built target zed_interfaces__rosidl_typesupport_c
[ 65%] Linking CXX shared library libzed_interfaces__rosidl_typesupport_cpp.so
[ 68%] Linking CXX shared library libzed_interfaces__rosidl_typesupport_introspection_cpp.so
[ 68%] Built target zed_interfaces__rosidl_typesupport_cpp
[ 68%] Built target zed_interfaces__rosidl_typesupport_introspection_cpp
[ 71%] Linking CXX shared library libzed_interfaces__rosidl_typesupport_fastrtps_c.so
[ 74%] Linking CXX shared library libzed_interfaces__rosidl_typesupport_fastrtps_cpp.so
[ 74%] Built target zed_interfaces__rosidl_typesupport_fastrtps_c
[ 74%] Built target zed_interfaces__rosidl_typesupport_fastrtps_cpp
[ 74%] Built target zed_interfaces
[ 77%] Generating Python code for ROS interfaces
[ 77%] Built target zed_interfaces__py
[ 80%] Building C object CMakeFiles/zed_interfaces__rosidl_generator_py.dir/rosidl_generator_py/zed_interfaces/msg/_zed_heading_s.c.o
[ 82%] Linking C shared library libzed_interfaces__rosidl_generator_py.so
[ 82%] Built target zed_interfaces__rosidl_generator_py
[ 91%] Building C object CMakeFiles/zed_interfaces_s__rosidl_typesupport_introspection_c.dir/rosidl_generator_py/zed_interfaces/_zed_interfaces_s.ep.rosidl_typesupport_introspection_c.c.o
[ 91%] Building C object CMakeFiles/zed_interfaces_s__rosidl_typesupport_c.dir/rosidl_generator_py/zed_interfaces/_zed_interfaces_s.ep.rosidl_typesupport_c.c.o
[ 91%] Building C object CMakeFiles/zed_interfaces_s__rosidl_typesupport_fastrtps_c.dir/rosidl_generator_py/zed_interfaces/_zed_interfaces_s.ep.rosidl_typesupport_fastrtps_c.c.o
[ 94%] Linking C shared module rosidl_generator_py/zed_interfaces/zed_interfaces_s__rosidl_typesupport_c.so
[ 97%] Linking C shared module rosidl_generator_py/zed_interfaces/zed_interfaces_s__rosidl_typesupport_fastrtps_c.so
[100%] Linking C shared module rosidl_generator_py/zed_interfaces/zed_interfaces_s__rosidl_typesupport_introspection_c.so
[100%] Built target zed_interfaces_s__rosidl_typesupport_fastrtps_c
[100%] Built target zed_interfaces_s__rosidl_typesupport_c
[100%] Built target zed_interfaces_s__rosidl_typesupport_introspection_c
-- Install configuration: ""
-- Execute custom install script
-- Symlinking: /home/keisuke-kawanishi/robotics/public/mobile_robot_system/install/zed_interfaces/share/ament_index/resource_index/rosidl_interfaces/zed_interfaces
-- Symlinking: /home/keisuke-kawanishi/robotics/public/mobile_robot_system/install/zed_interfaces/share/zed_interfaces/msg/ZedHeading.json
-- Symlinking: /home/keisuke-kawanishi/robotics/public/mobile_robot_system/install/zed_interfaces/include/zed_interfaces/zed_interfaces/msg/detail/zed_heading__functions.h
-- Symlinking: /home/keisuke-kawanishi/robotics/public/mobile_robot_system/install/zed_interfaces/include/zed_interfaces/zed_interfaces/msg/detail/zed_heading__struct.h
-- Symlinking: /home/keisuke-kawanishi/robotics/public/mobile_robot_system/install/zed_interfaces/include/zed_interfaces/zed_interfaces/msg/detail/zed_heading__type_support.h
-- Symlinking: /home/keisuke-kawanishi/robotics/public/mobile_robot_system/install/zed_interfaces/include/zed_interfaces/zed_interfaces/msg/rosidl_generator_c__visibility_control.h
-- Symlinking: /home/keisuke-kawanishi/robotics/public/mobile_robot_system/install/zed_interfaces/include/zed_interfaces/zed_interfaces/msg/zed_heading.h
-- Symlinking: /home/keisuke-kawanishi/robotics/public/mobile_robot_system/install/zed_interfaces/share/zed_interfaces/environment/library_path.sh
-- Symlinking: /home/keisuke-kawanishi/robotics/public/mobile_robot_system/install/zed_interfaces/share/zed_interfaces/environment/library_path.dsv
-- Symlinking: /home/keisuke-kawanishi/robotics/public/mobile_robot_system/install/zed_interfaces/include/zed_interfaces/zed_interfaces/msg/detail/zed_heading__rosidl_typesupport_fastrtps_c.h
-- Symlinking: /home/keisuke-kawanishi/robotics/public/mobile_robot_system/install/zed_interfaces/include/zed_interfaces/zed_interfaces/msg/rosidl_typesupport_fastrtps_c__visibility_control.h
-- Symlinking: /home/keisuke-kawanishi/robotics/public/mobile_robot_system/install/zed_interfaces/include/zed_interfaces/zed_interfaces/msg/detail/zed_heading__rosidl_typesupport_introspection_c.h
-- Symlinking: /home/keisuke-kawanishi/robotics/public/mobile_robot_system/install/zed_interfaces/include/zed_interfaces/zed_interfaces/msg/rosidl_typesupport_introspection_c__visibility_control.h
-- Symlinking: /home/keisuke-kawanishi/robotics/public/mobile_robot_system/install/zed_interfaces/include/zed_interfaces/zed_interfaces/msg/detail/zed_heading__builder.hpp
-- Symlinking: /home/keisuke-kawanishi/robotics/public/mobile_robot_system/install/zed_interfaces/include/zed_interfaces/zed_interfaces/msg/detail/zed_heading__struct.hpp
-- Symlinking: /home/keisuke-kawanishi/robotics/public/mobile_robot_system/install/zed_interfaces/include/zed_interfaces/zed_interfaces/msg/detail/zed_heading__traits.hpp
-- Symlinking: /home/keisuke-kawanishi/robotics/public/mobile_robot_system/install/zed_interfaces/include/zed_interfaces/zed_interfaces/msg/detail/zed_heading__type_support.hpp
-- Symlinking: /home/keisuke-kawanishi/robotics/public/mobile_robot_system/install/zed_interfaces/include/zed_interfaces/zed_interfaces/msg/rosidl_generator_cpp__visibility_control.hpp
-- Symlinking: /home/keisuke-kawanishi/robotics/public/mobile_robot_system/install/zed_interfaces/include/zed_interfaces/zed_interfaces/msg/zed_heading.hpp
-- Symlinking: /home/keisuke-kawanishi/robotics/public/mobile_robot_system/install/zed_interfaces/include/zed_interfaces/zed_interfaces/msg/detail/zed_heading__rosidl_typesupport_fastrtps_cpp.hpp
-- Symlinking: /home/keisuke-kawanishi/robotics/public/mobile_robot_system/install/zed_interfaces/include/zed_interfaces/zed_interfaces/msg/rosidl_typesupport_fastrtps_cpp__visibility_control.h
-- Symlinking: /home/keisuke-kawanishi/robotics/public/mobile_robot_system/install/zed_interfaces/include/zed_interfaces/zed_interfaces/msg/detail/zed_heading__rosidl_typesupport_introspection_cpp.hpp
-- Symlinking: /home/keisuke-kawanishi/robotics/public/mobile_robot_system/install/zed_interfaces/share/zed_interfaces/environment/pythonpath.sh
-- Symlinking: /home/keisuke-kawanishi/robotics/public/mobile_robot_system/install/zed_interfaces/share/zed_interfaces/environment/pythonpath.dsv
-- Symlinking: /home/keisuke-kawanishi/robotics/public/mobile_robot_system/install/zed_interfaces/lib/python3.12/site-packages/zed_interfaces-0.0.0-py3.12.egg-info/PKG-INFO
-- Symlinking: /home/keisuke-kawanishi/robotics/public/mobile_robot_system/install/zed_interfaces/lib/python3.12/site-packages/zed_interfaces-0.0.0-py3.12.egg-info/SOURCES.txt
-- Symlinking: /home/keisuke-kawanishi/robotics/public/mobile_robot_system/install/zed_interfaces/lib/python3.12/site-packages/zed_interfaces-0.0.0-py3.12.egg-info/dependency_links.txt
-- Symlinking: /home/keisuke-kawanishi/robotics/public/mobile_robot_system/install/zed_interfaces/lib/python3.12/site-packages/zed_interfaces-0.0.0-py3.12.egg-info/top_level.txt
-- Symlinking: /home/keisuke-kawanishi/robotics/public/mobile_robot_system/install/zed_interfaces/lib/python3.12/site-packages/zed_interfaces/__init__.py
-- Symlinking: /home/keisuke-kawanishi/robotics/public/mobile_robot_system/install/zed_interfaces/lib/python3.12/site-packages/zed_interfaces/_zed_interfaces_s.ep.rosidl_typesupport_c.c
-- Symlinking: /home/keisuke-kawanishi/robotics/public/mobile_robot_system/install/zed_interfaces/lib/python3.12/site-packages/zed_interfaces/_zed_interfaces_s.ep.rosidl_typesupport_fastrtps_c.c
-- Symlinking: /home/keisuke-kawanishi/robotics/public/mobile_robot_system/install/zed_interfaces/lib/python3.12/site-packages/zed_interfaces/_zed_interfaces_s.ep.rosidl_typesupport_introspection_c.c
-- Symlinking: /home/keisuke-kawanishi/robotics/public/mobile_robot_system/install/zed_interfaces/lib/python3.12/site-packages/zed_interfaces/msg/__init__.py
-- Symlinking: /home/keisuke-kawanishi/robotics/public/mobile_robot_system/install/zed_interfaces/lib/python3.12/site-packages/zed_interfaces/msg/_zed_heading.py
-- Symlinking: /home/keisuke-kawanishi/robotics/public/mobile_robot_system/install/zed_interfaces/lib/python3.12/site-packages/zed_interfaces/msg/_zed_heading_s.c
-- Symlinking: /home/keisuke-kawanishi/robotics/public/mobile_robot_system/install/zed_interfaces/lib/python3.12/site-packages/zed_interfaces/zed_interfaces_s__rosidl_typesupport_c.so
-- Symlinking: /home/keisuke-kawanishi/robotics/public/mobile_robot_system/install/zed_interfaces/lib/python3.12/site-packages/zed_interfaces/zed_interfaces_s__rosidl_typesupport_fastrtps_c.so
-- Symlinking: /home/keisuke-kawanishi/robotics/public/mobile_robot_system/install/zed_interfaces/lib/python3.12/site-packages/zed_interfaces/zed_interfaces_s__rosidl_typesupport_introspection_c.so
-- Up-to-date symlink: /home/keisuke-kawanishi/robotics/public/mobile_robot_system/install/zed_interfaces/lib/python3.12/site-packages/zed_interfaces/zed_interfaces_s__rosidl_typesupport_fastrtps_c.so
-- Up-to-date symlink: /home/keisuke-kawanishi/robotics/public/mobile_robot_system/install/zed_interfaces/lib/python3.12/site-packages/zed_interfaces/zed_interfaces_s__rosidl_typesupport_introspection_c.so
-- Up-to-date symlink: /home/keisuke-kawanishi/robotics/public/mobile_robot_system/install/zed_interfaces/lib/python3.12/site-packages/zed_interfaces/zed_interfaces_s__rosidl_typesupport_c.so
-- Symlinking: /home/keisuke-kawanishi/robotics/public/mobile_robot_system/install/zed_interfaces/share/ament_index/resource_index/rust_packages/zed_interfaces
-- Symlinking: /home/keisuke-kawanishi/robotics/public/mobile_robot_system/install/zed_interfaces/share/zed_interfaces/rust/Cargo.toml
-- Symlinking: /home/keisuke-kawanishi/robotics/public/mobile_robot_system/install/zed_interfaces/share/zed_interfaces/rust/build.rs
-- Symlinking: /home/keisuke-kawanishi/robotics/public/mobile_robot_system/install/zed_interfaces/share/zed_interfaces/rust/src/lib.rs
-- Symlinking: /home/keisuke-kawanishi/robotics/public/mobile_robot_system/install/zed_interfaces/share/zed_interfaces/rust/src/msg.rs
-- Symlinking: /home/keisuke-kawanishi/robotics/public/mobile_robot_system/install/zed_interfaces/share/zed_interfaces/rust/src/msg/rmw.rs
-- Symlinking: /home/keisuke-kawanishi/robotics/public/mobile_robot_system/install/zed_interfaces/share/zed_interfaces/msg/ZedHeading.idl
-- Symlinking: /home/keisuke-kawanishi/robotics/public/mobile_robot_system/install/zed_interfaces/share/zed_interfaces/msg/ZedHeading.msg
-- Symlinking: /home/keisuke-kawanishi/robotics/public/mobile_robot_system/install/zed_interfaces/share/ament_index/resource_index/package_run_dependencies/zed_interfaces
-- Symlinking: /home/keisuke-kawanishi/robotics/public/mobile_robot_system/install/zed_interfaces/share/ament_index/resource_index/parent_prefix_path/zed_interfaces
-- Symlinking: /home/keisuke-kawanishi/robotics/public/mobile_robot_system/install/zed_interfaces/share/zed_interfaces/environment/ament_prefix_path.sh
-- Symlinking: /home/keisuke-kawanishi/robotics/public/mobile_robot_system/install/zed_interfaces/share/zed_interfaces/environment/ament_prefix_path.dsv
-- Symlinking: /home/keisuke-kawanishi/robotics/public/mobile_robot_system/install/zed_interfaces/share/zed_interfaces/environment/path.sh
-- Symlinking: /home/keisuke-kawanishi/robotics/public/mobile_robot_system/install/zed_interfaces/share/zed_interfaces/environment/path.dsv
-- Symlinking: /home/keisuke-kawanishi/robotics/public/mobile_robot_system/install/zed_interfaces/share/zed_interfaces/local_setup.bash
-- Symlinking: /home/keisuke-kawanishi/robotics/public/mobile_robot_system/install/zed_interfaces/share/zed_interfaces/local_setup.sh
-- Symlinking: /home/keisuke-kawanishi/robotics/public/mobile_robot_system/install/zed_interfaces/share/zed_interfaces/local_setup.zsh
-- Symlinking: /home/keisuke-kawanishi/robotics/public/mobile_robot_system/install/zed_interfaces/share/zed_interfaces/local_setup.dsv
-- Symlinking: /home/keisuke-kawanishi/robotics/public/mobile_robot_system/install/zed_interfaces/share/zed_interfaces/package.dsv
-- Symlinking: /home/keisuke-kawanishi/robotics/public/mobile_robot_system/install/zed_interfaces/share/ament_index/resource_index/packages/zed_interfaces
-- Symlinking: /home/keisuke-kawanishi/robotics/public/mobile_robot_system/install/zed_interfaces/share/zed_interfaces/cmake/rosidl_cmake-extras.cmake
-- Symlinking: /home/keisuke-kawanishi/robotics/public/mobile_robot_system/install/zed_interfaces/share/zed_interfaces/cmake/ament_cmake_export_dependencies-extras.cmake
-- Symlinking: /home/keisuke-kawanishi/robotics/public/mobile_robot_system/install/zed_interfaces/share/zed_interfaces/cmake/ament_cmake_export_include_directories-extras.cmake
-- Symlinking: /home/keisuke-kawanishi/robotics/public/mobile_robot_system/install/zed_interfaces/share/zed_interfaces/cmake/ament_cmake_export_libraries-extras.cmake
-- Symlinking: /home/keisuke-kawanishi/robotics/public/mobile_robot_system/install/zed_interfaces/share/zed_interfaces/cmake/ament_cmake_export_targets-extras.cmake
-- Symlinking: /home/keisuke-kawanishi/robotics/public/mobile_robot_system/install/zed_interfaces/share/zed_interfaces/cmake/rosidl_cmake_export_typesupport_targets-extras.cmake
-- Symlinking: /home/keisuke-kawanishi/robotics/public/mobile_robot_system/install/zed_interfaces/share/zed_interfaces/cmake/rosidl_cmake_export_typesupport_libraries-extras.cmake
-- Symlinking: /home/keisuke-kawanishi/robotics/public/mobile_robot_system/install/zed_interfaces/share/zed_interfaces/cmake/rosidl_cmake_aggregate_target-extras.cmake
-- Symlinking: /home/keisuke-kawanishi/robotics/public/mobile_robot_system/install/zed_interfaces/share/zed_interfaces/cmake/zed_interfacesConfig.cmake
-- Symlinking: /home/keisuke-kawanishi/robotics/public/mobile_robot_system/install/zed_interfaces/share/zed_interfaces/cmake/zed_interfacesConfig-version.cmake
-- Symlinking: /home/keisuke-kawanishi/robotics/public/mobile_robot_system/install/zed_interfaces/share/zed_interfaces/package.xml
-- Installing: /home/keisuke-kawanishi/robotics/public/mobile_robot_system/install/zed_interfaces/lib/libzed_interfaces__rosidl_generator_c.so
-- Set non-toolchain portion of runtime path of "/home/keisuke-kawanishi/robotics/public/mobile_robot_system/install/zed_interfaces/lib/libzed_interfaces__rosidl_generator_c.so" to ""
-- Installing: /home/keisuke-kawanishi/robotics/public/mobile_robot_system/install/zed_interfaces/lib/libzed_interfaces__rosidl_typesupport_fastrtps_c.so
-- Set non-toolchain portion of runtime path of "/home/keisuke-kawanishi/robotics/public/mobile_robot_system/install/zed_interfaces/lib/libzed_interfaces__rosidl_typesupport_fastrtps_c.so" to ""
-- Installing: /home/keisuke-kawanishi/robotics/public/mobile_robot_system/install/zed_interfaces/lib/libzed_interfaces__rosidl_typesupport_introspection_c.so
-- Set non-toolchain portion of runtime path of "/home/keisuke-kawanishi/robotics/public/mobile_robot_system/install/zed_interfaces/lib/libzed_interfaces__rosidl_typesupport_introspection_c.so" to ""
-- Installing: /home/keisuke-kawanishi/robotics/public/mobile_robot_system/install/zed_interfaces/lib/libzed_interfaces__rosidl_typesupport_c.so
-- Set non-toolchain portion of runtime path of "/home/keisuke-kawanishi/robotics/public/mobile_robot_system/install/zed_interfaces/lib/libzed_interfaces__rosidl_typesupport_c.so" to ""
-- Installing: /home/keisuke-kawanishi/robotics/public/mobile_robot_system/install/zed_interfaces/lib/libzed_interfaces__rosidl_typesupport_fastrtps_cpp.so
-- Set non-toolchain portion of runtime path of "/home/keisuke-kawanishi/robotics/public/mobile_robot_system/install/zed_interfaces/lib/libzed_interfaces__rosidl_typesupport_fastrtps_cpp.so" to ""
-- Installing: /home/keisuke-kawanishi/robotics/public/mobile_robot_system/install/zed_interfaces/lib/libzed_interfaces__rosidl_typesupport_introspection_cpp.so
-- Set non-toolchain portion of runtime path of "/home/keisuke-kawanishi/robotics/public/mobile_robot_system/install/zed_interfaces/lib/libzed_interfaces__rosidl_typesupport_introspection_cpp.so" to ""
-- Installing: /home/keisuke-kawanishi/robotics/public/mobile_robot_system/install/zed_interfaces/lib/libzed_interfaces__rosidl_typesupport_cpp.so
-- Set non-toolchain portion of runtime path of "/home/keisuke-kawanishi/robotics/public/mobile_robot_system/install/zed_interfaces/lib/libzed_interfaces__rosidl_typesupport_cpp.so" to ""
Listing '/home/keisuke-kawanishi/robotics/public/mobile_robot_system/install/zed_interfaces/lib/python3.12/site-packages/zed_interfaces'...
Compiling '/home/keisuke-kawanishi/robotics/public/mobile_robot_system/install/zed_interfaces/lib/python3.12/site-packages/zed_interfaces/__init__.py'...
Listing '/home/keisuke-kawanishi/robotics/public/mobile_robot_system/install/zed_interfaces/lib/python3.12/site-packages/zed_interfaces/msg'...
Compiling '/home/keisuke-kawanishi/robotics/public/mobile_robot_system/install/zed_interfaces/lib/python3.12/site-packages/zed_interfaces/msg/__init__.py'...
Compiling '/home/keisuke-kawanishi/robotics/public/mobile_robot_system/install/zed_interfaces/lib/python3.12/site-packages/zed_interfaces/msg/_zed_heading.py'...
-- Installing: /home/keisuke-kawanishi/robotics/public/mobile_robot_system/install/zed_interfaces/lib/libzed_interfaces__rosidl_generator_py.so
-- Set non-toolchain portion of runtime path of "/home/keisuke-kawanishi/robotics/public/mobile_robot_system/install/zed_interfaces/lib/libzed_interfaces__rosidl_generator_py.so" to ""
-- Installing: /home/keisuke-kawanishi/robotics/public/mobile_robot_system/install/zed_interfaces/share/zed_interfaces/cmake/export_zed_interfaces__rosidl_generator_cExport.cmake
-- Installing: /home/keisuke-kawanishi/robotics/public/mobile_robot_system/install/zed_interfaces/share/zed_interfaces/cmake/export_zed_interfaces__rosidl_generator_cExport-noconfig.cmake
-- Installing: /home/keisuke-kawanishi/robotics/public/mobile_robot_system/install/zed_interfaces/share/zed_interfaces/cmake/export_zed_interfaces__rosidl_typesupport_fastrtps_cExport.cmake
-- Installing: /home/keisuke-kawanishi/robotics/public/mobile_robot_system/install/zed_interfaces/share/zed_interfaces/cmake/export_zed_interfaces__rosidl_typesupport_fastrtps_cExport-noconfig.cmake
-- Installing: /home/keisuke-kawanishi/robotics/public/mobile_robot_system/install/zed_interfaces/share/zed_interfaces/cmake/zed_interfaces__rosidl_typesupport_introspection_cExport.cmake
-- Installing: /home/keisuke-kawanishi/robotics/public/mobile_robot_system/install/zed_interfaces/share/zed_interfaces/cmake/zed_interfaces__rosidl_typesupport_introspection_cExport-noconfig.cmake
-- Installing: /home/keisuke-kawanishi/robotics/public/mobile_robot_system/install/zed_interfaces/share/zed_interfaces/cmake/zed_interfaces__rosidl_typesupport_cExport.cmake
-- Installing: /home/keisuke-kawanishi/robotics/public/mobile_robot_system/install/zed_interfaces/share/zed_interfaces/cmake/zed_interfaces__rosidl_typesupport_cExport-noconfig.cmake
-- Installing: /home/keisuke-kawanishi/robotics/public/mobile_robot_system/install/zed_interfaces/share/zed_interfaces/cmake/export_zed_interfaces__rosidl_generator_cppExport.cmake
-- Installing: /home/keisuke-kawanishi/robotics/public/mobile_robot_system/install/zed_interfaces/share/zed_interfaces/cmake/export_zed_interfaces__rosidl_typesupport_fastrtps_cppExport.cmake
-- Installing: /home/keisuke-kawanishi/robotics/public/mobile_robot_system/install/zed_interfaces/share/zed_interfaces/cmake/export_zed_interfaces__rosidl_typesupport_fastrtps_cppExport-noconfig.cmake
-- Installing: /home/keisuke-kawanishi/robotics/public/mobile_robot_system/install/zed_interfaces/share/zed_interfaces/cmake/zed_interfaces__rosidl_typesupport_introspection_cppExport.cmake
-- Installing: /home/keisuke-kawanishi/robotics/public/mobile_robot_system/install/zed_interfaces/share/zed_interfaces/cmake/zed_interfaces__rosidl_typesupport_introspection_cppExport-noconfig.cmake
-- Installing: /home/keisuke-kawanishi/robotics/public/mobile_robot_system/install/zed_interfaces/share/zed_interfaces/cmake/zed_interfaces__rosidl_typesupport_cppExport.cmake
-- Installing: /home/keisuke-kawanishi/robotics/public/mobile_robot_system/install/zed_interfaces/share/zed_interfaces/cmake/zed_interfaces__rosidl_typesupport_cppExport-noconfig.cmake
-- Installing: /home/keisuke-kawanishi/robotics/public/mobile_robot_system/install/zed_interfaces/share/zed_interfaces/cmake/export_zed_interfaces__rosidl_generator_pyExport.cmake
-- Installing: /home/keisuke-kawanishi/robotics/public/mobile_robot_system/install/zed_interfaces/share/zed_interfaces/cmake/export_zed_interfaces__rosidl_generator_pyExport-noconfig.cmake
