[0.006s] Invoking command in '/home/keisuke-kawanishi/robotics/public/mobile_robot_system/build/zed_interfaces': CMAKE_PREFIX_PATH=${CMAKE_PREFIX_PATH}:/opt/ros/jazzy DEBUGINFOD_URLS=https://debuginfod.ubuntu.com /usr/bin/cmake /home/keisuke-kawanishi/robotics/public/mobile_robot_system/src/zed_interfaces -DAMENT_CMAKE_SYMLINK_INSTALL=1 -DCMAKE_INSTALL_PREFIX=/home/keisuke-kawanishi/robotics/public/mobile_robot_system/install/zed_interfaces
[0.049s] -- The C compiler identification is GNU 13.3.0
[0.100s] -- The CXX compiler identification is GNU 13.3.0
[0.112s] -- Detecting C compiler ABI info
[0.203s] -- Detecting C compiler ABI info - done
[0.211s] -- Check for working C compiler: /usr/bin/cc - skipped
[0.211s] -- Detecting C compile features
[0.212s] -- Detecting C compile features - done
[0.220s] -- Detecting CXX compiler ABI info
[0.290s] -- Detecting CXX compiler ABI info - done
[0.296s] -- Check for working CXX compiler: /usr/bin/c++ - skipped
[0.296s] -- Detecting CXX compile features
[0.296s] -- Detecting CXX compile features - done
[0.298s] -- Found ament_cmake: 2.5.6 (/opt/ros/jazzy/share/ament_cmake/cmake)
[0.396s] -- Found Python3: /usr/bin/python3 (found version "3.12.3") found components: Interpreter 
[0.449s] -- Override CMake install command with custom implementation using symlinks instead of copying resources
[0.464s] -- Found rosidl_default_generators: 1.6.1 (/opt/ros/jazzy/share/rosidl_default_generators/cmake)
[0.466s] -- Using all available rosidl_typesupport_c: rosidl_typesupport_fastrtps_c;rosidl_typesupport_introspection_c
[0.497s] -- Using all available rosidl_typesupport_cpp: rosidl_typesupport_fastrtps_cpp;rosidl_typesupport_introspection_cpp
[0.526s] -- Found rosidl_adapter: 4.6.9 (/opt/ros/jazzy/share/rosidl_adapter/cmake)
[0.528s] -- Found std_msgs: 5.3.8 (/opt/ros/jazzy/share/std_msgs/cmake)
[0.978s] -- Found ament_cmake_ros: 0.12.1 (/opt/ros/jazzy/share/ament_cmake_ros/cmake)
[1.309s] -- Using all available rosidl_typesupport_c: rosidl_typesupport_fastrtps_c;rosidl_typesupport_introspection_c
[1.752s] -- Using all available rosidl_typesupport_cpp: rosidl_typesupport_fastrtps_cpp;rosidl_typesupport_introspection_cpp
[1.753s] -- Found python_cmake_module: 0.11.1 (/opt/ros/jazzy/share/python_cmake_module/cmake)
[1.852s] -- Found PythonExtra: /usr/bin/python3  
[2.166s] -- Found Python3: /usr/bin/python3 (found version "3.12.3") found components: Interpreter Development NumPy Development.Module Development.Embed 
[2.236s] -- Found Python3: /usr/bin/python3 (found version "3.12.3") found components: Interpreter 
[2.244s] -- Configuring done (2.2s)
[2.271s] -- Generating done (0.0s)
[2.280s] -- Build files have been written to: /home/keisuke-kawanishi/robotics/public/mobile_robot_system/build/zed_interfaces
[2.285s] Invoked command in '/home/keisuke-kawanishi/robotics/public/mobile_robot_system/build/zed_interfaces' returned '0': CMAKE_PREFIX_PATH=${CMAKE_PREFIX_PATH}:/opt/ros/jazzy DEBUGINFOD_URLS=https://debuginfod.ubuntu.com /usr/bin/cmake /home/keisuke-kawanishi/robotics/public/mobile_robot_system/src/zed_interfaces -DAMENT_CMAKE_SYMLINK_INSTALL=1 -DCMAKE_INSTALL_PREFIX=/home/keisuke-kawanishi/robotics/public/mobile_robot_system/install/zed_interfaces
[2.286s] Invoking command in '/home/keisuke-kawanishi/robotics/public/mobile_robot_system/build/zed_interfaces': CMAKE_PREFIX_PATH=${CMAKE_PREFIX_PATH}:/opt/ros/jazzy DEBUGINFOD_URLS=https://debuginfod.ubuntu.com /usr/bin/cmake --build /home/keisuke-kawanishi/robotics/public/mobile_robot_system/build/zed_interfaces -- -j16 -l16
[2.322s] [  2%] Generating type hashes for ROS interfaces
[2.322s] [  5%] Generating Rust code for ROS interfaces
[2.329s] [  5%] Built target ament_cmake_python_symlink_zed_interfaces
[2.469s] [  5%] Built target zed_interfaces__rosidl_generator_type_description
[2.478s] [  8%] Generating C code for ROS interfaces
[2.485s] [ 11%] Generating C++ code for ROS interfaces
[2.487s] running egg_info
[2.487s] [ 11%] Built target zed_interfaces__rs
[2.487s] creating zed_interfaces.egg-info
[2.501s] writing zed_interfaces.egg-info/PKG-INFO
[2.502s] writing dependency_links to zed_interfaces.egg-info/dependency_links.txt
[2.502s] writing top-level names to zed_interfaces.egg-info/top_level.txt
[2.502s] writing manifest file 'zed_interfaces.egg-info/SOURCES.txt'
[2.543s] reading manifest file 'zed_interfaces.egg-info/SOURCES.txt'
[2.543s] writing manifest file 'zed_interfaces.egg-info/SOURCES.txt'
[2.567s] [ 11%] Built target ament_cmake_python_build_zed_interfaces_egg
[2.663s] [ 11%] Built target zed_interfaces__cpp
[2.669s] [ 20%] Building C object CMakeFiles/zed_interfaces__rosidl_generator_c.dir/rosidl_generator_c/zed_interfaces/msg/detail/zed_heading__description.c.o
[2.669s] [ 20%] Building C object CMakeFiles/zed_interfaces__rosidl_generator_c.dir/rosidl_generator_c/zed_interfaces/msg/detail/zed_heading__type_support.c.o
[2.669s] [ 20%] Building C object CMakeFiles/zed_interfaces__rosidl_generator_c.dir/rosidl_generator_c/zed_interfaces/msg/detail/zed_heading__functions.c.o
[2.703s] [ 22%] Linking C shared library libzed_interfaces__rosidl_generator_c.so
[2.729s] [ 22%] Built target zed_interfaces__rosidl_generator_c
[2.737s] [ 40%] Generating C type support for eProsima Fast-RTPS
[2.737s] [ 40%] Generating C introspection for ROS interfaces
[2.737s] [ 40%] Generating C++ introspection for ROS interfaces
[2.737s] [ 40%] Generating C++ type support for eProsima Fast-RTPS
[2.737s] [ 40%] Generating C type support dispatch for ROS interfaces
[2.737s] [ 40%] Generating C++ type support dispatch for ROS interfaces
[2.915s] [ 42%] Building CXX object CMakeFiles/zed_interfaces__rosidl_typesupport_c.dir/rosidl_typesupport_c/zed_interfaces/msg/zed_heading__type_support.cpp.o
[2.922s] [ 51%] Building C object CMakeFiles/zed_interfaces__rosidl_typesupport_introspection_c.dir/rosidl_typesupport_introspection_c/zed_interfaces/msg/detail/zed_heading__type_support.c.o
[2.922s] [ 51%] Building CXX object CMakeFiles/zed_interfaces__rosidl_typesupport_cpp.dir/rosidl_typesupport_cpp/zed_interfaces/msg/zed_heading__type_support.cpp.o
[2.922s] [ 51%] Building CXX object CMakeFiles/zed_interfaces__rosidl_typesupport_introspection_cpp.dir/rosidl_typesupport_introspection_cpp/zed_interfaces/msg/detail/zed_heading__type_support.cpp.o
[2.941s] [ 54%] Building CXX object CMakeFiles/zed_interfaces__rosidl_typesupport_fastrtps_c.dir/rosidl_typesupport_fastrtps_c/zed_interfaces/msg/detail/zed_heading__type_support_c.cpp.o
[2.947s] [ 60%] Building CXX object CMakeFiles/zed_interfaces__rosidl_typesupport_fastrtps_cpp.dir/rosidl_typesupport_fastrtps_cpp/zed_interfaces/msg/detail/dds_fastrtps/zed_heading__type_support.cpp.o
[2.947s] [ 60%] Linking CXX shared library libzed_interfaces__rosidl_typesupport_c.so
[2.951s] [ 62%] Linking C shared library libzed_interfaces__rosidl_typesupport_introspection_c.so
[2.972s] [ 62%] Built target zed_interfaces__rosidl_typesupport_introspection_c
[2.976s] [ 62%] Built target zed_interfaces__rosidl_typesupport_c
[3.156s] [ 65%] Linking CXX shared library libzed_interfaces__rosidl_typesupport_cpp.so
[3.159s] [ 68%] Linking CXX shared library libzed_interfaces__rosidl_typesupport_introspection_cpp.so
[3.189s] [ 68%] Built target zed_interfaces__rosidl_typesupport_cpp
[3.209s] [ 68%] Built target zed_interfaces__rosidl_typesupport_introspection_cpp
[3.289s] [ 71%] Linking CXX shared library libzed_interfaces__rosidl_typesupport_fastrtps_c.so
[3.305s] [ 74%] Linking CXX shared library libzed_interfaces__rosidl_typesupport_fastrtps_cpp.so
[3.324s] [ 74%] Built target zed_interfaces__rosidl_typesupport_fastrtps_c
[3.341s] [ 74%] Built target zed_interfaces__rosidl_typesupport_fastrtps_cpp
[3.357s] [ 74%] Built target zed_interfaces
[3.372s] [ 77%] Generating Python code for ROS interfaces
[3.572s] [ 77%] Built target zed_interfaces__py
[3.587s] [ 80%] Building C object CMakeFiles/zed_interfaces__rosidl_generator_py.dir/rosidl_generator_py/zed_interfaces/msg/_zed_heading_s.c.o
[3.669s] [ 82%] Linking C shared library libzed_interfaces__rosidl_generator_py.so
[3.701s] [ 82%] Built target zed_interfaces__rosidl_generator_py
[3.716s] [ 91%] Building C object CMakeFiles/zed_interfaces_s__rosidl_typesupport_introspection_c.dir/rosidl_generator_py/zed_interfaces/_zed_interfaces_s.ep.rosidl_typesupport_introspection_c.c.o
[3.717s] [ 91%] Building C object CMakeFiles/zed_interfaces_s__rosidl_typesupport_c.dir/rosidl_generator_py/zed_interfaces/_zed_interfaces_s.ep.rosidl_typesupport_c.c.o
[3.717s] [ 91%] Building C object CMakeFiles/zed_interfaces_s__rosidl_typesupport_fastrtps_c.dir/rosidl_generator_py/zed_interfaces/_zed_interfaces_s.ep.rosidl_typesupport_fastrtps_c.c.o
[3.785s] [ 94%] Linking C shared module rosidl_generator_py/zed_interfaces/zed_interfaces_s__rosidl_typesupport_c.so
[3.785s] [ 97%] Linking C shared module rosidl_generator_py/zed_interfaces/zed_interfaces_s__rosidl_typesupport_fastrtps_c.so
[3.786s] [100%] Linking C shared module rosidl_generator_py/zed_interfaces/zed_interfaces_s__rosidl_typesupport_introspection_c.so
[3.806s] [100%] Built target zed_interfaces_s__rosidl_typesupport_fastrtps_c
[3.806s] [100%] Built target zed_interfaces_s__rosidl_typesupport_c
[3.806s] [100%] Built target zed_interfaces_s__rosidl_typesupport_introspection_c
[3.814s] Invoked command in '/home/keisuke-kawanishi/robotics/public/mobile_robot_system/build/zed_interfaces' returned '0': CMAKE_PREFIX_PATH=${CMAKE_PREFIX_PATH}:/opt/ros/jazzy DEBUGINFOD_URLS=https://debuginfod.ubuntu.com /usr/bin/cmake --build /home/keisuke-kawanishi/robotics/public/mobile_robot_system/build/zed_interfaces -- -j16 -l16
[3.821s] Invoking command in '/home/keisuke-kawanishi/robotics/public/mobile_robot_system/build/zed_interfaces': CMAKE_PREFIX_PATH=${CMAKE_PREFIX_PATH}:/opt/ros/jazzy DEBUGINFOD_URLS=https://debuginfod.ubuntu.com /usr/bin/cmake --install /home/keisuke-kawanishi/robotics/public/mobile_robot_system/build/zed_interfaces
[3.826s] -- Install configuration: ""
[3.826s] -- Execute custom install script
[3.826s] -- Symlinking: /home/keisuke-kawanishi/robotics/public/mobile_robot_system/install/zed_interfaces/share/ament_index/resource_index/rosidl_interfaces/zed_interfaces
[3.834s] -- Symlinking: /home/keisuke-kawanishi/robotics/public/mobile_robot_system/install/zed_interfaces/share/zed_interfaces/msg/ZedHeading.json
[3.840s] -- Symlinking: /home/keisuke-kawanishi/robotics/public/mobile_robot_system/install/zed_interfaces/include/zed_interfaces/zed_interfaces/msg/detail/zed_heading__functions.h
[3.846s] -- Symlinking: /home/keisuke-kawanishi/robotics/public/mobile_robot_system/install/zed_interfaces/include/zed_interfaces/zed_interfaces/msg/detail/zed_heading__struct.h
[3.852s] -- Symlinking: /home/keisuke-kawanishi/robotics/public/mobile_robot_system/install/zed_interfaces/include/zed_interfaces/zed_interfaces/msg/detail/zed_heading__type_support.h
[3.857s] -- Symlinking: /home/keisuke-kawanishi/robotics/public/mobile_robot_system/install/zed_interfaces/include/zed_interfaces/zed_interfaces/msg/rosidl_generator_c__visibility_control.h
[3.864s] -- Symlinking: /home/keisuke-kawanishi/robotics/public/mobile_robot_system/install/zed_interfaces/include/zed_interfaces/zed_interfaces/msg/zed_heading.h
[3.870s] -- Symlinking: /home/keisuke-kawanishi/robotics/public/mobile_robot_system/install/zed_interfaces/share/zed_interfaces/environment/library_path.sh
[3.874s] -- Symlinking: /home/keisuke-kawanishi/robotics/public/mobile_robot_system/install/zed_interfaces/share/zed_interfaces/environment/library_path.dsv
[3.881s] -- Symlinking: /home/keisuke-kawanishi/robotics/public/mobile_robot_system/install/zed_interfaces/include/zed_interfaces/zed_interfaces/msg/detail/zed_heading__rosidl_typesupport_fastrtps_c.h
[3.887s] -- Symlinking: /home/keisuke-kawanishi/robotics/public/mobile_robot_system/install/zed_interfaces/include/zed_interfaces/zed_interfaces/msg/rosidl_typesupport_fastrtps_c__visibility_control.h
[3.892s] -- Symlinking: /home/keisuke-kawanishi/robotics/public/mobile_robot_system/install/zed_interfaces/include/zed_interfaces/zed_interfaces/msg/detail/zed_heading__rosidl_typesupport_introspection_c.h
[3.898s] -- Symlinking: /home/keisuke-kawanishi/robotics/public/mobile_robot_system/install/zed_interfaces/include/zed_interfaces/zed_interfaces/msg/rosidl_typesupport_introspection_c__visibility_control.h
[3.904s] -- Symlinking: /home/keisuke-kawanishi/robotics/public/mobile_robot_system/install/zed_interfaces/include/zed_interfaces/zed_interfaces/msg/detail/zed_heading__builder.hpp
[3.909s] -- Symlinking: /home/keisuke-kawanishi/robotics/public/mobile_robot_system/install/zed_interfaces/include/zed_interfaces/zed_interfaces/msg/detail/zed_heading__struct.hpp
[3.915s] -- Symlinking: /home/keisuke-kawanishi/robotics/public/mobile_robot_system/install/zed_interfaces/include/zed_interfaces/zed_interfaces/msg/detail/zed_heading__traits.hpp
[3.921s] -- Symlinking: /home/keisuke-kawanishi/robotics/public/mobile_robot_system/install/zed_interfaces/include/zed_interfaces/zed_interfaces/msg/detail/zed_heading__type_support.hpp
[3.925s] -- Symlinking: /home/keisuke-kawanishi/robotics/public/mobile_robot_system/install/zed_interfaces/include/zed_interfaces/zed_interfaces/msg/rosidl_generator_cpp__visibility_control.hpp
[3.932s] -- Symlinking: /home/keisuke-kawanishi/robotics/public/mobile_robot_system/install/zed_interfaces/include/zed_interfaces/zed_interfaces/msg/zed_heading.hpp
[3.938s] -- Symlinking: /home/keisuke-kawanishi/robotics/public/mobile_robot_system/install/zed_interfaces/include/zed_interfaces/zed_interfaces/msg/detail/zed_heading__rosidl_typesupport_fastrtps_cpp.hpp
[3.943s] -- Symlinking: /home/keisuke-kawanishi/robotics/public/mobile_robot_system/install/zed_interfaces/include/zed_interfaces/zed_interfaces/msg/rosidl_typesupport_fastrtps_cpp__visibility_control.h
[3.950s] -- Symlinking: /home/keisuke-kawanishi/robotics/public/mobile_robot_system/install/zed_interfaces/include/zed_interfaces/zed_interfaces/msg/detail/zed_heading__rosidl_typesupport_introspection_cpp.hpp
[3.955s] -- Symlinking: /home/keisuke-kawanishi/robotics/public/mobile_robot_system/install/zed_interfaces/share/zed_interfaces/environment/pythonpath.sh
[3.960s] -- Symlinking: /home/keisuke-kawanishi/robotics/public/mobile_robot_system/install/zed_interfaces/share/zed_interfaces/environment/pythonpath.dsv
[3.967s] -- Symlinking: /home/keisuke-kawanishi/robotics/public/mobile_robot_system/install/zed_interfaces/lib/python3.12/site-packages/zed_interfaces-0.0.0-py3.12.egg-info/PKG-INFO
[3.972s] -- Symlinking: /home/keisuke-kawanishi/robotics/public/mobile_robot_system/install/zed_interfaces/lib/python3.12/site-packages/zed_interfaces-0.0.0-py3.12.egg-info/SOURCES.txt
[3.977s] -- Symlinking: /home/keisuke-kawanishi/robotics/public/mobile_robot_system/install/zed_interfaces/lib/python3.12/site-packages/zed_interfaces-0.0.0-py3.12.egg-info/dependency_links.txt
[3.984s] -- Symlinking: /home/keisuke-kawanishi/robotics/public/mobile_robot_system/install/zed_interfaces/lib/python3.12/site-packages/zed_interfaces-0.0.0-py3.12.egg-info/top_level.txt
[3.990s] -- Symlinking: /home/keisuke-kawanishi/robotics/public/mobile_robot_system/install/zed_interfaces/lib/python3.12/site-packages/zed_interfaces/__init__.py
[3.995s] -- Symlinking: /home/keisuke-kawanishi/robotics/public/mobile_robot_system/install/zed_interfaces/lib/python3.12/site-packages/zed_interfaces/_zed_interfaces_s.ep.rosidl_typesupport_c.c
[4.002s] -- Symlinking: /home/keisuke-kawanishi/robotics/public/mobile_robot_system/install/zed_interfaces/lib/python3.12/site-packages/zed_interfaces/_zed_interfaces_s.ep.rosidl_typesupport_fastrtps_c.c
[4.006s] -- Symlinking: /home/keisuke-kawanishi/robotics/public/mobile_robot_system/install/zed_interfaces/lib/python3.12/site-packages/zed_interfaces/_zed_interfaces_s.ep.rosidl_typesupport_introspection_c.c
[4.011s] -- Symlinking: /home/keisuke-kawanishi/robotics/public/mobile_robot_system/install/zed_interfaces/lib/python3.12/site-packages/zed_interfaces/msg/__init__.py
[4.018s] -- Symlinking: /home/keisuke-kawanishi/robotics/public/mobile_robot_system/install/zed_interfaces/lib/python3.12/site-packages/zed_interfaces/msg/_zed_heading.py
[4.023s] -- Symlinking: /home/keisuke-kawanishi/robotics/public/mobile_robot_system/install/zed_interfaces/lib/python3.12/site-packages/zed_interfaces/msg/_zed_heading_s.c
[4.028s] -- Symlinking: /home/keisuke-kawanishi/robotics/public/mobile_robot_system/install/zed_interfaces/lib/python3.12/site-packages/zed_interfaces/zed_interfaces_s__rosidl_typesupport_c.so
[4.035s] -- Symlinking: /home/keisuke-kawanishi/robotics/public/mobile_robot_system/install/zed_interfaces/lib/python3.12/site-packages/zed_interfaces/zed_interfaces_s__rosidl_typesupport_fastrtps_c.so
[4.041s] -- Symlinking: /home/keisuke-kawanishi/robotics/public/mobile_robot_system/install/zed_interfaces/lib/python3.12/site-packages/zed_interfaces/zed_interfaces_s__rosidl_typesupport_introspection_c.so
[4.050s] -- Up-to-date symlink: /home/keisuke-kawanishi/robotics/public/mobile_robot_system/install/zed_interfaces/lib/python3.12/site-packages/zed_interfaces/zed_interfaces_s__rosidl_typesupport_fastrtps_c.so
[4.050s] -- Up-to-date symlink: /home/keisuke-kawanishi/robotics/public/mobile_robot_system/install/zed_interfaces/lib/python3.12/site-packages/zed_interfaces/zed_interfaces_s__rosidl_typesupport_introspection_c.so
[4.050s] -- Up-to-date symlink: /home/keisuke-kawanishi/robotics/public/mobile_robot_system/install/zed_interfaces/lib/python3.12/site-packages/zed_interfaces/zed_interfaces_s__rosidl_typesupport_c.so
[4.050s] -- Symlinking: /home/keisuke-kawanishi/robotics/public/mobile_robot_system/install/zed_interfaces/share/ament_index/resource_index/rust_packages/zed_interfaces
[4.057s] -- Symlinking: /home/keisuke-kawanishi/robotics/public/mobile_robot_system/install/zed_interfaces/share/zed_interfaces/rust/Cargo.toml
[4.063s] -- Symlinking: /home/keisuke-kawanishi/robotics/public/mobile_robot_system/install/zed_interfaces/share/zed_interfaces/rust/build.rs
[4.070s] -- Symlinking: /home/keisuke-kawanishi/robotics/public/mobile_robot_system/install/zed_interfaces/share/zed_interfaces/rust/src/lib.rs
[4.075s] -- Symlinking: /home/keisuke-kawanishi/robotics/public/mobile_robot_system/install/zed_interfaces/share/zed_interfaces/rust/src/msg.rs
[4.082s] -- Symlinking: /home/keisuke-kawanishi/robotics/public/mobile_robot_system/install/zed_interfaces/share/zed_interfaces/rust/src/msg/rmw.rs
[4.088s] -- Symlinking: /home/keisuke-kawanishi/robotics/public/mobile_robot_system/install/zed_interfaces/share/zed_interfaces/msg/ZedHeading.idl
[4.092s] -- Symlinking: /home/keisuke-kawanishi/robotics/public/mobile_robot_system/install/zed_interfaces/share/zed_interfaces/msg/ZedHeading.msg
[4.100s] -- Symlinking: /home/keisuke-kawanishi/robotics/public/mobile_robot_system/install/zed_interfaces/share/ament_index/resource_index/package_run_dependencies/zed_interfaces
[4.106s] -- Symlinking: /home/keisuke-kawanishi/robotics/public/mobile_robot_system/install/zed_interfaces/share/ament_index/resource_index/parent_prefix_path/zed_interfaces
[4.111s] -- Symlinking: /home/keisuke-kawanishi/robotics/public/mobile_robot_system/install/zed_interfaces/share/zed_interfaces/environment/ament_prefix_path.sh
[4.118s] -- Symlinking: /home/keisuke-kawanishi/robotics/public/mobile_robot_system/install/zed_interfaces/share/zed_interfaces/environment/ament_prefix_path.dsv
[4.123s] -- Symlinking: /home/keisuke-kawanishi/robotics/public/mobile_robot_system/install/zed_interfaces/share/zed_interfaces/environment/path.sh
[4.129s] -- Symlinking: /home/keisuke-kawanishi/robotics/public/mobile_robot_system/install/zed_interfaces/share/zed_interfaces/environment/path.dsv
[4.136s] -- Symlinking: /home/keisuke-kawanishi/robotics/public/mobile_robot_system/install/zed_interfaces/share/zed_interfaces/local_setup.bash
[4.141s] -- Symlinking: /home/keisuke-kawanishi/robotics/public/mobile_robot_system/install/zed_interfaces/share/zed_interfaces/local_setup.sh
[4.147s] -- Symlinking: /home/keisuke-kawanishi/robotics/public/mobile_robot_system/install/zed_interfaces/share/zed_interfaces/local_setup.zsh
[4.153s] -- Symlinking: /home/keisuke-kawanishi/robotics/public/mobile_robot_system/install/zed_interfaces/share/zed_interfaces/local_setup.dsv
[4.157s] -- Symlinking: /home/keisuke-kawanishi/robotics/public/mobile_robot_system/install/zed_interfaces/share/zed_interfaces/package.dsv
[4.163s] -- Symlinking: /home/keisuke-kawanishi/robotics/public/mobile_robot_system/install/zed_interfaces/share/ament_index/resource_index/packages/zed_interfaces
[4.169s] -- Symlinking: /home/keisuke-kawanishi/robotics/public/mobile_robot_system/install/zed_interfaces/share/zed_interfaces/cmake/rosidl_cmake-extras.cmake
[4.174s] -- Symlinking: /home/keisuke-kawanishi/robotics/public/mobile_robot_system/install/zed_interfaces/share/zed_interfaces/cmake/ament_cmake_export_dependencies-extras.cmake
[4.180s] -- Symlinking: /home/keisuke-kawanishi/robotics/public/mobile_robot_system/install/zed_interfaces/share/zed_interfaces/cmake/ament_cmake_export_include_directories-extras.cmake
[4.186s] -- Symlinking: /home/keisuke-kawanishi/robotics/public/mobile_robot_system/install/zed_interfaces/share/zed_interfaces/cmake/ament_cmake_export_libraries-extras.cmake
[4.191s] -- Symlinking: /home/keisuke-kawanishi/robotics/public/mobile_robot_system/install/zed_interfaces/share/zed_interfaces/cmake/ament_cmake_export_targets-extras.cmake
[4.197s] -- Symlinking: /home/keisuke-kawanishi/robotics/public/mobile_robot_system/install/zed_interfaces/share/zed_interfaces/cmake/rosidl_cmake_export_typesupport_targets-extras.cmake
[4.203s] -- Symlinking: /home/keisuke-kawanishi/robotics/public/mobile_robot_system/install/zed_interfaces/share/zed_interfaces/cmake/rosidl_cmake_export_typesupport_libraries-extras.cmake
[4.208s] -- Symlinking: /home/keisuke-kawanishi/robotics/public/mobile_robot_system/install/zed_interfaces/share/zed_interfaces/cmake/rosidl_cmake_aggregate_target-extras.cmake
[4.213s] -- Symlinking: /home/keisuke-kawanishi/robotics/public/mobile_robot_system/install/zed_interfaces/share/zed_interfaces/cmake/zed_interfacesConfig.cmake
[4.220s] -- Symlinking: /home/keisuke-kawanishi/robotics/public/mobile_robot_system/install/zed_interfaces/share/zed_interfaces/cmake/zed_interfacesConfig-version.cmake
[4.224s] -- Symlinking: /home/keisuke-kawanishi/robotics/public/mobile_robot_system/install/zed_interfaces/share/zed_interfaces/package.xml
[4.230s] -- Installing: /home/keisuke-kawanishi/robotics/public/mobile_robot_system/install/zed_interfaces/lib/libzed_interfaces__rosidl_generator_c.so
[4.231s] -- Set non-toolchain portion of runtime path of "/home/keisuke-kawanishi/robotics/public/mobile_robot_system/install/zed_interfaces/lib/libzed_interfaces__rosidl_generator_c.so" to ""
[4.231s] -- Installing: /home/keisuke-kawanishi/robotics/public/mobile_robot_system/install/zed_interfaces/lib/libzed_interfaces__rosidl_typesupport_fastrtps_c.so
[4.231s] -- Set non-toolchain portion of runtime path of "/home/keisuke-kawanishi/robotics/public/mobile_robot_system/install/zed_interfaces/lib/libzed_interfaces__rosidl_typesupport_fastrtps_c.so" to ""
[4.231s] -- Installing: /home/keisuke-kawanishi/robotics/public/mobile_robot_system/install/zed_interfaces/lib/libzed_interfaces__rosidl_typesupport_introspection_c.so
[4.231s] -- Set non-toolchain portion of runtime path of "/home/keisuke-kawanishi/robotics/public/mobile_robot_system/install/zed_interfaces/lib/libzed_interfaces__rosidl_typesupport_introspection_c.so" to ""
[4.231s] -- Installing: /home/keisuke-kawanishi/robotics/public/mobile_robot_system/install/zed_interfaces/lib/libzed_interfaces__rosidl_typesupport_c.so
[4.231s] -- Set non-toolchain portion of runtime path of "/home/keisuke-kawanishi/robotics/public/mobile_robot_system/install/zed_interfaces/lib/libzed_interfaces__rosidl_typesupport_c.so" to ""
[4.231s] -- Installing: /home/keisuke-kawanishi/robotics/public/mobile_robot_system/install/zed_interfaces/lib/libzed_interfaces__rosidl_typesupport_fastrtps_cpp.so
[4.232s] -- Set non-toolchain portion of runtime path of "/home/keisuke-kawanishi/robotics/public/mobile_robot_system/install/zed_interfaces/lib/libzed_interfaces__rosidl_typesupport_fastrtps_cpp.so" to ""
[4.232s] -- Installing: /home/keisuke-kawanishi/robotics/public/mobile_robot_system/install/zed_interfaces/lib/libzed_interfaces__rosidl_typesupport_introspection_cpp.so
[4.232s] -- Set non-toolchain portion of runtime path of "/home/keisuke-kawanishi/robotics/public/mobile_robot_system/install/zed_interfaces/lib/libzed_interfaces__rosidl_typesupport_introspection_cpp.so" to ""
[4.232s] -- Installing: /home/keisuke-kawanishi/robotics/public/mobile_robot_system/install/zed_interfaces/lib/libzed_interfaces__rosidl_typesupport_cpp.so
[4.232s] -- Set non-toolchain portion of runtime path of "/home/keisuke-kawanishi/robotics/public/mobile_robot_system/install/zed_interfaces/lib/libzed_interfaces__rosidl_typesupport_cpp.so" to ""
[4.258s] Listing '/home/keisuke-kawanishi/robotics/public/mobile_robot_system/install/zed_interfaces/lib/python3.12/site-packages/zed_interfaces'...
[4.258s] Compiling '/home/keisuke-kawanishi/robotics/public/mobile_robot_system/install/zed_interfaces/lib/python3.12/site-packages/zed_interfaces/__init__.py'...
[4.258s] Listing '/home/keisuke-kawanishi/robotics/public/mobile_robot_system/install/zed_interfaces/lib/python3.12/site-packages/zed_interfaces/msg'...
[4.258s] Compiling '/home/keisuke-kawanishi/robotics/public/mobile_robot_system/install/zed_interfaces/lib/python3.12/site-packages/zed_interfaces/msg/__init__.py'...
[4.258s] Compiling '/home/keisuke-kawanishi/robotics/public/mobile_robot_system/install/zed_interfaces/lib/python3.12/site-packages/zed_interfaces/msg/_zed_heading.py'...
[4.262s] -- Installing: /home/keisuke-kawanishi/robotics/public/mobile_robot_system/install/zed_interfaces/lib/libzed_interfaces__rosidl_generator_py.so
[4.262s] -- Set non-toolchain portion of runtime path of "/home/keisuke-kawanishi/robotics/public/mobile_robot_system/install/zed_interfaces/lib/libzed_interfaces__rosidl_generator_py.so" to ""
[4.262s] -- Installing: /home/keisuke-kawanishi/robotics/public/mobile_robot_system/install/zed_interfaces/share/zed_interfaces/cmake/export_zed_interfaces__rosidl_generator_cExport.cmake
[4.263s] -- Installing: /home/keisuke-kawanishi/robotics/public/mobile_robot_system/install/zed_interfaces/share/zed_interfaces/cmake/export_zed_interfaces__rosidl_generator_cExport-noconfig.cmake
[4.263s] -- Installing: /home/keisuke-kawanishi/robotics/public/mobile_robot_system/install/zed_interfaces/share/zed_interfaces/cmake/export_zed_interfaces__rosidl_typesupport_fastrtps_cExport.cmake
[4.263s] -- Installing: /home/keisuke-kawanishi/robotics/public/mobile_robot_system/install/zed_interfaces/share/zed_interfaces/cmake/export_zed_interfaces__rosidl_typesupport_fastrtps_cExport-noconfig.cmake
[4.263s] -- Installing: /home/keisuke-kawanishi/robotics/public/mobile_robot_system/install/zed_interfaces/share/zed_interfaces/cmake/zed_interfaces__rosidl_typesupport_introspection_cExport.cmake
[4.263s] -- Installing: /home/keisuke-kawanishi/robotics/public/mobile_robot_system/install/zed_interfaces/share/zed_interfaces/cmake/zed_interfaces__rosidl_typesupport_introspection_cExport-noconfig.cmake
[4.263s] -- Installing: /home/keisuke-kawanishi/robotics/public/mobile_robot_system/install/zed_interfaces/share/zed_interfaces/cmake/zed_interfaces__rosidl_typesupport_cExport.cmake
[4.263s] -- Installing: /home/keisuke-kawanishi/robotics/public/mobile_robot_system/install/zed_interfaces/share/zed_interfaces/cmake/zed_interfaces__rosidl_typesupport_cExport-noconfig.cmake
[4.263s] -- Installing: /home/keisuke-kawanishi/robotics/public/mobile_robot_system/install/zed_interfaces/share/zed_interfaces/cmake/export_zed_interfaces__rosidl_generator_cppExport.cmake
[4.263s] -- Installing: /home/keisuke-kawanishi/robotics/public/mobile_robot_system/install/zed_interfaces/share/zed_interfaces/cmake/export_zed_interfaces__rosidl_typesupport_fastrtps_cppExport.cmake
[4.263s] -- Installing: /home/keisuke-kawanishi/robotics/public/mobile_robot_system/install/zed_interfaces/share/zed_interfaces/cmake/export_zed_interfaces__rosidl_typesupport_fastrtps_cppExport-noconfig.cmake
[4.263s] -- Installing: /home/keisuke-kawanishi/robotics/public/mobile_robot_system/install/zed_interfaces/share/zed_interfaces/cmake/zed_interfaces__rosidl_typesupport_introspection_cppExport.cmake
[4.263s] -- Installing: /home/keisuke-kawanishi/robotics/public/mobile_robot_system/install/zed_interfaces/share/zed_interfaces/cmake/zed_interfaces__rosidl_typesupport_introspection_cppExport-noconfig.cmake
[4.263s] -- Installing: /home/keisuke-kawanishi/robotics/public/mobile_robot_system/install/zed_interfaces/share/zed_interfaces/cmake/zed_interfaces__rosidl_typesupport_cppExport.cmake
[4.263s] -- Installing: /home/keisuke-kawanishi/robotics/public/mobile_robot_system/install/zed_interfaces/share/zed_interfaces/cmake/zed_interfaces__rosidl_typesupport_cppExport-noconfig.cmake
[4.263s] -- Installing: /home/keisuke-kawanishi/robotics/public/mobile_robot_system/install/zed_interfaces/share/zed_interfaces/cmake/export_zed_interfaces__rosidl_generator_pyExport.cmake
[4.263s] -- Installing: /home/keisuke-kawanishi/robotics/public/mobile_robot_system/install/zed_interfaces/share/zed_interfaces/cmake/export_zed_interfaces__rosidl_generator_pyExport-noconfig.cmake
[4.265s] Invoked command in '/home/keisuke-kawanishi/robotics/public/mobile_robot_system/build/zed_interfaces' returned '0': CMAKE_PREFIX_PATH=${CMAKE_PREFIX_PATH}:/opt/ros/jazzy DEBUGINFOD_URLS=https://debuginfod.ubuntu.com /usr/bin/cmake --install /home/keisuke-kawanishi/robotics/public/mobile_robot_system/build/zed_interfaces
